Component: ARM Compiler 5.06 update 5 (build 528) Tool: armlink [4d35e2]

==============================================================================

Section Cross References

    startup_stm32f427xx.o(RESET) refers to startup_stm32f427xx.o(STACK) for __initial_sp
    startup_stm32f427xx.o(RESET) refers to startup_stm32f427xx.o(.text) for Reset_Handler
    startup_stm32f427xx.o(RESET) refers to stm32f4xx_it.o(i.NMI_Handler) for NMI_Handler
    startup_stm32f427xx.o(RESET) refers to stm32f4xx_it.o(i.HardFault_Handler) for HardFault_Handler
    startup_stm32f427xx.o(RESET) refers to stm32f4xx_it.o(i.MemManage_Handler) for MemManage_Handler
    startup_stm32f427xx.o(RESET) refers to stm32f4xx_it.o(i.BusFault_Handler) for BusFault_Handler
    startup_stm32f427xx.o(RESET) refers to stm32f4xx_it.o(i.UsageFault_Handler) for UsageFault_Handler
    startup_stm32f427xx.o(RESET) refers to port.o(.emb_text) for SVC_Handler
    startup_stm32f427xx.o(RESET) refers to stm32f4xx_it.o(i.DebugMon_Handler) for DebugMon_Handler
    startup_stm32f427xx.o(RESET) refers to stm32f4xx_it.o(i.SysTick_Handler) for SysTick_Handler
    startup_stm32f427xx.o(RESET) refers to stm32f4xx_it.o(i.CAN1_TX_IRQHandler) for CAN1_TX_IRQHandler
    startup_stm32f427xx.o(RESET) refers to stm32f4xx_it.o(i.CAN1_RX0_IRQHandler) for CAN1_RX0_IRQHandler
    startup_stm32f427xx.o(RESET) refers to stm32f4xx_it.o(i.TIM4_IRQHandler) for TIM4_IRQHandler
    startup_stm32f427xx.o(RESET) refers to stm32f4xx_it.o(i.USART1_IRQHandler) for USART1_IRQHandler
    startup_stm32f427xx.o(RESET) refers to stm32f4xx_it.o(i.DMA2_Stream2_IRQHandler) for DMA2_Stream2_IRQHandler
    startup_stm32f427xx.o(RESET) refers to stm32f4xx_it.o(i.CAN2_TX_IRQHandler) for CAN2_TX_IRQHandler
    startup_stm32f427xx.o(RESET) refers to stm32f4xx_it.o(i.CAN2_RX0_IRQHandler) for CAN2_RX0_IRQHandler
    startup_stm32f427xx.o(RESET) refers to stm32f4xx_it.o(i.OTG_FS_IRQHandler) for OTG_FS_IRQHandler
    startup_stm32f427xx.o(.text) refers to system_stm32f4xx.o(i.SystemInit) for SystemInit
    startup_stm32f427xx.o(.text) refers to entry.o(.ARM.Collect$$$$00000000) for __main
    main.o(i.SystemClock_Config) refers to memseta.o(.text) for __aeabi_memclr4
    main.o(i.SystemClock_Config) refers to stm32f4xx_hal_rcc.o(i.HAL_RCC_OscConfig) for HAL_RCC_OscConfig
    main.o(i.SystemClock_Config) refers to stm32f4xx_hal_rcc.o(i.HAL_RCC_ClockConfig) for HAL_RCC_ClockConfig
    main.o(i.main) refers to stm32f4xx_hal.o(i.HAL_Init) for HAL_Init
    main.o(i.main) refers to main.o(i.SystemClock_Config) for SystemClock_Config
    main.o(i.main) refers to gpio.o(i.MX_GPIO_Init) for MX_GPIO_Init
    main.o(i.main) refers to dma.o(i.MX_DMA_Init) for MX_DMA_Init
    main.o(i.main) refers to can.o(i.MX_CAN1_Init) for MX_CAN1_Init
    main.o(i.main) refers to spi.o(i.MX_SPI1_Init) for MX_SPI1_Init
    main.o(i.main) refers to usart.o(i.MX_USART1_UART_Init) for MX_USART1_UART_Init
    main.o(i.main) refers to usart.o(i.MX_USART6_UART_Init) for MX_USART6_UART_Init
    main.o(i.main) refers to spi.o(i.MX_SPI5_Init) for MX_SPI5_Init
    main.o(i.main) refers to tim.o(i.MX_TIM4_Init) for MX_TIM4_Init
    main.o(i.main) refers to can.o(i.MX_CAN2_Init) for MX_CAN2_Init
    main.o(i.main) refers to bsp_can.o(i.can_user_init) for can_user_init
    main.o(i.main) refers to dji_remote.o(i.HAL_UART_Receive_IT_IDLE) for HAL_UART_Receive_IT_IDLE
    main.o(i.main) refers to freertos.o(i.MX_FREERTOS_Init) for MX_FREERTOS_Init
    main.o(i.main) refers to cmsis_os.o(i.osKernelStart) for osKernelStart
    main.o(i.main) refers to can.o(.bss) for hcan1
    main.o(i.main) refers to dji_remote.o(.bss) for UART_Buffer
    main.o(i.main) refers to usart.o(.bss) for huart1
    gpio.o(i.MX_GPIO_Init) refers to memseta.o(.text) for __aeabi_memclr4
    gpio.o(i.MX_GPIO_Init) refers to stm32f4xx_hal_gpio.o(i.HAL_GPIO_WritePin) for HAL_GPIO_WritePin
    gpio.o(i.MX_GPIO_Init) refers to stm32f4xx_hal_gpio.o(i.HAL_GPIO_Init) for HAL_GPIO_Init
    gpio.o(i.led_off) refers to stm32f4xx_hal_gpio.o(i.HAL_GPIO_WritePin) for HAL_GPIO_WritePin
    can.o(i.HAL_CAN_MspDeInit) refers to stm32f4xx_hal_gpio.o(i.HAL_GPIO_DeInit) for HAL_GPIO_DeInit
    can.o(i.HAL_CAN_MspDeInit) refers to stm32f4xx_hal_cortex.o(i.HAL_NVIC_DisableIRQ) for HAL_NVIC_DisableIRQ
    can.o(i.HAL_CAN_MspDeInit) refers to can.o(.data) for .data
    can.o(i.HAL_CAN_MspInit) refers to memseta.o(.text) for __aeabi_memclr4
    can.o(i.HAL_CAN_MspInit) refers to stm32f4xx_hal_gpio.o(i.HAL_GPIO_Init) for HAL_GPIO_Init
    can.o(i.HAL_CAN_MspInit) refers to stm32f4xx_hal_cortex.o(i.HAL_NVIC_SetPriority) for HAL_NVIC_SetPriority
    can.o(i.HAL_CAN_MspInit) refers to stm32f4xx_hal_cortex.o(i.HAL_NVIC_EnableIRQ) for HAL_NVIC_EnableIRQ
    can.o(i.HAL_CAN_MspInit) refers to can.o(.data) for .data
    can.o(i.MX_CAN1_Init) refers to stm32f4xx_hal_can.o(i.HAL_CAN_Init) for HAL_CAN_Init
    can.o(i.MX_CAN1_Init) refers to main.o(i.Error_Handler) for Error_Handler
[...]
    UART_Receive_DMA_NoIT                    0x08004c17   Thumb Code   120  dji_remote.o(i.UART_Receive_DMA_NoIT)
    USART1_IRQHandler                        0x08004fa1   Thumb Code     6  stm32f4xx_it.o(i.USART1_IRQHandler)
    USBD_CDC_GetDeviceQualifierDescriptor    0x0800508d   Thumb Code     8  usbd_cdc.o(i.USBD_CDC_GetDeviceQualifierDescriptor)
    USBD_CDC_ReceivePacket                   0x08005151   Thumb Code    40  usbd_cdc.o(i.USBD_CDC_ReceivePacket)
    USBD_CDC_RegisterInterface               0x08005179   Thumb Code    16  usbd_cdc.o(i.USBD_CDC_RegisterInterface)
    USBD_CDC_SetRxBuffer                     0x08005189   Thumb Code    12  usbd_cdc.o(i.USBD_CDC_SetRxBuffer)
    USBD_CDC_SetTxBuffer                     0x08005195   Thumb Code    16  usbd_cdc.o(i.USBD_CDC_SetTxBuffer)
    USBD_CDC_TransmitPacket                  0x08005251   Thumb Code    54  usbd_cdc.o(i.USBD_CDC_TransmitPacket)
    USBD_ClrClassConfig                      0x08005287   Thumb Code    14  usbd_core.o(i.USBD_ClrClassConfig)
    USBD_CtlContinueRx                       0x08005295   Thumb Code    16  usbd_ioreq.o(i.USBD_CtlContinueRx)
    USBD_CtlContinueSendData                 0x080052a5   Thumb Code    16  usbd_ioreq.o(i.USBD_CtlContinueSendData)
    USBD_CtlError                            0x080052b5   Thumb Code    22  usbd_ctlreq.o(i.USBD_CtlError)
    USBD_CtlPrepareRx                        0x080052cb   Thumb Code    30  usbd_ioreq.o(i.USBD_CtlPrepareRx)
    USBD_CtlReceiveStatus                    0x080052e9   Thumb Code    22  usbd_ioreq.o(i.USBD_CtlReceiveStatus)
    USBD_CtlSendData                         0x080052ff   Thumb Code    26  usbd_ioreq.o(i.USBD_CtlSendData)
    USBD_CtlSendStatus                       0x08005319   Thumb Code    22  usbd_ioreq.o(i.USBD_CtlSendStatus)
    USBD_FS_ConfigStrDescriptor              0x08005331   Thumb Code    16  usbd_desc.o(i.USBD_FS_ConfigStrDescriptor)
    USBD_FS_DeviceDescriptor                 0x08005351   Thumb Code     8  usbd_desc.o(i.USBD_FS_DeviceDescriptor)
    USBD_FS_InterfaceStrDescriptor           0x0800535d   Thumb Code    16  usbd_desc.o(i.USBD_FS_InterfaceStrDescriptor)
    USBD_FS_LangIDStrDescriptor              0x08005381   Thumb Code     8  usbd_desc.o(i.USBD_FS_LangIDStrDescriptor)
    USBD_FS_ManufacturerStrDescriptor        0x0800538d   Thumb Code    16  usbd_desc.o(i.USBD_FS_ManufacturerStrDescriptor)
    USBD_FS_ProductStrDescriptor             0x080053b5   Thumb Code    16  usbd_desc.o(i.USBD_FS_ProductStrDescriptor)
    USBD_FS_SerialStrDescriptor              0x080053e1   Thumb Code    48  usbd_desc.o(i.USBD_FS_SerialStrDescriptor)
    USBD_GetString                           0x08005501   Thumb Code    72  usbd_ctlreq.o(i.USBD_GetString)
    USBD_Get_USB_Status                      0x08005549   Thumb Code    24  usbd_conf.o(i.USBD_Get_USB_Status)
    USBD_Init                                0x08005561   Thumb Code    42  usbd_core.o(i.USBD_Init)
    USBD_LL_ClearStallEP                     0x0800558b   Thumb Code    18  usbd_conf.o(i.USBD_LL_ClearStallEP)
    USBD_LL_CloseEP                          0x0800559d   Thumb Code    18  usbd_conf.o(i.USBD_LL_CloseEP)
    USBD_LL_DataInStage                      0x080055af   Thumb Code   198  usbd_core.o(i.USBD_LL_DataInStage)
    USBD_LL_DataOutStage                     0x08005675   Thumb Code   130  usbd_core.o(i.USBD_LL_DataOutStage)
    USBD_LL_DevConnected                     0x080056f7   Thumb Code     4  usbd_core.o(i.USBD_LL_DevConnected)
    USBD_LL_DevDisconnected                  0x080056fb   Thumb Code    22  usbd_core.o(i.USBD_LL_DevDisconnected)
    USBD_LL_GetRxDataSize                    0x08005711   Thumb Code     8  usbd_conf.o(i.USBD_LL_GetRxDataSize)
    USBD_LL_Init                             0x08005719   Thumb Code    90  usbd_conf.o(i.USBD_LL_Init)
    USBD_LL_IsStallEP                        0x08005779   Thumb Code    32  usbd_conf.o(i.USBD_LL_IsStallEP)
    USBD_LL_IsoINIncomplete                  0x08005799   Thumb Code     4  usbd_core.o(i.USBD_LL_IsoINIncomplete)
    USBD_LL_IsoOUTIncomplete                 0x0800579d   Thumb Code     4  usbd_core.o(i.USBD_LL_IsoOUTIncomplete)
    USBD_LL_OpenEP                           0x080057a1   Thumb Code    24  usbd_conf.o(i.USBD_LL_OpenEP)
    USBD_LL_PrepareReceive                   0x080057b9   Thumb Code    18  usbd_conf.o(i.USBD_LL_PrepareReceive)
    USBD_LL_Reset                            0x080057cb   Thumb Code    80  usbd_core.o(i.USBD_LL_Reset)
    USBD_LL_Resume                           0x0800581b   Thumb Code    12  usbd_core.o(i.USBD_LL_Resume)
    USBD_LL_SOF                              0x08005827   Thumb Code    24  usbd_core.o(i.USBD_LL_SOF)
    USBD_LL_SetSpeed                         0x0800583f   Thumb Code     6  usbd_core.o(i.USBD_LL_SetSpeed)
    USBD_LL_SetUSBAddress                    0x08005845   Thumb Code    18  usbd_conf.o(i.USBD_LL_SetUSBAddress)
    USBD_LL_SetupStage                       0x08005857   Thumb Code    90  usbd_core.o(i.USBD_LL_SetupStage)
    USBD_LL_StallEP                          0x080058b1   Thumb Code    18  usbd_conf.o(i.USBD_LL_StallEP)
    USBD_LL_Start                            0x080058c3   Thumb Code    18  usbd_conf.o(i.USBD_LL_Start)
    USBD_LL_Suspend                          0x080058d5   Thumb Code    18  usbd_core.o(i.USBD_LL_Suspend)
    USBD_LL_Transmit                         0x080058e7   Thumb Code    18  usbd_conf.o(i.USBD_LL_Transmit)
    USBD_ParseSetupRequest                   0x080058f9   Thumb Code    40  usbd_ctlreq.o(i.USBD_ParseSetupRequest)
    USBD_RegisterClass                       0x08005921   Thumb Code    16  usbd_core.o(i.USBD_RegisterClass)
    USBD_SetClassConfig                      0x08005931   Thumb Code    22  usbd_core.o(i.USBD_SetClassConfig)
    USBD_Start                               0x080059cd   Thumb Code    10  usbd_core.o(i.USBD_Start)
    USBD_StdDevReq                           0x080059d7   Thumb Code   274  usbd_ctlreq.o(i.USBD_StdDevReq)
    USBD_StdEPReq                            0x08005ae9   Thumb Code   336  usbd_ctlreq.o(i.USBD_StdEPReq)
    USBD_StdItfReq                           0x08005c39   Thumb Code    78  usbd_ctlreq.o(i.USBD_StdItfReq)
    USB_ActivateEndpoint                     0x08005c89   Thumb Code   122  stm32f4xx_ll_usb.o(i.USB_ActivateEndpoint)
    USB_ActivateSetup                        0x08005d09   Thumb Code    52  stm32f4xx_ll_usb.o(i.USB_ActivateSetup)
    USB_CoreInit                             0x08005d3d   Thumb Code   112  stm32f4xx_ll_usb.o(i.USB_CoreInit)
    USB_DeactivateEndpoint                   0x08005de9   Thumb Code   118  stm32f4xx_ll_usb.o(i.USB_DeactivateEndpoint)
    USB_DevConnect                           0x08005e69   Thumb Code    24  stm32f4xx_ll_usb.o(i.USB_DevConnect)
    USB_DevDisconnect                        0x08005e81   Thumb Code    24  stm32f4xx_ll_usb.o(i.USB_DevDisconnect)
    USB_DevInit                              0x08005e99   Thumb Code   378  stm32f4xx_ll_usb.o(i.USB_DevInit)
    USB_DisableGlobalInt                     0x08006025   Thumb Code    12  stm32f4xx_ll_usb.o(i.USB_DisableGlobalInt)
    USB_EP0StartXfer                         0x08006031   Thumb Code   276  stm32f4xx_ll_usb.o(i.USB_EP0StartXfer)
    USB_EP0_OutStart                         0x08006149   Thumb Code    84  stm32f4xx_ll_usb.o(i.USB_EP0_OutStart)
    USB_EPClearStall                         0x080061a1   Thumb Code    88  stm32f4xx_ll_usb.o(i.USB_EPClearStall)
    USB_EPSetStall                           0x080061f9   Thumb Code    88  stm32f4xx_ll_usb.o(i.USB_EPSetStall)
    USB_EPStartXfer                          0x08006251   Thumb Code   482  stm32f4xx_ll_usb.o(i.USB_EPStartXfer)
    USB_EnableGlobalInt                      0x08006439   Thumb Code    12  stm32f4xx_ll_usb.o(i.USB_EnableGlobalInt)
    USB_FlushRxFifo                          0x08006445   Thumb Code    28  stm32f4xx_ll_usb.o(i.USB_FlushRxFifo)
    USB_FlushTxFifo                          0x08006465   Thumb Code    32  stm32f4xx_ll_usb.o(i.USB_FlushTxFifo)
    USB_GetDevSpeed                          0x08006489   Thumb Code    26  stm32f4xx_ll_usb.o(i.USB_GetDevSpeed)
    USB_GetMode                              0x080064a3   Thumb Code     8  stm32f4xx_ll_usb.o(i.USB_GetMode)
    USB_ReadDevAllInEpInterrupt              0x080064ab   Thumb Code    14  stm32f4xx_ll_usb.o(i.USB_ReadDevAllInEpInterrupt)
    USB_ReadDevAllOutEpInterrupt             0x080064b9   Thumb Code    14  stm32f4xx_ll_usb.o(i.USB_ReadDevAllOutEpInterrupt)
    USB_ReadDevInEPInterrupt                 0x080064c7   Thumb Code    36  stm32f4xx_ll_usb.o(i.USB_ReadDevInEPInterrupt)
    USB_ReadDevOutEPInterrupt                0x080064eb   Thumb Code    16  stm32f4xx_ll_usb.o(i.USB_ReadDevOutEPInterrupt)
    USB_ReadInterrupts                       0x080064fb   Thumb Code     8  stm32f4xx_ll_usb.o(i.USB_ReadInterrupts)
    USB_ReadPacket                           0x08006503   Thumb Code    28  stm32f4xx_ll_usb.o(i.USB_ReadPacket)
    USB_SetCurrentMode                       0x0800651f   Thumb Code    46  stm32f4xx_ll_usb.o(i.USB_SetCurrentMode)
    USB_SetDevAddress                        0x0800654d   Thumb Code    34  stm32f4xx_ll_usb.o(i.USB_SetDevAddress)
    USB_SetTurnaroundTime                    0x08006571   Thumb Code   158  stm32f4xx_ll_usb.o(i.USB_SetTurnaroundTime)
    USB_WritePacket                          0x08006659   Thumb Code    36  stm32f4xx_ll_usb.o(i.USB_WritePacket)
    UsageFault_Handler                       0x0800667d   Thumb Code     2  stm32f4xx_it.o(i.UsageFault_Handler)
    __0printf                                0x08006681   Thumb Code    22  printfa.o(i.__0printf)
    __1printf                                0x08006681   Thumb Code     0  printfa.o(i.__0printf)
    __2printf                                0x08006681   Thumb Code     0  printfa.o(i.__0printf)
    __c89printf                              0x08006681   Thumb Code     0  printfa.o(i.__0printf)
    printf                                   0x08006681   Thumb Code     0  printfa.o(i.__0printf)
    __ARM_fpclassify                         0x080066a1   Thumb Code    48  fpclassify.o(i.__ARM_fpclassify)
    __hardfp_asin                            0x080066f1   Thumb Code   770  asin.o(i.__hardfp_asin)
    __hardfp_atan                            0x08006a51   Thumb Code   622  atan.o(i.__hardfp_atan)
    __hardfp_atan2                           0x08006d29   Thumb Code   432  atan2.o(i.__hardfp_atan2)
    __hardfp_fabs                            0x08006f19   Thumb Code    20  fabs.o(i.__hardfp_fabs)
    __hardfp_sqrt                            0x08006f2d   Thumb Code   122  sqrt_full.o(i.__hardfp_sqrt)
    __kernel_poly                            0x08006fa7   Thumb Code   248  poly.o(i.__kernel_poly)
    __mathlib_dbl_infnan                     0x0800709f   Thumb Code    20  dunder.o(i.__mathlib_dbl_infnan)
    __mathlib_dbl_infnan2                    0x080070b3   Thumb Code    20  dunder.o(i.__mathlib_dbl_infnan2)
    __mathlib_dbl_invalid                    0x080070c9   Thumb Code    24  dunder.o(i.__mathlib_dbl_invalid)
    __mathlib_dbl_underflow                  0x080070e9   Thumb Code    24  dunder.o(i.__mathlib_dbl_underflow)
    __scatterload_copy                       0x08007109   Thumb Code    14  handlers.o(i.__scatterload_copy)
    __scatterload_null                       0x08007117   Thumb Code     2  handlers.o(i.__scatterload_null)
    __scatterload_zeroinit                   0x08007119   Thumb Code    14  handlers.o(i.__scatterload_zeroinit)
    __set_errno                              0x08007129   Thumb Code     6  errno.o(i.__set_errno)
    atan                                     0x080079e7   Thumb Code    16  atan.o(i.atan)
    can_user_init                            0x080079f9   Thumb Code    76  bsp_can.o(i.can_user_init)
    chassis_behaviour_control_set            0x08007a4d   Thumb Code   224  chassis_behaviour.o(i.chassis_behaviour_control_set)
    chassis_behaviour_mode_set               0x08007b45   Thumb Code    84  chassis_behaviour.o(i.chassis_behaviour_mode_set)
    chassis_rc_to_control_vector             0x08007eb9   Thumb Code   220  chassis_task.o(i.chassis_rc_to_control_vector)
    configureTimerForRunTimeStats            0x0800811d   Thumb Code     8  test_task.o(i.configureTimerForRunTimeStats)
    fabs                                     0x08008129   Thumb Code    24  fabs.o(i.fabs)
    first_order_filter_cali                  0x08008141   Thumb Code    78  user_lib.o(i.first_order_filter_cali)
    first_order_filter_init                  0x0800818f   Thumb Code    18  user_lib.o(i.first_order_filter_init)
    fp32_constrain                           0x080081a1   Thumb Code    32  user_lib.o(i.fp32_constrain)
    fputc                                    0x080081c1   Thumb Code    20  usart.o(i.fputc)
    free                                     0x080081d9   Thumb Code    76  malloc.o(i.free)
    getRunTimeCounterValue                   0x08008229   Thumb Code     6  test_task.o(i.getRunTimeCounterValue)
    get_Chassis_Motor_Measure_Point          0x08008235   Thumb Code    16  bsp_can.o(i.get_Chassis_Motor_Measure_Point)
    get_INS_angle_point                      0x08008249   Thumb Code     4  bsp_imu.o(i.get_INS_angle_point)
    get_MPU6500_Gyro_Data_Point              0x08008251   Thumb Code     4  bsp_imu.o(i.get_MPU6500_Gyro_Data_Point)
    get_PAN_Trigger_Motor_Measure_Point      0x08008259   Thumb Code     4  bsp_can.o(i.get_PAN_Trigger_Motor_Measure_Point)
    get_Pitch_Gimbal_Motor_Measure_Point     0x08008261   Thumb Code     4  bsp_can.o(i.get_Pitch_Gimbal_Motor_Measure_Point)
    get_Shooting_Down_Motor_Measure_Point    0x08008269   Thumb Code     4  bsp_can.o(i.get_Shooting_Down_Motor_Measure_Point)
    get_Shooting_Up_Motor_Measure_Point      0x08008271   Thumb Code     4  bsp_can.o(i.get_Shooting_Up_Motor_Measure_Point)
    get_Trigger_Motor_Measure_Point          0x08008279   Thumb Code     4  bsp_can.o(i.get_Trigger_Motor_Measure_Point)
    get_Yaw_Gimbal_Motor_Measure_Point       0x08008281   Thumb Code     4  bsp_can.o(i.get_Yaw_Gimbal_Motor_Measure_Point)
    get_pitch_motor_point                    0x08008289   Thumb Code     4  gimbal_task1.o(i.get_pitch_motor_point)
    get_remote_control_point                 0x08008291   Thumb Code     4  dji_remote.o(i.get_remote_control_point)
    get_yaw_motor_point                      0x08008299   Thumb Code     4  gimbal_task1.o(i.get_yaw_motor_point)
    imu_ahrs_update                          0x080082fd   Thumb Code  1138  bsp_imu.o(i.imu_ahrs_update)
    imu_attitude_update                      0x08008771   Thumb Code   346  bsp_imu.o(i.imu_attitude_update)
    init_quaternion                          0x080088e5   Thumb Code   360  bsp_imu.o(i.init_quaternion)
    inv_sqrt                                 0x08008ab1   Thumb Code    40  bsp_imu.o(i.inv_sqrt)
    ist8310_get_data                         0x08008add   Thumb Code    10  bsp_imu.o(i.ist8310_get_data)
    ist8310_init                             0x08008ae7   Thumb Code   256  bsp_imu.o(i.ist8310_init)
    loop_fp32_constrain                      0x08008c61   Thumb Code    72  user_lib.o(i.loop_fp32_constrain)
    main                                     0x08008ca9   Thumb Code    76  main.o(i.main)
    malloc                                   0x08008d11   Thumb Code    92  malloc.o(i.malloc)
    mpu_device_init                          0x08008db1   Thumb Code   322  bsp_imu.o(i.mpu_device_init)
    mpu_get_data                             0x08008f15   Thumb Code   512  bsp_imu.o(i.mpu_get_data)
    mpu_offset_call                          0x080091e5   Thumb Code   160  bsp_imu.o(i.mpu_offset_call)
    mpu_read_byte                            0x08009289   Thumb Code    68  bsp_imu.o(i.mpu_read_byte)
    mpu_read_bytes                           0x080092d9   Thumb Code    80  bsp_imu.o(i.mpu_read_bytes)
    mpu_set_accel_fsr                        0x08009335   Thumb Code    10  bsp_imu.o(i.mpu_set_accel_fsr)
    mpu_set_gyro_fsr                         0x0800933f   Thumb Code    10  bsp_imu.o(i.mpu_set_gyro_fsr)
    mpu_write_byte                           0x08009349   Thumb Code    72  bsp_imu.o(i.mpu_write_byte)
    oled_LOGO                                0x0800939d   Thumb Code    94  oled.o(i.oled_LOGO)
    oled_clear                               0x08009401   Thumb Code    60  oled.o(i.oled_clear)
    oled_drawpoint                           0x08009441   Thumb Code    66  oled.o(i.oled_drawpoint)
    oled_init                                0x08009489   Thumb Code   286  oled.o(i.oled_init)
    oled_refresh_gram                        0x080095ad   Thumb Code    46  oled.o(i.oled_refresh_gram)
    oled_write_byte                          0x0800960d   Thumb Code    36  oled.o(i.oled_write_byte)
    osDelay                                  0x08009639   Thumb Code    14  cmsis_os.o(i.osDelay)
    osDelayUntil                             0x08009647   Thumb Code     4  cmsis_os.o(i.osDelayUntil)
    osKernelStart                            0x0800964b   Thumb Code    10  cmsis_os.o(i.osKernelStart)
    osThreadCreate                           0x08009655   Thumb Code    84  cmsis_os.o(i.osThreadCreate)
    pid_calc                                 0x080096a9   Thumb Code   174  pid.o(i.pid_calc)
    pid_clear                                0x0800975d   Thumb Code    38  pid.o(i.pid_clear)
    pid_init                                 0x08009789   Thumb Code    10  pid.o(i.pid_init)
    pvPortMalloc                             0x08009b1d   Thumb Code   210  heap_4.o(i.pvPortMalloc)
    pxPortInitialiseStack                    0x08009bf5   Thumb Code    40  port.o(i.pxPortInitialiseStack)
    send_data                                0x08009c21   Thumb Code    16  robomaster_vcan.o(i.send_data)
    set_motor_voltage_CAN1                   0x08009c35   Thumb Code    96  bsp_can.o(i.set_motor_voltage_CAN1)
    set_motor_voltage_CAN2                   0x08009c99   Thumb Code    96  bsp_can.o(i.set_motor_voltage_CAN2)
    shanwai_send_wave_form                   0x08009cfd   Thumb Code    64  robomaster_vcan.o(i.shanwai_send_wave_form)
    sqrt                                     0x08009d41   Thumb Code   110  sqrt_full.o(i.sqrt)
    uxListRemove                             0x08009daf   Thumb Code    38  list.o(i.uxListRemove)
    vApplicationGetIdleTaskMemory            0x08009dd5   Thumb Code    16  freertos.o(i.vApplicationGetIdleTaskMemory)
    vListInitialise                          0x08009de9   Thumb Code    22  list.o(i.vListInitialise)
    vListInitialiseItem                      0x08009dff   Thumb Code     6  list.o(i.vListInitialiseItem)
    vListInsert                              0x08009e05   Thumb Code    48  list.o(i.vListInsert)
    vListInsertEnd                           0x08009e35   Thumb Code    24  list.o(i.vListInsertEnd)
    vPortEnterCritical                       0x08009e4d   Thumb Code    54  port.o(i.vPortEnterCritical)
    vPortExitCritical                        0x08009e8d   Thumb Code    34  port.o(i.vPortExitCritical)
    vPortFree                                0x08009eb5   Thumb Code    88  heap_4.o(i.vPortFree)
    vPortSetupTimerInterrupt                 0x08009f11   Thumb Code    32  port.o(i.vPortSetupTimerInterrupt)
    vTaskDelay                               0x08009f35   Thumb Code    66  tasks.o(i.vTaskDelay)
    vTaskDelete                              0x08009f81   Thumb Code   158  tasks.o(i.vTaskDelete)
    vTaskResume                              0x0800a02d   Thumb Code   112  tasks.o(i.vTaskResume)
    vTaskStartScheduler                      0x0800a0a9   Thumb Code    94  tasks.o(i.vTaskStartScheduler)
    vTaskSuspend                             0x0800a119   Thumb Code   174  tasks.o(i.vTaskSuspend)
    vTaskSuspendAll                          0x0800a1d5   Thumb Code    10  tasks.o(i.vTaskSuspendAll)
    vTaskSwitchContext                       0x0800a1e5   Thumb Code   108  tasks.o(i.vTaskSwitchContext)
    xPortStartScheduler                      0x0800a259   Thumb Code   222  port.o(i.xPortStartScheduler)
    xPortSysTickHandler                      0x0800a34d   Thumb Code    38  port.o(i.xPortSysTickHandler)
    xTaskCreate                              0x0800a379   Thumb Code    90  tasks.o(i.xTaskCreate)
    xTaskCreateStatic                        0x0800a3d3   Thumb Code    86  tasks.o(i.xTaskCreateStatic)
    xTaskGetSchedulerState                   0x0800a429   Thumb Code    22  tasks.o(i.xTaskGetSchedulerState)
    xTaskGetTickCount                        0x0800a445   Thumb Code     6  tasks.o(i.xTaskGetTickCount)
    xTaskIncrementTick                       0x0800a451   Thumb Code   192  tasks.o(i.xTaskIncrementTick)
    xTaskResumeAll                           0x0800a519   Thumb Code   182  tasks.o(i.xTaskResumeAll)
    AHBPrescTable                            0x0800a6c4   Data          16  system_stm32f4xx.o(.constdata)
    APBPrescTable                            0x0800a6d4   Data           8  system_stm32f4xx.o(.constdata)
    asc2_1206                                0x0800a6ec   Data        1140  oled.o(.constdata)
    LOGO_BMP                                 0x0800ab60   Data        1024  oled.o(.constdata)
    sinTable_f32                             0x0800af74   Data        2052  arm_common_tables.o(.constdata)
    __mathlib_zero                           0x0800b860   Data           8  qnan.o(.constdata)
    Region$$Table$$Base                      0x0800b8e0   Number         0  anon$$obj.o(Region$$Table)
    Region$$Table$$Limit                     0x0800b900   Number         0  anon$$obj.o(Region$$Table)
    vStart_TaskHandle                        0x20000008   Data           4  freertos.o(.data)
    vInitial_TaskHandle                      0x2000000c   Data           4  freertos.o(.data)
    vChassis_TaskHandle                      0x20000010   Data           4  freertos.o(.data)
    vGimbal_TaskHandle                       0x20000014   Data           4  freertos.o(.data)
    vProtect_TaskHandle                      0x20000018   Data           4  freertos.o(.data)
    vTask_10msHandle                         0x2000001c   Data           4  freertos.o(.data)
    vOut_ControlHandle                       0x20000020   Data           4  freertos.o(.data)
    vRevolver_TaskHandle                     0x20000024   Data           4  freertos.o(.data)
    FS_Desc                                  0x20000028   Data          28  usbd_desc.o(.data)
    USBD_LangIDDesc                          0x20000044   Data           4  usbd_desc.o(.data)
    USBD_FS_DeviceDesc                       0x20000048   Data          18  usbd_desc.o(.data)
    USBD_StringSerial                        0x2000005c   Data          26  usbd_desc.o(.data)
    USBD_Interface_fops_FS                   0x20000078   Data          16  usbd_cdc_if.o(.data)
    uwTickFreq                               0x20000088   Data           1  stm32f4xx_hal.o(.data)
    uwTickPrio                               0x2000008c   Data           4  stm32f4xx_hal.o(.data)
    uwTick                                   0x20000090   Data           4  stm32f4xx_hal.o(.data)
    SystemCoreClock                          0x20000094   Data           4  system_stm32f4xx.o(.data)
    pxCurrentTCB                             0x20000098   Data           4  tasks.o(.data)
    ulHighFrequencyTimerTicks                0x2000010a   Data           1  test_task.o(.data)
    gimbal_mode                              0x20000114   Data           2  gimbal_task1.o(.data)
    Accel_Parameter                          0x20000130   Data          24  robomaster_filter.o(.data)
    Gyro_Parameter                           0x20000148   Data          24  robomaster_filter.o(.data)
    Bandstop_Filter_Parameter_30_94          0x20000160   Data          24  robomaster_filter.o(.data)
    Bandstop_Filter_Parameter_30_98          0x20000178   Data          24  robomaster_filter.o(.data)
    robot_status                             0x20000198   Data           4  robot_status.o(.data)
    can_cnt_1                                0x2000019c   Data           2  bsp_can.o(.data)
    can_cnt_2                                0x2000019e   Data           2  bsp_can.o(.data)
    motor_info                               0x200001a0   Data         180  bsp_can.o(.data)
    motor_info_2                             0x20000254   Data         180  bsp_can.o(.data)
    Latest_Remote_Control_Pack_Time          0x20000308   Data           4  dji_remote.o(.data)
    LED_Flash_Timer_remote_control           0x2000030c   Data           4  dji_remote.o(.data)
    dbus_time                                0x20000310   Data           4  dji_remote.o(.data)
    id                                       0x20000316   Data           1  bsp_imu.o(.data)
    q0                                       0x20000318   Data           4  bsp_imu.o(.data)
    q1                                       0x2000031c   Data           4  bsp_imu.o(.data)
    q2                                       0x20000320   Data           4  bsp_imu.o(.data)
    q3                                       0x20000324   Data           4  bsp_imu.o(.data)
    exInt                                    0x20000328   Data           4  bsp_imu.o(.data)
    eyInt                                    0x2000032c   Data           4  bsp_imu.o(.data)
    ezInt                                    0x20000330   Data           4  bsp_imu.o(.data)
    last_update                              0x20000358   Data           4  bsp_imu.o(.data)
    now_update                               0x2000035c   Data           4  bsp_imu.o(.data)
    ist_buff                                 0x20000360   Data           6  bsp_imu.o(.data)
    USBD_CDC_CfgHSDesc                       0x20000384   Data          67  usbd_cdc.o(.data)
    USBD_CDC_CfgFSDesc                       0x200003c8   Data          67  usbd_cdc.o(.data)
    USBD_CDC_OtherSpeedCfgDesc               0x2000040c   Data          67  usbd_cdc.o(.data)
    USBD_CDC                                 0x20000450   Data          56  usbd_cdc.o(.data)
    __stdout                                 0x20000488   Data           4  stdout.o(.data)
    __microlib_freelist                      0x2000048c   Data           4  mvars.o(.data)
    __microlib_freelist_initialised          0x20000490   Data           4  mvars.o(.data)
    hcan1                                    0x20000498   Data          40  can.o(.bss)
    hcan2                                    0x200004c0   Data          40  can.o(.bss)
    hspi1                                    0x20000748   Data          88  spi.o(.bss)
    hspi5                                    0x200007a0   Data          88  spi.o(.bss)
    htim4                                    0x200007f8   Data          64  tim.o(.bss)
    huart1                                   0x20000838   Data          64  usart.o(.bss)
    huart6                                   0x20000878   Data          64  usart.o(.bss)
    hdma_usart1_rx                           0x200008b8   Data          96  usart.o(.bss)
    hUsbDeviceFS                             0x20000918   Data         668  usb_device.o(.bss)
    hpcd_USB_OTG_FS                          0x20000bb4   Data        1032  usbd_conf.o(.bss)
    USBD_StrDesc                             0x20000fbc   Data         512  usbd_desc.o(.bss)
    Visual_Ture                              0x200011bc   Data         132  usbd_cdc_if.o(.bss)
    UserRxBufferFS                           0x20001240   Data        2048  usbd_cdc_if.o(.bss)
    UserTxBufferFS                           0x20001a40   Data        2048  usbd_cdc_if.o(.bss)
    shooting_control                         0x20005f30   Data         408  revolver_task.o(.bss)
    wave_form_data                           0x2000643c   Data          16  robomaster_vcan.o(.bss)
    Accel_BufferData                         0x2000644c   Data          72  robomaster_filter.o(.bss)
    Accel_BufferData_BPF                     0x20006494   Data          72  robomaster_filter.o(.bss)
    Gyro_BufferData_BPF                      0x200064dc   Data          72  robomaster_filter.o(.bss)
    Gyro_BufferData                          0x20006524   Data          72  robomaster_filter.o(.bss)
    UART_Buffer                              0x20006578   Data         100  dji_remote.o(.bss)
    remote_control                           0x200065dc   Data          20  dji_remote.o(.bss)
    imu                                      0x200069f0   Data         124  bsp_imu.o(.bss)
    mpu_buff                                 0x20006a90   Data          14  bsp_imu.o(.bss)
    mpu_data                                 0x20006a9e   Data          32  bsp_imu.o(.bss)
    gyro_status                              0x20006ac0   Data          12  bsp_imu.o(.bss)
    __heap_base                              0x20006ad0   Data           0  startup_stm32f427xx.o(HEAP)
    __heap_limit                             0x20008ad0   Data           0  startup_stm32f427xx.o(HEAP)
    __initial_sp                             0x2000cad0   Data           0  startup_stm32f427xx.o(STACK)



==============================================================================

Memory Map of the image

  Image Entry point : 0x080001ad

  Load Region LR_IROM1 (Base: 0x08000000, Size: 0x0000bd98, Max: 0x00200000, ABSOLUTE, COMPRESSED[0x0000ba34])

    Execution Region ER_IROM1 (Exec base: 0x08000000, Load base: 0x08000000, Size: 0x0000b900, Max: 0x00200000, ABSOLUTE)

    Exec Addr    Load Addr    Size         Type   Attr      Idx    E Section Name        Object

    0x08000000   0x08000000   0x000001ac   Data   RO            3    RESET               startup_stm32f427xx.o
    0x080001ac   0x080001ac   0x00000000   Code   RO         8128  * .ARM.Collect$$$$00000000  mc_w.l(entry.o)
    0x080001ac   0x080001ac   0x00000004   Code   RO         8514    .ARM.Collect$$$$00000001  mc_w.l(entry2.o)
    0x080001b0   0x080001b0   0x00000004   Code   RO         8517    .ARM.Collect$$$$00000004  mc_w.l(entry5.o)
    0x080001b4   0x080001b4   0x00000000   Code   RO         8519    .ARM.Collect$$$$00000008  mc_w.l(entry7b.o)
    0x080001b4   0x080001b4   0x00000000   Code   RO         8521    .ARM.Collect$$$$0000000A  mc_w.l(entry8b.o)
    0x080001b4   0x080001b4   0x00000008   Code   RO         8522    .ARM.Collect$$$$0000000B  mc_w.l(entry9a.o)
    0x080001bc   0x080001bc   0x00000000   Code   RO         8524    .ARM.Collect$$$$0000000D  mc_w.l(entry10a.o)
    0x080001bc   0x080001bc   0x00000000   Code   RO         8526    .ARM.Collect$$$$0000000F  mc_w.l(entry11a.o)
    0x080001bc   0x080001bc   0x00000004   Code   RO         8515    .ARM.Collect$$$$00002712  mc_w.l(entry2.o)
    0x080001c0   0x080001c0   0x000000be   Code   RO         6196    .emb_text           port.o
    0x0800027e   0x0800027e   0x00000002   PAD
    0x08000280   0x08000280   0x00000024   Code   RO            4    .text               startup_stm32f427xx.o
    0x080002a4   0x080002a4   0x00000078   Code   RO         7869    .text               arm_cortexM4lf_math.lib(arm_cos_f32.o)
    0x0800031c   0x0800031c   0x00000094   Code   RO         7919    .text               arm_cortexM4lf_math.lib(arm_sin_f32.o)
    0x080003b0   0x080003b0   0x00000062   Code   RO         8131    .text               mc_w.l(uldiv.o)
    0x08000412   0x08000412   0x00000024   Code   RO         8133    .text               mc_w.l(memcpya.o)
    0x08000436   0x08000436   0x00000024   Code   RO         8137    .text               mc_w.l(memseta.o)
    0x0800045a   0x0800045a   0x0000014e   Code   RO         8434    .text               mf_w.l(dadd.o)
    0x080005a8   0x080005a8   0x000000e4   Code   RO         8436    .text               mf_w.l(dmul.o)
    0x0800068c   0x0800068c   0x000000de   Code   RO         8438    .text               mf_w.l(ddiv.o)
    0x0800076a   0x0800076a   0x00000022   Code   RO         8440    .text               mf_w.l(dflti.o)
    0x0800078c   0x0800078c   0x00000026   Code   RO         8442    .text               mf_w.l(f2d.o)
    0x080007b2   0x080007b2   0x00000002   PAD
    0x080007b4   0x080007b4   0x00000030   Code   RO         8444    .text               mf_w.l(cdrcmple.o)
    0x080007e4   0x080007e4   0x00000038   Code   RO         8446    .text               mf_w.l(d2f.o)
    0x0800081c   0x0800081c   0x0000002c   Code   RO         8529    .text               mc_w.l(uidiv.o)
    0x08000848   0x08000848   0x0000001e   Code   RO         8531    .text               mc_w.l(llshl.o)
    0x08000866   0x08000866   0x00000020   Code   RO         8533    .text               mc_w.l(llushr.o)
    0x08000886   0x08000886   0x00000024   Code   RO         8535    .text               mc_w.l(llsshr.o)
    0x080008aa   0x080008aa   0x00000000   Code   RO         8546    .text               mc_w.l(iusefp.o)
    0x080008aa   0x080008aa   0x0000006e   Code   RO         8547    .text               mf_w.l(fepilogue.o)
    0x08000918   0x08000918   0x000000ba   Code   RO         8549    .text               mf_w.l(depilogue.o)
    0x080009d2   0x080009d2   0x000000a2   Code   RO         8553    .text               mf_w.l(dsqrt.o)
    0x08000a74   0x08000a74   0x00000030   Code   RO         8557    .text               mf_w.l(dfixul.o)
    0x08000aa4   0x08000aa4   0x00000024   Code   RO         8561    .text               mc_w.l(init.o)
    0x08000ac8   0x08000ac8   0x00000056   Code   RO         8573    .text               mc_w.l(__dczerorl2.o)
    0x08000b1e   0x08000b1e   0x00000002   Code   RO         1144    i.BusFault_Handler  stm32f4xx_it.o
    0x08000b20   0x08000b20   0x00000056   Code   RO         6866    i.Butterworth_Filter  robomaster_filter.o
    0x08000b76   0x08000b76   0x00000002   PAD
    0x08000b78   0x08000b78   0x0000000c   Code   RO         1145    i.CAN1_RX0_IRQHandler  stm32f4xx_it.o
    0x08000b84   0x08000b84   0x0000000c   Code   RO         1146    i.CAN1_TX_IRQHandler  stm32f4xx_it.o
    0x08000b90   0x08000b90   0x0000000c   Code   RO         1147    i.CAN2_RX0_IRQHandler  stm32f4xx_it.o
    0x08000b9c   0x08000b9c   0x0000000c   Code   RO         1148    i.CAN2_TX_IRQHandler  stm32f4xx_it.o
    0x08000ba8   0x08000ba8   0x00000004   Code   RO         1092    i.CDC_Control_FS    usbd_cdc_if.o
    0x08000bac   0x08000bac   0x00000004   Code   RO         1093    i.CDC_DeInit_FS     usbd_cdc_if.o
    0x08000bb0   0x08000bb0   0x00000024   Code   RO         1094    i.CDC_Init_FS       usbd_cdc_if.o
    0x08000bd4   0x08000bd4   0x00000048   Code   RO         1095    i.CDC_Receive_FS    usbd_cdc_if.o
    0x08000c1c   0x08000c1c   0x0000002c   Code   RO         1096    i.CDC_Transmit_FS   usbd_cdc_if.o
    0x08000c48   0x08000c48   0x00000094   Code   RO         7130    i.Callback_RC_Handle  dji_remote.o
    0x08000cdc   0x08000cdc   0x0000010c   Code   RO         6612    i.Chassis_Init      chassis_task.o
    0x08000de8   0x08000de8   0x00000094   Code   RO         6613    i.Chassis_Task      chassis_task.o
    0x08000e7c   0x08000e7c   0x0000000c   Code   RO         1149    i.DMA2_Stream2_IRQHandler  stm32f4xx_it.o
    0x08000e88   0x08000e88   0x00000028   Code   RO         4163    i.DMA_CalcBaseAndBitshift  stm32f4xx_hal_dma.o
    0x08000eb0   0x08000eb0   0x00000054   Code   RO         4164    i.DMA_CheckFifoParam  stm32f4xx_hal_dma.o
    0x08000f04   0x08000f04   0x00000028   Code   RO         4165    i.DMA_SetConfig     stm32f4xx_hal_dma.o
    0x08000f2c   0x08000f2c   0x00000002   Code   RO         1150    i.DebugMon_Handler  stm32f4xx_it.o
    0x08000f2e   0x08000f2e   0x00000002   Code   RO           13    i.Error_Handler     main.o
    0x08000f30   0x08000f30   0x00000080   Code   RO         6489    i.GIMBAL_Feedback_Update  gimbal_task1.o
    0x08000fb0   0x08000fb0   0x000001e0   Code   RO         6490    i.GIMBAL_Init       gimbal_task1.o
    0x08001190   0x08001190   0x00000094   Code   RO         6491    i.GIMBAL_PITCH_MOTOR_CONTROL  gimbal_task1.o
    0x08001224   0x08001224   0x000000a8   Code   RO         6492    i.GIMBAL_RC_Set_Control  gimbal_task1.o
    0x080012cc   0x080012cc   0x000000a0   Code   RO         6493    i.GIMBAL_YAW_MOTOR_CONTROL  gimbal_task1.o
    0x0800136c   0x0800136c   0x00000098   Code   RO         6495    i.Gimbal_Task       gimbal_task1.o
    0x08001404   0x08001404   0x00000024   Code   RO         1843    i.HAL_CAN_ActivateNotification  stm32f4xx_hal_can.o
    0x08001428   0x08001428   0x000000c8   Code   RO         1844    i.HAL_CAN_AddTxMessage  stm32f4xx_hal_can.o
    0x080014f0   0x080014f0   0x0000010c   Code   RO         1845    i.HAL_CAN_ConfigFilter  stm32f4xx_hal_can.o
    0x080015fc   0x080015fc   0x00000002   Code   RO         1848    i.HAL_CAN_ErrorCallback  stm32f4xx_hal_can.o
    0x080015fe   0x080015fe   0x000000e8   Code   RO         1851    i.HAL_CAN_GetRxMessage  stm32f4xx_hal_can.o
    0x080016e6   0x080016e6   0x000001fc   Code   RO         1855    i.HAL_CAN_IRQHandler  stm32f4xx_hal_can.o
    0x080018e2   0x080018e2   0x0000011a   Code   RO         1856    i.HAL_CAN_Init      stm32f4xx_hal_can.o
    0x080019fc   0x080019fc   0x0000011c   Code   RO          286    i.HAL_CAN_MspInit   can.o
    0x08001b18   0x08001b18   0x00000002   Code   RO         1863    i.HAL_CAN_RxFifo0FullCallback  stm32f4xx_hal_can.o
    0x08001b1a   0x08001b1a   0x00000002   PAD
    0x08001b1c   0x08001b1c   0x000000dc   Code   RO         6992    i.HAL_CAN_RxFifo0MsgPendingCallback  bsp_can.o
    0x08001bf8   0x08001bf8   0x00000002   Code   RO         1865    i.HAL_CAN_RxFifo1FullCallback  stm32f4xx_hal_can.o
    0x08001bfa   0x08001bfa   0x00000002   Code   RO         1866    i.HAL_CAN_RxFifo1MsgPendingCallback  stm32f4xx_hal_can.o
    0x08001bfc   0x08001bfc   0x00000002   Code   RO         1867    i.HAL_CAN_SleepCallback  stm32f4xx_hal_can.o
    0x08001bfe   0x08001bfe   0x00000002   PAD
    0x08001c00   0x08001c00   0x00000058   Code   RO         1868    i.HAL_CAN_Start     stm32f4xx_hal_can.o
    0x08001c58   0x08001c58   0x00000002   Code   RO         1870    i.HAL_CAN_TxMailbox0AbortCallback  stm32f4xx_hal_can.o
    0x08001c5a   0x08001c5a   0x00000002   Code   RO         1871    i.HAL_CAN_TxMailbox0CompleteCallback  stm32f4xx_hal_can.o
    0x08001c5c   0x08001c5c   0x00000002   Code   RO         1872    i.HAL_CAN_TxMailbox1AbortCallback  stm32f4xx_hal_can.o
    0x08001c5e   0x08001c5e   0x00000002   Code   RO         1873    i.HAL_CAN_TxMailbox1CompleteCallback  stm32f4xx_hal_can.o
    0x08001c60   0x08001c60   0x00000002   Code   RO         1874    i.HAL_CAN_TxMailbox2AbortCallback  stm32f4xx_hal_can.o
    0x08001c62   0x08001c62   0x00000002   Code   RO         1875    i.HAL_CAN_TxMailbox2CompleteCallback  stm32f4xx_hal_can.o
    0x08001c64   0x08001c64   0x00000002   Code   RO         1877    i.HAL_CAN_WakeUpFromRxMsgCallback  stm32f4xx_hal_can.o
    0x08001c66   0x08001c66   0x00000002   PAD
    0x08001c68   0x08001c68   0x000001a0   Code   RO         4171    i.HAL_DMA_IRQHandler  stm32f4xx_hal_dma.o
    0x08001e08   0x08001e08   0x000000d4   Code   RO         4172    i.HAL_DMA_Init      stm32f4xx_hal_dma.o
    0x08001edc   0x08001edc   0x00000046   Code   RO         4175    i.HAL_DMA_Start     stm32f4xx_hal_dma.o
    0x08001f22   0x08001f22   0x00000002   PAD
    0x08001f24   0x08001f24   0x00000024   Code   RO         4603    i.HAL_Delay         stm32f4xx_hal.o
    0x08001f48   0x08001f48   0x000001cc   Code   RO         4059    i.HAL_GPIO_Init     stm32f4xx_hal_gpio.o
    0x08002114   0x08002114   0x0000000a   Code   RO         4061    i.HAL_GPIO_ReadPin  stm32f4xx_hal_gpio.o
    0x0800211e   0x0800211e   0x0000000e   Code   RO         4062    i.HAL_GPIO_TogglePin  stm32f4xx_hal_gpio.o
    0x0800212c   0x0800212c   0x0000000a   Code   RO         4063    i.HAL_GPIO_WritePin  stm32f4xx_hal_gpio.o
    0x08002136   0x08002136   0x00000002   PAD
    0x08002138   0x08002138   0x0000000c   Code   RO         4611    i.HAL_GetTick       stm32f4xx_hal.o
    0x08002144   0x08002144   0x00000010   Code   RO         4617    i.HAL_IncTick       stm32f4xx_hal.o
    0x08002154   0x08002154   0x00000034   Code   RO         4618    i.HAL_Init          stm32f4xx_hal.o
    0x08002188   0x08002188   0x00000040   Code   RO         4619    i.HAL_InitTick      stm32f4xx_hal.o
    0x080021c8   0x080021c8   0x00000038   Code   RO         1256    i.HAL_MspInit       stm32f4xx_hal_msp.o
    0x08002200   0x08002200   0x0000001a   Code   RO         4466    i.HAL_NVIC_EnableIRQ  stm32f4xx_hal_cortex.o
    0x0800221a   0x0800221a   0x00000002   PAD
    0x0800221c   0x0800221c   0x00000040   Code   RO         4472    i.HAL_NVIC_SetPriority  stm32f4xx_hal_cortex.o
    0x0800225c   0x0800225c   0x00000024   Code   RO         4473    i.HAL_NVIC_SetPriorityGrouping  stm32f4xx_hal_cortex.o
    0x08002280   0x08002280   0x00000002   Code   RO         1501    i.HAL_PCDEx_LPM_Callback  stm32f4xx_hal_pcd_ex.o
    0x08002282   0x08002282   0x00000008   Code   RO         1502    i.HAL_PCDEx_SetRxFiFo  stm32f4xx_hal_pcd_ex.o
    0x0800228a   0x0800228a   0x00000044   Code   RO         1503    i.HAL_PCDEx_SetTxFiFo  stm32f4xx_hal_pcd_ex.o
    0x080022ce   0x080022ce   0x00000008   Code   RO          811    i.HAL_PCD_ConnectCallback  usbd_conf.o
    0x080022d6   0x080022d6   0x00000012   Code   RO          812    i.HAL_PCD_DataInStageCallback  usbd_conf.o
    0x080022e8   0x080022e8   0x00000014   Code   RO          813    i.HAL_PCD_DataOutStageCallback  usbd_conf.o
    0x080022fc   0x080022fc   0x00000008   Code   RO          814    i.HAL_PCD_DisconnectCallback  usbd_conf.o
    0x08002304   0x08002304   0x0000004c   Code   RO         1289    i.HAL_PCD_EP_Close  stm32f4xx_hal_pcd.o
    0x08002350   0x08002350   0x0000005c   Code   RO         1290    i.HAL_PCD_EP_ClrStall  stm32f4xx_hal_pcd.o
    0x080023ac   0x080023ac   0x00000012   Code   RO         1292    i.HAL_PCD_EP_GetRxCount  stm32f4xx_hal_pcd.o
    0x080023be   0x080023be   0x00000060   Code   RO         1293    i.HAL_PCD_EP_Open   stm32f4xx_hal_pcd.o
    0x0800241e   0x0800241e   0x00000048   Code   RO         1294    i.HAL_PCD_EP_Receive  stm32f4xx_hal_pcd.o
    0x08002466   0x08002466   0x00000074   Code   RO         1295    i.HAL_PCD_EP_SetStall  stm32f4xx_hal_pcd.o
    0x080024da   0x080024da   0x00000040   Code   RO         1296    i.HAL_PCD_EP_Transmit  stm32f4xx_hal_pcd.o
    0x0800251a   0x0800251a   0x00000002   PAD
    0x0800251c   0x0800251c   0x00000464   Code   RO         1298    i.HAL_PCD_IRQHandler  stm32f4xx_hal_pcd.o
    0x08002980   0x08002980   0x00000008   Code   RO          815    i.HAL_PCD_ISOINIncompleteCallback  usbd_conf.o
    0x08002988   0x08002988   0x00000008   Code   RO          816    i.HAL_PCD_ISOOUTIncompleteCallback  usbd_conf.o
    0x08002990   0x08002990   0x000000e2   Code   RO         1301    i.HAL_PCD_Init      stm32f4xx_hal_pcd.o
    0x08002a72   0x08002a72   0x00000002   PAD
    0x08002a74   0x08002a74   0x00000084   Code   RO          818    i.HAL_PCD_MspInit   usbd_conf.o
    0x08002af8   0x08002af8   0x0000002c   Code   RO          819    i.HAL_PCD_ResetCallback  usbd_conf.o
    0x08002b24   0x08002b24   0x00000008   Code   RO          820    i.HAL_PCD_ResumeCallback  usbd_conf.o
    0x08002b2c   0x08002b2c   0x00000008   Code   RO          821    i.HAL_PCD_SOFCallback  usbd_conf.o
    0x08002b34   0x08002b34   0x00000028   Code   RO         1307    i.HAL_PCD_SetAddress  stm32f4xx_hal_pcd.o
    0x08002b5c   0x08002b5c   0x0000000e   Code   RO          822    i.HAL_PCD_SetupStageCallback  usbd_conf.o
    0x08002b6a   0x08002b6a   0x00000042   Code   RO         1309    i.HAL_PCD_Start     stm32f4xx_hal_pcd.o
    0x08002bac   0x08002bac   0x00000030   Code   RO          823    i.HAL_PCD_SuspendCallback  usbd_conf.o
    0x08002bdc   0x08002bdc   0x00000130   Code   RO         3653    i.HAL_RCC_ClockConfig  stm32f4xx_hal_rcc.o
    0x08002d0c   0x08002d0c   0x0000000c   Code   RO         3658    i.HAL_RCC_GetHCLKFreq  stm32f4xx_hal_rcc.o
    0x08002d18   0x08002d18   0x00000020   Code   RO         3660    i.HAL_RCC_GetPCLK1Freq  stm32f4xx_hal_rcc.o
    0x08002d38   0x08002d38   0x00000020   Code   RO         3661    i.HAL_RCC_GetPCLK2Freq  stm32f4xx_hal_rcc.o
    0x08002d58   0x08002d58   0x00000064   Code   RO         3662    i.HAL_RCC_GetSysClockFreq  stm32f4xx_hal_rcc.o
    0x08002dbc   0x08002dbc   0x0000031c   Code   RO         3665    i.HAL_RCC_OscConfig  stm32f4xx_hal_rcc.o
    0x080030d8   0x080030d8   0x00000080   Code   RO         2087    i.HAL_SPI_Init      stm32f4xx_hal_spi.o
    0x08003158   0x08003158   0x000000cc   Code   RO          620    i.HAL_SPI_MspInit   spi.o
    0x08003224   0x08003224   0x0000015c   Code   RO         2095    i.HAL_SPI_Transmit  stm32f4xx_hal_spi.o
    0x08003380   0x08003380   0x000001e2   Code   RO         2096    i.HAL_SPI_TransmitReceive  stm32f4xx_hal_spi.o
    0x08003562   0x08003562   0x00000028   Code   RO         4477    i.HAL_SYSTICK_Config  stm32f4xx_hal_cortex.o
    0x0800358a   0x0800358a   0x00000002   Code   RO         3075    i.HAL_TIMEx_BreakCallback  stm32f4xx_hal_tim_ex.o
    0x0800358c   0x0800358c   0x00000002   Code   RO         3076    i.HAL_TIMEx_CommutCallback  stm32f4xx_hal_tim_ex.o
    0x0800358e   0x0800358e   0x00000042   Code   RO         3093    i.HAL_TIMEx_MasterConfigSynchronization  stm32f4xx_hal_tim_ex.o
    0x080035d0   0x080035d0   0x00000036   Code   RO         2400    i.HAL_TIM_Base_Init  stm32f4xx_hal_tim.o
    0x08003606   0x08003606   0x00000002   PAD
    0x08003608   0x08003608   0x0000003c   Code   RO          668    i.HAL_TIM_Base_MspInit  tim.o
    0x08003644   0x08003644   0x000000d6   Code   RO         2409    i.HAL_TIM_ConfigClockSource  stm32f4xx_hal_tim.o
    0x0800371a   0x0800371a   0x00000002   Code   RO         2429    i.HAL_TIM_IC_CaptureCallback  stm32f4xx_hal_tim.o
    0x0800371c   0x0800371c   0x00000166   Code   RO         2443    i.HAL_TIM_IRQHandler  stm32f4xx_hal_tim.o
    0x08003882   0x08003882   0x00000002   Code   RO         2446    i.HAL_TIM_OC_DelayElapsedCallback  stm32f4xx_hal_tim.o
    0x08003884   0x08003884   0x00000002   Code   RO         2473    i.HAL_TIM_PWM_PulseFinishedCallback  stm32f4xx_hal_tim.o
    0x08003886   0x08003886   0x00000002   Code   RO         2481    i.HAL_TIM_PeriodElapsedCallback  stm32f4xx_hal_tim.o
    0x08003888   0x08003888   0x00000002   Code   RO         2486    i.HAL_TIM_TriggerCallback  stm32f4xx_hal_tim.o
    0x0800388a   0x0800388a   0x00000002   PAD
    0x0800388c   0x0800388c   0x000000e0   Code   RO         7131    i.HAL_UART_IDLE_IRQHandler  dji_remote.o
    0x0800396c   0x0800396c   0x00000062   Code   RO         3351    i.HAL_UART_Init     stm32f4xx_hal_uart.o
    0x080039ce   0x080039ce   0x00000002   PAD
    0x080039d0   0x080039d0   0x000000f4   Code   RO          710    i.HAL_UART_MspInit  usart.o
    0x08003ac4   0x08003ac4   0x00000012   Code   RO         7132    i.HAL_UART_Receive_IT_IDLE  dji_remote.o
    0x08003ad6   0x08003ad6   0x000000ba   Code   RO         3359    i.HAL_UART_Transmit  stm32f4xx_hal_uart.o
    0x08003b90   0x08003b90   0x00000002   Code   RO         1151    i.HardFault_Handler  stm32f4xx_it.o
    0x08003b92   0x08003b92   0x00000002   PAD
    0x08003b94   0x08003b94   0x00000060   Code   RO         6276    i.Initial_Task      initial_task.o
    0x08003bf4   0x08003bf4   0x00000038   Code   RO         1006    i.IntToUnicode      usbd_desc.o
    0x08003c2c   0x08003c2c   0x00000016   Code   RO         7312    i.MPU6500_GET_DATA  bsp_imu.o
    0x08003c42   0x08003c42   0x0000000e   Code   RO         7313    i.MPU6500_INITIAL   bsp_imu.o
    0x08003c50   0x08003c50   0x00000074   Code   RO         7314    i.MPU_Transfer      bsp_imu.o
    0x08003cc4   0x08003cc4   0x00000044   Code   RO          287    i.MX_CAN1_Init      can.o
    0x08003d08   0x08003d08   0x00000044   Code   RO          288    i.MX_CAN2_Init      can.o
    0x08003d4c   0x08003d4c   0x0000002c   Code   RO          334    i.MX_DMA_Init       dma.o
    0x08003d78   0x08003d78   0x00000058   Code   RO          358    i.MX_FREERTOS_Init  freertos.o
    0x08003dd0   0x08003dd0   0x00000184   Code   RO          255    i.MX_GPIO_Init      gpio.o
    0x08003f54   0x08003f54   0x0000004c   Code   RO          621    i.MX_SPI1_Init      spi.o
    0x08003fa0   0x08003fa0   0x00000048   Code   RO          622    i.MX_SPI5_Init      spi.o
    0x08003fe8   0x08003fe8   0x00000068   Code   RO          669    i.MX_TIM4_Init      tim.o
    0x08004050   0x08004050   0x0000003c   Code   RO          711    i.MX_USART1_UART_Init  usart.o
    0x0800408c   0x0800408c   0x00000038   Code   RO          712    i.MX_USART6_UART_Init  usart.o
    0x080040c4   0x080040c4   0x00000054   Code   RO          763    i.MX_USB_DEVICE_Init  usb_device.o
    0x08004118   0x08004118   0x00000002   Code   RO         1152    i.MemManage_Handler  stm32f4xx_it.o
    0x0800411a   0x0800411a   0x00000002   Code   RO         1153    i.NMI_Handler       stm32f4xx_it.o
    0x0800411c   0x0800411c   0x0000000c   Code   RO         1154    i.OTG_FS_IRQHandler  stm32f4xx_it.o
    0x08004128   0x08004128   0x00000008   Code   RO          359    i.Out_Control       freertos.o
    0x08004130   0x08004130   0x000000dc   Code   RO         1312    i.PCD_EP_OutXfrComplete_int  stm32f4xx_hal_pcd.o
    0x0800420c   0x0800420c   0x000000a2   Code   RO         1313    i.PCD_WriteEmptyTxFifo  stm32f4xx_hal_pcd.o
    0x080042ae   0x080042ae   0x00000002   PAD
    0x080042b0   0x080042b0   0x000000a4   Code   RO         6956    i.Place_Staus_Check  robot_status.o
    0x08004354   0x08004354   0x00000060   Code   RO          360    i.Protect_Task      freertos.o
    0x080043b4   0x080043b4   0x00000058   Code   RO         6339    i.Revolver_Task     revolver_task.o
    0x0800440c   0x0800440c   0x00000058   Code   RO         2125    i.SPI_EndRxTxTransaction  stm32f4xx_hal_spi.o
    0x08004464   0x08004464   0x00000094   Code   RO         2130    i.SPI_WaitFlagStateUntilTimeout  stm32f4xx_hal_spi.o
    0x080044f8   0x080044f8   0x00000148   Code   RO         6340    i.Shooting_Initial  revolver_task.o
    0x08004640   0x08004640   0x00000068   Code   RO         6341    i.Shooting_Motor_set  revolver_task.o
    0x080046a8   0x080046a8   0x0000008a   Code   RO         6342    i.Shooting_control_loop  revolver_task.o
    0x08004732   0x08004732   0x00000002   PAD
    0x08004734   0x08004734   0x000000ac   Code   RO         6343    i.Shooting_feedback_update  revolver_task.o
    0x080047e0   0x080047e0   0x000000c8   Code   RO         6344    i.Shooting_set_contorl  revolver_task.o
    0x080048a8   0x080048a8   0x00000128   Code   RO          361    i.StartTask         freertos.o
    0x080049d0   0x080049d0   0x00000018   Code   RO         1155    i.SysTick_Handler   stm32f4xx_it.o
    0x080049e8   0x080049e8   0x00000084   Code   RO           14    i.SystemClock_Config  main.o
    0x08004a6c   0x08004a6c   0x00000054   Code   RO         4864    i.SystemInit        system_stm32f4xx.o
    0x08004ac0   0x08004ac0   0x0000001c   Code   RO         1156    i.TIM4_IRQHandler   stm32f4xx_it.o
    0x08004adc   0x08004adc   0x000000c8   Code   RO         2488    i.TIM_Base_SetConfig  stm32f4xx_hal_tim.o
    0x08004ba4   0x08004ba4   0x00000014   Code   RO         2499    i.TIM_ETR_SetConfig  stm32f4xx_hal_tim.o
    0x08004bb8   0x08004bb8   0x00000010   Code   RO         2500    i.TIM_ITRx_SetConfig  stm32f4xx_hal_tim.o
    0x08004bc8   0x08004bc8   0x00000022   Code   RO         2506    i.TIM_TI1_ConfigInputStage  stm32f4xx_hal_tim.o
    0x08004bea   0x08004bea   0x00000024   Code   RO         2508    i.TIM_TI2_ConfigInputStage  stm32f4xx_hal_tim.o
    0x08004c0e   0x08004c0e   0x00000008   Code   RO          362    i.Task_10ms         freertos.o
    0x08004c16   0x08004c16   0x00000078   Code   RO         7133    i.UART_Receive_DMA_NoIT  dji_remote.o
    0x08004c8e   0x08004c8e   0x00000002   PAD
    0x08004c90   0x08004c90   0x000002ac   Code   RO         3377    i.UART_SetConfig    stm32f4xx_hal_uart.o
    0x08004f3c   0x08004f3c   0x00000064   Code   RO         3379    i.UART_WaitOnFlagUntilTimeout  stm32f4xx_hal_uart.o
    0x08004fa0   0x08004fa0   0x0000000c   Code   RO         1157    i.USART1_IRQHandler  stm32f4xx_it.o
    0x08004fac   0x08004fac   0x0000004a   Code   RO         7763    i.USBD_CDC_DataIn   usbd_cdc.o
    0x08004ff6   0x08004ff6   0x0000002e   Code   RO         7764    i.USBD_CDC_DataOut  usbd_cdc.o
    0x08005024   0x08005024   0x00000044   Code   RO         7765    i.USBD_CDC_DeInit   usbd_cdc.o
    0x08005068   0x08005068   0x00000024   Code   RO         7766    i.USBD_CDC_EP0_RxReady  usbd_cdc.o
    0x0800508c   0x0800508c   0x0000000c   Code   RO         7767    i.USBD_CDC_GetDeviceQualifierDescriptor  usbd_cdc.o
    0x08005098   0x08005098   0x0000000c   Code   RO         7768    i.USBD_CDC_GetFSCfgDesc  usbd_cdc.o
    0x080050a4   0x080050a4   0x0000000c   Code   RO         7769    i.USBD_CDC_GetHSCfgDesc  usbd_cdc.o
    0x080050b0   0x080050b0   0x0000000c   Code   RO         7770    i.USBD_CDC_GetOtherSpeedCfgDesc  usbd_cdc.o
    0x080050bc   0x080050bc   0x00000094   Code   RO         7771    i.USBD_CDC_Init     usbd_cdc.o
    0x08005150   0x08005150   0x00000028   Code   RO         7772    i.USBD_CDC_ReceivePacket  usbd_cdc.o
    0x08005178   0x08005178   0x00000010   Code   RO         7773    i.USBD_CDC_RegisterInterface  usbd_cdc.o
    0x08005188   0x08005188   0x0000000c   Code   RO         7774    i.USBD_CDC_SetRxBuffer  usbd_cdc.o
    0x08005194   0x08005194   0x00000010   Code   RO         7775    i.USBD_CDC_SetTxBuffer  usbd_cdc.o
    0x080051a4   0x080051a4   0x000000ac   Code   RO         7776    i.USBD_CDC_Setup    usbd_cdc.o
    0x08005250   0x08005250   0x00000036   Code   RO         7777    i.USBD_CDC_TransmitPacket  usbd_cdc.o
    0x08005286   0x08005286   0x0000000e   Code   RO         7500    i.USBD_ClrClassConfig  usbd_core.o
    0x08005294   0x08005294   0x00000010   Code   RO         7703    i.USBD_CtlContinueRx  usbd_ioreq.o
    0x080052a4   0x080052a4   0x00000010   Code   RO         7704    i.USBD_CtlContinueSendData  usbd_ioreq.o
    0x080052b4   0x080052b4   0x00000016   Code   RO         7638    i.USBD_CtlError     usbd_ctlreq.o
    0x080052ca   0x080052ca   0x0000001e   Code   RO         7705    i.USBD_CtlPrepareRx  usbd_ioreq.o
    0x080052e8   0x080052e8   0x00000016   Code   RO         7706    i.USBD_CtlReceiveStatus  usbd_ioreq.o
    0x080052fe   0x080052fe   0x0000001a   Code   RO         7707    i.USBD_CtlSendData  usbd_ioreq.o
    0x08005318   0x08005318   0x00000016   Code   RO         7708    i.USBD_CtlSendStatus  usbd_ioreq.o
    0x0800532e   0x0800532e   0x00000002   PAD
    0x08005330   0x08005330   0x00000020   Code   RO         1007    i.USBD_FS_ConfigStrDescriptor  usbd_desc.o
    0x08005350   0x08005350   0x0000000c   Code   RO         1008    i.USBD_FS_DeviceDescriptor  usbd_desc.o
    0x0800535c   0x0800535c   0x00000024   Code   RO         1009    i.USBD_FS_InterfaceStrDescriptor  usbd_desc.o
    0x08005380   0x08005380   0x0000000c   Code   RO         1010    i.USBD_FS_LangIDStrDescriptor  usbd_desc.o
    0x0800538c   0x0800538c   0x00000028   Code   RO         1011    i.USBD_FS_ManufacturerStrDescriptor  usbd_desc.o
    0x080053b4   0x080053b4   0x0000002c   Code   RO         1012    i.USBD_FS_ProductStrDescriptor  usbd_desc.o
    0x080053e0   0x080053e0   0x00000038   Code   RO         1013    i.USBD_FS_SerialStrDescriptor  usbd_desc.o
    0x08005418   0x08005418   0x000000e8   Code   RO         7639    i.USBD_GetDescriptor  usbd_ctlreq.o
    0x08005500   0x08005500   0x00000048   Code   RO         7640    i.USBD_GetString    usbd_ctlreq.o
    0x08005548   0x08005548   0x00000018   Code   RO          824    i.USBD_Get_USB_Status  usbd_conf.o
    0x08005560   0x08005560   0x0000002a   Code   RO         7502    i.USBD_Init         usbd_core.o
    0x0800558a   0x0800558a   0x00000012   Code   RO          825    i.USBD_LL_ClearStallEP  usbd_conf.o
    0x0800559c   0x0800559c   0x00000012   Code   RO          826    i.USBD_LL_CloseEP   usbd_conf.o
    0x080055ae   0x080055ae   0x000000c6   Code   RO         7503    i.USBD_LL_DataInStage  usbd_core.o
    0x08005674   0x08005674   0x00000082   Code   RO         7504    i.USBD_LL_DataOutStage  usbd_core.o
    0x080056f6   0x080056f6   0x00000004   Code   RO         7505    i.USBD_LL_DevConnected  usbd_core.o
    0x080056fa   0x080056fa   0x00000016   Code   RO         7506    i.USBD_LL_DevDisconnected  usbd_core.o
    0x08005710   0x08005710   0x00000008   Code   RO          830    i.USBD_LL_GetRxDataSize  usbd_conf.o
    0x08005718   0x08005718   0x00000060   Code   RO          831    i.USBD_LL_Init      usbd_conf.o
    0x08005778   0x08005778   0x00000020   Code   RO          832    i.USBD_LL_IsStallEP  usbd_conf.o
    0x08005798   0x08005798   0x00000004   Code   RO         7507    i.USBD_LL_IsoINIncomplete  usbd_core.o
    0x0800579c   0x0800579c   0x00000004   Code   RO         7508    i.USBD_LL_IsoOUTIncomplete  usbd_core.o
    0x080057a0   0x080057a0   0x00000018   Code   RO          833    i.USBD_LL_OpenEP    usbd_conf.o
    0x080057b8   0x080057b8   0x00000012   Code   RO          834    i.USBD_LL_PrepareReceive  usbd_conf.o
    0x080057ca   0x080057ca   0x00000050   Code   RO         7509    i.USBD_LL_Reset     usbd_core.o
    0x0800581a   0x0800581a   0x0000000c   Code   RO         7510    i.USBD_LL_Resume    usbd_core.o
    0x08005826   0x08005826   0x00000018   Code   RO         7511    i.USBD_LL_SOF       usbd_core.o
    0x0800583e   0x0800583e   0x00000006   Code   RO         7512    i.USBD_LL_SetSpeed  usbd_core.o
    0x08005844   0x08005844   0x00000012   Code   RO          835    i.USBD_LL_SetUSBAddress  usbd_conf.o
    0x08005856   0x08005856   0x0000005a   Code   RO         7513    i.USBD_LL_SetupStage  usbd_core.o
    0x080058b0   0x080058b0   0x00000012   Code   RO          836    i.USBD_LL_StallEP   usbd_conf.o
    0x080058c2   0x080058c2   0x00000012   Code   RO          837    i.USBD_LL_Start     usbd_conf.o
    0x080058d4   0x080058d4   0x00000012   Code   RO         7514    i.USBD_LL_Suspend   usbd_core.o
    0x080058e6   0x080058e6   0x00000012   Code   RO          839    i.USBD_LL_Transmit  usbd_conf.o
    0x080058f8   0x080058f8   0x00000028   Code   RO         7641    i.USBD_ParseSetupRequest  usbd_ctlreq.o
    0x08005920   0x08005920   0x00000010   Code   RO         7515    i.USBD_RegisterClass  usbd_core.o
    0x08005930   0x08005930   0x00000016   Code   RO         7517    i.USBD_SetClassConfig  usbd_core.o
    0x08005946   0x08005946   0x00000002   PAD
    0x08005948   0x08005948   0x00000084   Code   RO         7642    i.USBD_SetConfig    usbd_ctlreq.o
    0x080059cc   0x080059cc   0x0000000a   Code   RO         7518    i.USBD_Start        usbd_core.o
    0x080059d6   0x080059d6   0x00000112   Code   RO         7643    i.USBD_StdDevReq    usbd_ctlreq.o
    0x08005ae8   0x08005ae8   0x00000150   Code   RO         7644    i.USBD_StdEPReq     usbd_ctlreq.o
    0x08005c38   0x08005c38   0x0000004e   Code   RO         7645    i.USBD_StdItfReq    usbd_ctlreq.o
    0x08005c86   0x08005c86   0x00000002   PAD
    0x08005c88   0x08005c88   0x00000080   Code   RO         1543    i.USB_ActivateEndpoint  stm32f4xx_ll_usb.o
    0x08005d08   0x08005d08   0x00000034   Code   RO         1545    i.USB_ActivateSetup  stm32f4xx_ll_usb.o
    0x08005d3c   0x08005d3c   0x00000074   Code   RO         1547    i.USB_CoreInit      stm32f4xx_ll_usb.o
    0x08005db0   0x08005db0   0x00000038   Code   RO         1548    i.USB_CoreReset     stm32f4xx_ll_usb.o
    0x08005de8   0x08005de8   0x00000080   Code   RO         1551    i.USB_DeactivateEndpoint  stm32f4xx_ll_usb.o
    0x08005e68   0x08005e68   0x00000018   Code   RO         1552    i.USB_DevConnect    stm32f4xx_ll_usb.o
    0x08005e80   0x08005e80   0x00000018   Code   RO         1553    i.USB_DevDisconnect  stm32f4xx_ll_usb.o
    0x08005e98   0x08005e98   0x0000018c   Code   RO         1554    i.USB_DevInit       stm32f4xx_ll_usb.o
    0x08006024   0x08006024   0x0000000c   Code   RO         1555    i.USB_DisableGlobalInt  stm32f4xx_ll_usb.o
    0x08006030   0x08006030   0x00000118   Code   RO         1558    i.USB_EP0StartXfer  stm32f4xx_ll_usb.o
    0x08006148   0x08006148   0x00000058   Code   RO         1559    i.USB_EP0_OutStart  stm32f4xx_ll_usb.o
    0x080061a0   0x080061a0   0x00000058   Code   RO         1560    i.USB_EPClearStall  stm32f4xx_ll_usb.o
    0x080061f8   0x080061f8   0x00000058   Code   RO         1561    i.USB_EPSetStall    stm32f4xx_ll_usb.o
    0x08006250   0x08006250   0x000001e8   Code   RO         1562    i.USB_EPStartXfer   stm32f4xx_ll_usb.o
    0x08006438   0x08006438   0x0000000c   Code   RO         1563    i.USB_EnableGlobalInt  stm32f4xx_ll_usb.o
    0x08006444   0x08006444   0x00000020   Code   RO         1564    i.USB_FlushRxFifo   stm32f4xx_ll_usb.o
    0x08006464   0x08006464   0x00000024   Code   RO         1565    i.USB_FlushTxFifo   stm32f4xx_ll_usb.o
    0x08006488   0x08006488   0x0000001a   Code   RO         1567    i.USB_GetDevSpeed   stm32f4xx_ll_usb.o
    0x080064a2   0x080064a2   0x00000008   Code   RO         1569    i.USB_GetMode       stm32f4xx_ll_usb.o
    0x080064aa   0x080064aa   0x0000000e   Code   RO         1576    i.USB_ReadDevAllInEpInterrupt  stm32f4xx_ll_usb.o
    0x080064b8   0x080064b8   0x0000000e   Code   RO         1577    i.USB_ReadDevAllOutEpInterrupt  stm32f4xx_ll_usb.o
    0x080064c6   0x080064c6   0x00000024   Code   RO         1578    i.USB_ReadDevInEPInterrupt  stm32f4xx_ll_usb.o
    0x080064ea   0x080064ea   0x00000010   Code   RO         1579    i.USB_ReadDevOutEPInterrupt  stm32f4xx_ll_usb.o
    0x080064fa   0x080064fa   0x00000008   Code   RO         1580    i.USB_ReadInterrupts  stm32f4xx_ll_usb.o
    0x08006502   0x08006502   0x0000001c   Code   RO         1581    i.USB_ReadPacket    stm32f4xx_ll_usb.o
    0x0800651e   0x0800651e   0x0000002e   Code   RO         1583    i.USB_SetCurrentMode  stm32f4xx_ll_usb.o
    0x0800654c   0x0800654c   0x00000022   Code   RO         1584    i.USB_SetDevAddress  stm32f4xx_ll_usb.o
    0x0800656e   0x0800656e   0x00000002   PAD
    0x08006570   0x08006570   0x000000e8   Code   RO         1586    i.USB_SetTurnaroundTime  stm32f4xx_ll_usb.o
    0x08006658   0x08006658   0x00000024   Code   RO         1589    i.USB_WritePacket   stm32f4xx_ll_usb.o
    0x0800667c   0x0800667c   0x00000002   Code   RO         1158    i.UsageFault_Handler  stm32f4xx_it.o
    0x0800667e   0x0800667e   0x00000002   PAD
    0x08006680   0x08006680   0x00000020   Code   RO         8378    i.__0printf         mc_w.l(printfa.o)
    0x080066a0   0x080066a0   0x00000030   Code   RO         8479    i.__ARM_fpclassify  m_wm.l(fpclassify.o)
    0x080066d0   0x080066d0   0x00000020   Code   RO         4479    i.__NVIC_SetPriority  stm32f4xx_hal_cortex.o
    0x080066f0   0x080066f0   0x00000360   Code   RO         8022    i.__hardfp_asin     m_wm.l(asin.o)
    0x08006a50   0x08006a50   0x000002d8   Code   RO         8448    i.__hardfp_atan     m_wm.l(atan.o)
    0x08006d28   0x08006d28   0x000001f0   Code   RO         8036    i.__hardfp_atan2    m_wm.l(atan2.o)
    0x08006f18   0x08006f18   0x00000014   Code   RO         8086    i.__hardfp_fabs     m_wm.l(fabs.o)
    0x08006f2c   0x08006f2c   0x0000007a   Code   RO         8116    i.__hardfp_sqrt     m_wm.l(sqrt_full.o)
    0x08006fa6   0x08006fa6   0x000000f8   Code   RO         8497    i.__kernel_poly     m_wm.l(poly.o)
    0x0800709e   0x0800709e   0x00000014   Code   RO         8466    i.__mathlib_dbl_infnan  m_wm.l(dunder.o)
    0x080070b2   0x080070b2   0x00000014   Code   RO         8467    i.__mathlib_dbl_infnan2  m_wm.l(dunder.o)
    0x080070c6   0x080070c6   0x00000002   PAD
    0x080070c8   0x080070c8   0x00000020   Code   RO         8468    i.__mathlib_dbl_invalid  m_wm.l(dunder.o)
    0x080070e8   0x080070e8   0x00000020   Code   RO         8471    i.__mathlib_dbl_underflow  m_wm.l(dunder.o)
    0x08007108   0x08007108   0x0000000e   Code   RO         8567    i.__scatterload_copy  mc_w.l(handlers.o)
    0x08007116   0x08007116   0x00000002   Code   RO         8568    i.__scatterload_null  mc_w.l(handlers.o)
    0x08007118   0x08007118   0x0000000e   Code   RO         8569    i.__scatterload_zeroinit  mc_w.l(handlers.o)
    0x08007126   0x08007126   0x00000002   PAD
    0x08007128   0x08007128   0x0000000c   Code   RO         8541    i.__set_errno       mc_w.l(errno.o)
    0x08007134   0x08007134   0x00000184   Code   RO         8385    i._fp_digits        mc_w.l(printfa.o)
    0x080072b8   0x080072b8   0x000006dc   Code   RO         8386    i._printf_core      mc_w.l(printfa.o)
    0x08007994   0x08007994   0x00000024   Code   RO         8387    i._printf_post_padding  mc_w.l(printfa.o)
    0x080079b8   0x080079b8   0x0000002e   Code   RO         8388    i._printf_pre_padding  mc_w.l(printfa.o)
    0x080079e6   0x080079e6   0x00000010   Code   RO         8450    i.atan              m_wm.l(atan.o)
    0x080079f6   0x080079f6   0x00000002   PAD
    0x080079f8   0x080079f8   0x00000054   Code   RO         6993    i.can_user_init     bsp_can.o
    0x08007a4c   0x08007a4c   0x000000f8   Code   RO         6815    i.chassis_behaviour_control_set  chassis_behaviour.o
    0x08007b44   0x08007b44   0x0000005c   Code   RO         6816    i.chassis_behaviour_mode_set  chassis_behaviour.o
    0x08007ba0   0x08007ba0   0x0000012c   Code   RO         6614    i.chassis_control_loop  chassis_task.o
    0x08007ccc   0x08007ccc   0x00000128   Code   RO         6615    i.chassis_feedback_update  chassis_task.o
    0x08007df4   0x08007df4   0x000000c4   Code   RO         6817    i.chassis_infantry_follow_gimbal_yaw_control  chassis_behaviour.o
    0x08007eb8   0x08007eb8   0x000000f8   Code   RO         6616    i.chassis_rc_to_control_vector  chassis_task.o
    0x08007fb0   0x08007fb0   0x0000016c   Code   RO         6617    i.chassis_set_contorl  chassis_task.o
    0x0800811c   0x0800811c   0x0000000c   Code   RO         6409    i.configureTimerForRunTimeStats  test_task.o
    0x08008128   0x08008128   0x00000018   Code   RO         8088    i.fabs              m_wm.l(fabs.o)
    0x08008140   0x08008140   0x0000004e   Code   RO         6717    i.first_order_filter_cali  user_lib.o
    0x0800818e   0x0800818e   0x00000012   Code   RO         6718    i.first_order_filter_init  user_lib.o
    0x080081a0   0x080081a0   0x00000020   Code   RO         6719    i.fp32_constrain    user_lib.o
    0x080081c0   0x080081c0   0x00000018   Code   RO          713    i.fputc             usart.o
    0x080081d8   0x080081d8   0x00000050   Code   RO         8406    i.free              mc_w.l(malloc.o)
    0x08008228   0x08008228   0x0000000c   Code   RO         6410    i.getRunTimeCounterValue  test_task.o
    0x08008234   0x08008234   0x00000014   Code   RO         6994    i.get_Chassis_Motor_Measure_Point  bsp_can.o
    0x08008248   0x08008248   0x00000008   Code   RO         7315    i.get_INS_angle_point  bsp_imu.o
    0x08008250   0x08008250   0x00000008   Code   RO         7317    i.get_MPU6500_Gyro_Data_Point  bsp_imu.o
    0x08008258   0x08008258   0x00000008   Code   RO         6995    i.get_PAN_Trigger_Motor_Measure_Point  bsp_can.o
    0x08008260   0x08008260   0x00000008   Code   RO         6996    i.get_Pitch_Gimbal_Motor_Measure_Point  bsp_can.o
    0x08008268   0x08008268   0x00000008   Code   RO         6997    i.get_Shooting_Down_Motor_Measure_Point  bsp_can.o
    0x08008270   0x08008270   0x00000008   Code   RO         6998    i.get_Shooting_Up_Motor_Measure_Point  bsp_can.o
    0x08008278   0x08008278   0x00000008   Code   RO         6999    i.get_Trigger_Motor_Measure_Point  bsp_can.o
    0x08008280   0x08008280   0x00000008   Code   RO         7000    i.get_Yaw_Gimbal_Motor_Measure_Point  bsp_can.o
    0x08008288   0x08008288   0x00000008   Code   RO         6496    i.get_pitch_motor_point  gimbal_task1.o
    0x08008290   0x08008290   0x00000008   Code   RO         7134    i.get_remote_control_point  dji_remote.o
    0x08008298   0x08008298   0x00000008   Code   RO         6497    i.get_yaw_motor_point  gimbal_task1.o
    0x080082a0   0x080082a0   0x0000005a   Code   RO         6498    i.gimbal_motor_limited  gimbal_task1.o
    0x080082fa   0x080082fa   0x00000002   PAD
    0x080082fc   0x080082fc   0x00000472   Code   RO         7318    i.imu_ahrs_update   bsp_imu.o
    0x0800876e   0x0800876e   0x00000002   PAD
    0x08008770   0x08008770   0x00000174   Code   RO         7319    i.imu_attitude_update  bsp_imu.o
    0x080088e4   0x080088e4   0x000001cc   Code   RO         7320    i.init_quaternion   bsp_imu.o
    0x08008ab0   0x08008ab0   0x0000002c   Code   RO         7321    i.inv_sqrt          bsp_imu.o
    0x08008adc   0x08008adc   0x0000000a   Code   RO         7322    i.ist8310_get_data  bsp_imu.o
    0x08008ae6   0x08008ae6   0x00000100   Code   RO         7323    i.ist8310_init      bsp_imu.o
    0x08008be6   0x08008be6   0x00000038   Code   RO         7324    i.ist_reg_read_by_mpu  bsp_imu.o
    0x08008c1e   0x08008c1e   0x00000042   Code   RO         7325    i.ist_reg_write_by_mpu  bsp_imu.o
    0x08008c60   0x08008c60   0x00000048   Code   RO         6724    i.loop_fp32_constrain  user_lib.o
    0x08008ca8   0x08008ca8   0x0000005c   Code   RO           15    i.main              main.o
    0x08008d04   0x08008d04   0x0000000c   Code   RO         5768    i.makeFreeRtosPriority  cmsis_os.o
    0x08008d10   0x08008d10   0x0000006c   Code   RO         8407    i.malloc            mc_w.l(malloc.o)
    0x08008d7c   0x08008d7c   0x00000034   Code   RO         6499    i.motor_ecd_to_angle_change  gimbal_task1.o
    0x08008db0   0x08008db0   0x00000164   Code   RO         7326    i.mpu_device_init   bsp_imu.o
    0x08008f14   0x08008f14   0x00000240   Code   RO         7327    i.mpu_get_data      bsp_imu.o
    0x08009154   0x08009154   0x0000008e   Code   RO         7328    i.mpu_master_i2c_auto_read_config  bsp_imu.o
    0x080091e2   0x080091e2   0x00000002   PAD
    0x080091e4   0x080091e4   0x000000a4   Code   RO         7329    i.mpu_offset_call   bsp_imu.o
    0x08009288   0x08009288   0x00000050   Code   RO         7330    i.mpu_read_byte     bsp_imu.o
    0x080092d8   0x080092d8   0x0000005c   Code   RO         7331    i.mpu_read_bytes    bsp_imu.o
    0x08009334   0x08009334   0x0000000a   Code   RO         7332    i.mpu_set_accel_fsr  bsp_imu.o
    0x0800933e   0x0800933e   0x0000000a   Code   RO         7333    i.mpu_set_gyro_fsr  bsp_imu.o
    0x08009348   0x08009348   0x00000054   Code   RO         7334    i.mpu_write_byte    bsp_imu.o
    0x0800939c   0x0800939c   0x00000064   Code   RO         7188    i.oled_LOGO         oled.o
    0x08009400   0x08009400   0x00000040   Code   RO         7189    i.oled_clear        oled.o
    0x08009440   0x08009440   0x00000048   Code   RO         7193    i.oled_drawpoint    oled.o
    0x08009488   0x08009488   0x00000124   Code   RO         7194    i.oled_init         oled.o
    0x080095ac   0x080095ac   0x00000034   Code   RO         7196    i.oled_refresh_gram  oled.o
    0x080095e0   0x080095e0   0x0000002a   Code   RO         7197    i.oled_set_pos      oled.o
    0x0800960a   0x0800960a   0x00000002   PAD
    0x0800960c   0x0800960c   0x0000002c   Code   RO         7201    i.oled_write_byte   oled.o
    0x08009638   0x08009638   0x0000000e   Code   RO         5770    i.osDelay           cmsis_os.o
    0x08009646   0x08009646   0x00000004   Code   RO         5771    i.osDelayUntil      cmsis_os.o
    0x0800964a   0x0800964a   0x0000000a   Code   RO         5773    i.osKernelStart     cmsis_os.o
    0x08009654   0x08009654   0x00000054   Code   RO         5807    i.osThreadCreate    cmsis_os.o
    0x080096a8   0x080096a8   0x000000b4   Code   RO         7086    i.pid_calc          pid.o
    0x0800975c   0x0800975c   0x0000002c   Code   RO         7087    i.pid_clear         pid.o
    0x08009788   0x08009788   0x0000000a   Code   RO         7088    i.pid_init          pid.o
    0x08009792   0x08009792   0x00000002   PAD
    0x08009794   0x08009794   0x00000070   Code   RO         5410    i.prvAddCurrentTaskToDelayedList  tasks.o
    0x08009804   0x08009804   0x000000d0   Code   RO         5411    i.prvAddNewTaskToReadyList  tasks.o
    0x080098d4   0x080098d4   0x00000034   Code   RO         5412    i.prvDeleteTCB      tasks.o
    0x08009908   0x08009908   0x0000004c   Code   RO         6135    i.prvHeapInit       heap_4.o
    0x08009954   0x08009954   0x00000060   Code   RO         5413    i.prvIdleTask       tasks.o
    0x080099b4   0x080099b4   0x0000009e   Code   RO         5414    i.prvInitialiseNewTask  tasks.o
    0x08009a52   0x08009a52   0x00000002   PAD
    0x08009a54   0x08009a54   0x0000004c   Code   RO         6136    i.prvInsertBlockIntoFreeList  heap_4.o
    0x08009aa0   0x08009aa0   0x00000020   Code   RO         5416    i.prvResetNextTaskUnblockTime  tasks.o
    0x08009ac0   0x08009ac0   0x00000028   Code   RO         6197    i.prvTaskExitError  port.o
    0x08009ae8   0x08009ae8   0x00000034   Code   RO         5417    i.prvTaskIsTaskSuspended  tasks.o
    0x08009b1c   0x08009b1c   0x000000d8   Code   RO         6137    i.pvPortMalloc      heap_4.o
    0x08009bf4   0x08009bf4   0x0000002c   Code   RO         6198    i.pxPortInitialiseStack  port.o
    0x08009c20   0x08009c20   0x00000014   Code   RO         6680    i.send_data         robomaster_vcan.o
    0x08009c34   0x08009c34   0x00000064   Code   RO         7001    i.set_motor_voltage_CAN1  bsp_can.o
    0x08009c98   0x08009c98   0x00000064   Code   RO         7002    i.set_motor_voltage_CAN2  bsp_can.o
    0x08009cfc   0x08009cfc   0x00000044   Code   RO         6681    i.shanwai_send_wave_form  robomaster_vcan.o
    0x08009d40   0x08009d40   0x0000006e   Code   RO         8118    i.sqrt              m_wm.l(sqrt_full.o)
    0x08009dae   0x08009dae   0x00000026   Code   RO         5018    i.uxListRemove      list.o
    0x08009dd4   0x08009dd4   0x00000014   Code   RO          365    i.vApplicationGetIdleTaskMemory  freertos.o
    0x08009de8   0x08009de8   0x00000016   Code   RO         5019    i.vListInitialise   list.o
    0x08009dfe   0x08009dfe   0x00000006   Code   RO         5020    i.vListInitialiseItem  list.o
    0x08009e04   0x08009e04   0x00000030   Code   RO         5021    i.vListInsert       list.o
    0x08009e34   0x08009e34   0x00000018   Code   RO         5022    i.vListInsertEnd    list.o
    0x08009e4c   0x08009e4c   0x00000040   Code   RO         6200    i.vPortEnterCritical  port.o
    0x08009e8c   0x08009e8c   0x00000028   Code   RO         6201    i.vPortExitCritical  port.o
    0x08009eb4   0x08009eb4   0x0000005c   Code   RO         6138    i.vPortFree         heap_4.o
    0x08009f10   0x08009f10   0x00000024   Code   RO         6202    i.vPortSetupTimerInterrupt  port.o
    0x08009f34   0x08009f34   0x0000004c   Code   RO         5427    i.vTaskDelay        tasks.o
    0x08009f80   0x08009f80   0x000000ac   Code   RO         5428    i.vTaskDelete       tasks.o
    0x0800a02c   0x0800a02c   0x0000007c   Code   RO         5441    i.vTaskResume       tasks.o
    0x0800a0a8   0x0800a0a8   0x00000070   Code   RO         5444    i.vTaskStartScheduler  tasks.o
    0x0800a118   0x0800a118   0x000000bc   Code   RO         5445    i.vTaskSuspend      tasks.o
    0x0800a1d4   0x0800a1d4   0x00000010   Code   RO         5446    i.vTaskSuspendAll   tasks.o
    0x0800a1e4   0x0800a1e4   0x00000074   Code   RO         5447    i.vTaskSwitchContext  tasks.o
    0x0800a258   0x0800a258   0x000000f4   Code   RO         6204    i.xPortStartScheduler  port.o
    0x0800a34c   0x0800a34c   0x0000002c   Code   RO         6205    i.xPortSysTickHandler  port.o
    0x0800a378   0x0800a378   0x0000005a   Code   RO         5449    i.xTaskCreate       tasks.o
    0x0800a3d2   0x0800a3d2   0x00000056   Code   RO         5450    i.xTaskCreateStatic  tasks.o
    0x0800a428   0x0800a428   0x0000001c   Code   RO         5454    i.xTaskGetSchedulerState  tasks.o
    0x0800a444   0x0800a444   0x0000000c   Code   RO         5455    i.xTaskGetTickCount  tasks.o
    0x0800a450   0x0800a450   0x000000c8   Code   RO         5457    i.xTaskIncrementTick  tasks.o
    0x0800a518   0x0800a518   0x000000c4   Code   RO         5463    i.xTaskResumeAll    tasks.o
    0x0800a5dc   0x0800a5dc   0x000000e0   Data   RO          367    .constdata          freertos.o
    0x0800a6bc   0x0800a6bc   0x00000008   Data   RO         4178    .constdata          stm32f4xx_hal_dma.o
    0x0800a6c4   0x0800a6c4   0x00000010   Data   RO         4865    .constdata          system_stm32f4xx.o
    0x0800a6d4   0x0800a6d4   0x00000008   Data   RO         4866    .constdata          system_stm32f4xx.o
    0x0800a6dc   0x0800a6dc   0x00000008   Data   RO         6346    .constdata          revolver_task.o
    0x0800a6e4   0x0800a6e4   0x00000008   Data   RO         6619    .constdata          chassis_task.o
    0x0800a6ec   0x0800a6ec   0x00000874   Data   RO         7203    .constdata          oled.o
    0x0800af60   0x0800af60   0x00000014   Data   RO         7336    .constdata          bsp_imu.o
    0x0800af74   0x0800af74   0x00000804   Data   RO         7999    .constdata          arm_cortexM4lf_math.lib(arm_common_tables.o)
    0x0800b778   0x0800b778   0x00000050   Data   RO         8025    .constdata          m_wm.l(asin.o)
    0x0800b7c8   0x0800b7c8   0x00000098   Data   RO         8451    .constdata          m_wm.l(atan.o)
    0x0800b860   0x0800b860   0x00000008   Data   RO         8499    .constdata          m_wm.l(qnan.o)
    0x0800b868   0x0800b868   0x00000077   Data   RO          368    .conststring        freertos.o
    0x0800b8df   0x0800b8df   0x00000001   PAD
    0x0800b8e0   0x0800b8e0   0x00000020   Data   RO         8565    Region$$Table       anon$$obj.o


    Execution Region RW_IRAM1 (Exec base: 0x20000000, Load base: 0x0800b900, Size: 0x0000cad0, Max: 0x00030000, ABSOLUTE, COMPRESSED[0x00000134])

    Exec Addr    Load Addr    Size         Type   Attr      Idx    E Section Name        Object

    0x20000000   COMPRESSED   0x00000004   Data   RW          290    .data               can.o
    0x20000004   COMPRESSED   0x00000024   Data   RW          369    .data               freertos.o
    0x20000028   COMPRESSED   0x0000001c   Data   RW         1015    .data               usbd_desc.o
    0x20000044   COMPRESSED   0x00000032   Data   RW         1016    .data               usbd_desc.o
    0x20000076   COMPRESSED   0x00000002   PAD
    0x20000078   COMPRESSED   0x00000010   Data   RW         1098    .data               usbd_cdc_if.o
    0x20000088   COMPRESSED   0x0000000c   Data   RW         4625    .data               stm32f4xx_hal.o
    0x20000094   COMPRESSED   0x00000004   Data   RW         4867    .data               system_stm32f4xx.o
    0x20000098   COMPRESSED   0x00000044   Data   RW         5466    .data               tasks.o
    0x200000dc   COMPRESSED   0x00000018   Data   RW         6143    .data               heap_4.o
    0x200000f4   COMPRESSED   0x0000000c   Data   RW         6206    .data               port.o
    0x20000100   COMPRESSED   0x0000000a   Data   RW         6347    .data               revolver_task.o
    0x2000010a   COMPRESSED   0x00000006   Data   RW         6414    .data               test_task.o
    0x20000110   COMPRESSED   0x00000010   Data   RW         6501    .data               gimbal_task1.o
    0x20000120   COMPRESSED   0x00000010   Data   RW         6818    .data               chassis_behaviour.o
    0x20000130   COMPRESSED   0x00000018   Data   RW         6892    .data               robomaster_filter.o
    0x20000148   COMPRESSED   0x00000018   Data   RW         6893    .data               robomaster_filter.o
    0x20000160   COMPRESSED   0x00000018   Data   RW         6895    .data               robomaster_filter.o
    0x20000178   COMPRESSED   0x00000018   Data   RW         6896    .data               robomaster_filter.o
    0x20000190   COMPRESSED   0x0000000c   Data   RW         6958    .data               robot_status.o
    0x2000019c   COMPRESSED   0x0000016c   Data   RW         7003    .data               bsp_can.o
    0x20000308   COMPRESSED   0x0000000c   Data   RW         7137    .data               dji_remote.o
    0x20000314   COMPRESSED   0x00000060   Data   RW         7337    .data               bsp_imu.o
    0x20000374   COMPRESSED   0x00000001   Data   RW         7646    .data               usbd_ctlreq.o
    0x20000375   COMPRESSED   0x00000003   PAD
    0x20000378   COMPRESSED   0x000000d7   Data   RW         7778    .data               usbd_cdc.o
    0x2000044f   COMPRESSED   0x00000001   PAD
    0x20000450   COMPRESSED   0x00000038   Data   RW         7779    .data               usbd_cdc.o
    0x20000488   COMPRESSED   0x00000004   Data   RW         8528    .data               mc_w.l(stdout.o)
    0x2000048c   COMPRESSED   0x00000004   Data   RW         8537    .data               mc_w.l(mvars.o)
    0x20000490   COMPRESSED   0x00000004   Data   RW         8538    .data               mc_w.l(mvars.o)
    0x20000494   COMPRESSED   0x00000004   Data   RW         8542    .data               mc_w.l(errno.o)
    0x20000498        -       0x00000050   Zero   RW          289    .bss                can.o
    0x200004e8        -       0x00000260   Zero   RW          366    .bss                freertos.o
    0x20000748        -       0x000000b0   Zero   RW          623    .bss                spi.o
    0x200007f8        -       0x00000040   Zero   RW          670    .bss                tim.o
    0x20000838        -       0x000000e0   Zero   RW          714    .bss                usart.o
    0x20000918        -       0x0000029c   Zero   RW          764    .bss                usb_device.o
    0x20000bb4        -       0x00000408   Zero   RW          840    .bss                usbd_conf.o
    0x20000fbc        -       0x00000200   Zero   RW         1014    .bss                usbd_desc.o
    0x200011bc        -       0x00001084   Zero   RW         1097    .bss                usbd_cdc_if.o
    0x20002240        -       0x000000f0   Zero   RW         5465    .bss                tasks.o
    0x20002330        -       0x00003c00   Zero   RW         6142    .bss                heap_4.o
    0x20005f30        -       0x00000198   Zero   RW         6345    .bss                revolver_task.o
    0x200060c8        -       0x000001ac   Zero   RW         6500    .bss                gimbal_task1.o
    0x20006274        -       0x000001c8   Zero   RW         6618    .bss                chassis_task.o
    0x2000643c        -       0x00000010   Zero   RW         6682    .bss                robomaster_vcan.o
    0x2000644c        -       0x00000048   Zero   RW         6883    .bss                robomaster_filter.o
    0x20006494        -       0x00000048   Zero   RW         6884    .bss                robomaster_filter.o
    0x200064dc        -       0x00000048   Zero   RW         6885    .bss                robomaster_filter.o
    0x20006524        -       0x00000048   Zero   RW         6886    .bss                robomaster_filter.o
    0x2000656c        -       0x0000000c   Zero   RW         6957    .bss                robot_status.o
    0x20006578        -       0x00000064   Zero   RW         7135    .bss                dji_remote.o
    0x200065dc        -       0x00000014   Zero   RW         7136    .bss                dji_remote.o
    0x200065f0        -       0x00000400   Zero   RW         7202    .bss                oled.o
    0x200069f0        -       0x000000dc   Zero   RW         7335    .bss                bsp_imu.o
    0x20006acc   COMPRESSED   0x00000004   PAD
    0x20006ad0        -       0x00002000   Zero   RW            2    HEAP                startup_stm32f427xx.o
    0x20008ad0        -       0x00004000   Zero   RW            1    STACK               startup_stm32f427xx.o


==============================================================================

Image component sizes


      Code (inc. data)   RO Data    RW Data    ZI Data      Debug   Object Name

       572         64          0        364          0       8984   bsp_can.o
      4084        304         20         96        220      19484   bsp_imu.o
       420         40          0          4         80       2606   can.o
       536         60          0         16          0       8046   chassis_behaviour.o
      1624        128          8          0        456      17502   chassis_task.o
       124          0          0          0          0      23328   cmsis_os.o
       518         22          0         12        120       6269   dji_remote.o
        44          4          0          0          0        818   dma.o
         0          0          0          0          0      18240   event_groups.o
       516         76        343         36        608      39015   freertos.o
      1394        138          0         16        428      15863   gimbal_task1.o
       388         30          0          0          0       1183   gpio.o
       460         24          0         24      15360       7543   heap_4.o
        96         30          0          0          0       5155   initial_task.o
       138          0          0          0          0       3738   list.o
       226         24          0          0          0     808566   main.o
       666         36       2164          0       1024       6621   oled.o
       234         12          0          0          0       2446   pid.o
       702         72          0         12          0      11440   port.o
      1030         94          8         10        408       8526   revolver_task.o
        86          0          0         96        288       4238   robomaster_filter.o
        88          8          0          0         16       1898   robomaster_vcan.o
       164         10          0         12         12       1769   robot_status.o
       352         44          0          0        176       2530   spi.o
        36          8        428          0      24576        868   startup_stm32f427xx.o
       180         28          0         12          0       4797   stm32f4xx_hal.o
      1638          6          0          0          0      14899   stm32f4xx_hal_can.o
       198         14          0          0          0      34139   stm32f4xx_hal_cortex.o
       862         16          8          0          0       5864   stm32f4xx_hal_dma.o
       494         52          0          0          0       3876   stm32f4xx_hal_gpio.o
        56          4          0          0          0        902   stm32f4xx_hal_msp.o
      2372         18          0          0          0      13337   stm32f4xx_hal_pcd.o
        78          0          0          0          0       2529   stm32f4xx_hal_pcd_ex.o
      1276         86          0          0          0       5848   stm32f4xx_hal_rcc.o
      1194          8          0          0          0       6448   stm32f4xx_hal_spi.o
       942         44          0          0          0      10377   stm32f4xx_hal_tim.o
        70          0          0          0          0       2561   stm32f4xx_hal_tim_ex.o
      1068          8          0          0          0       4268   stm32f4xx_hal_uart.o
       148         52          0          0          0       7453   stm32f4xx_it.o
      2546        140          0          0          0      23715   stm32f4xx_ll_usb.o
         0          0          0          0          0        392   stream_buffer.o
        84         18         24          4          0       1255   system_stm32f4xx.o
      2126        162          0         68        240      22322   tasks.o
        24         10          0          6          0       5340   test_task.o
       164         18          0          0         64       1782   tim.o
       384         56          0          0        224       3206   usart.o
        84         18          0          0        668       2607   usb_device.o
       730         16          0        271          0      14062   usbd_cdc.o
       160         32          0         16       4228       4220   usbd_cdc_if.o
       634         20          0          0       1032      15716   usbd_conf.o
       696          0          0          0          0      12881   usbd_core.o
      1186         28          0          1          0       8400   usbd_ctlreq.o
       288        104          0         78        512       6237   usbd_desc.o
       132          0          0          0          0       4732   usbd_ioreq.o
       200          0          0          0          0       3299   user_lib.o

    ----------------------------------------------------------------------
     34568       2186       3036       1160      50744    1274140   Object Totals
         0          0         32          0          0          0   (incl. Generated)
        56          0          1          6          4          0   (incl. Padding)

    ----------------------------------------------------------------------

      Code (inc. data)   RO Data    RW Data    ZI Data      Debug   Library Member Name

         0          0       2052          0          0       4704   arm_common_tables.o
       120         12          0          0          0      17170   arm_cos_f32.o
       148         18          0          0          0        814   arm_sin_f32.o
       864         94         80          0          0        280   asin.o
       744        106        152          0          0        352   atan.o
       496         64          0          0          0        192   atan2.o
       104         16          0          0          0        496   dunder.o
        44          0          0          0          0        248   fabs.o
        48          0          0          0          0        124   fpclassify.o
       248          0          0          0          0        152   poly.o
         0          0          8          0          0          0   qnan.o
       232          0          0          0          0        296   sqrt_full.o
        86          0          0          0          0          0   __dczerorl2.o
         0          0          0          0          0          0   entry.o
         0          0          0          0          0          0   entry10a.o
         0          0          0          0          0          0   entry11a.o
         8          4          0          0          0          0   entry2.o
         4          0          0          0          0          0   entry5.o
         0          0          0          0          0          0   entry7b.o
         0          0          0          0          0          0   entry8b.o
         8          4          0          0          0          0   entry9a.o
        12          6          0          4          0         68   errno.o
        30          0          0          0          0          0   handlers.o
        36          8          0          0          0         68   init.o
         0          0          0          0          0          0   iusefp.o
        30          0          0          0          0         68   llshl.o
        36          0          0          0          0         68   llsshr.o
        32          0          0          0          0         68   llushr.o
       188         20          0          0          0        160   malloc.o
        36          0          0          0          0         68   memcpya.o
        36          0          0          0          0        108   memseta.o
         0          0          0          8          0          0   mvars.o
      2258         90          0          0          0        452   printfa.o
         0          0          0          4          0          0   stdout.o
        44          0          0          0          0         80   uidiv.o
        98          0          0          0          0         92   uldiv.o
        48          0          0          0          0         68   cdrcmple.o
        56          0          0          0          0         88   d2f.o
       334          0          0          0          0        148   dadd.o
       222          0          0          0          0        100   ddiv.o
       186          0          0          0          0        176   depilogue.o
        48          0          0          0          0         68   dfixul.o
        34          0          0          0          0         76   dflti.o
       228          0          0          0          0         96   dmul.o
       162          0          0          0          0        100   dsqrt.o
        38          0          0          0          0         68   f2d.o
       110          0          0          0          0        168   fepilogue.o

    ----------------------------------------------------------------------
      7464        442       2292         16          0      27284   Library Totals
         8          0          0          0          0          0   (incl. Padding)

    ----------------------------------------------------------------------

      Code (inc. data)   RO Data    RW Data    ZI Data      Debug   Library Name

       268         30       2052          0          0      22688   arm_cortexM4lf_math.lib
      2780        280        240          0          0       2140   m_wm.l
      2942        132          0         16          0       1300   mc_w.l
      1466          0          0          0          0       1156   mf_w.l

    ----------------------------------------------------------------------
      7464        442       2292         16          0      27284   Library Totals

    ----------------------------------------------------------------------

==============================================================================


      Code (inc. data)   RO Data    RW Data    ZI Data      Debug   

     42032       2628       5328       1176      50744    1263860   Grand Totals
     42032       2628       5328        308      50744    1263860   ELF Image Totals (compressed)
     42032       2628       5328        308          0          0   ROM Totals

==============================================================================

    Total RO  Size (Code + RO Data)                47360 (  46.25kB)
    Total RW  Size (RW Data + ZI Data)             51920 (  50.70kB)
    Total ROM Size (Code + RO Data + RW Data)      47668 (  46.55kB)

==============================================================================

