Component: ARM Compiler 5.06 update 1 (build 61) Tool: armlink [4d35a8]

==============================================================================

Section Cross References

    startup_stm32f105xc.o(RESET) refers to startup_stm32f105xc.o(STACK) for __initial_sp
    startup_stm32f105xc.o(RESET) refers to startup_stm32f105xc.o(.text) for Reset_Handler
    startup_stm32f105xc.o(RESET) refers to stm32f1xx_it.o(i.NMI_Handler) for NMI_Handler
    startup_stm32f105xc.o(RESET) refers to stm32f1xx_it.o(i.HardFault_Handler) for HardFault_Handler
    startup_stm32f105xc.o(RESET) refers to stm32f1xx_it.o(i.MemManage_Handler) for MemManage_Handler
    startup_stm32f105xc.o(RESET) refers to stm32f1xx_it.o(i.BusFault_Handler) for BusFault_Handler
    startup_stm32f105xc.o(RESET) refers to stm32f1xx_it.o(i.UsageFault_Handler) for UsageFault_Handler
    startup_stm32f105xc.o(RESET) refers to port.o(.emb_text) for SVC_Handler
    startup_stm32f105xc.o(RESET) refers to stm32f1xx_it.o(i.DebugMon_Handler) for DebugMon_Handler
    startup_stm32f105xc.o(RESET) refers to port.o(i.SysTick_Handler) for SysTick_Handler
    startup_stm32f105xc.o(RESET) refers to stm32f1xx_it.o(i.EXTI1_IRQHandler) for EXTI1_IRQHandler
    startup_stm32f105xc.o(RESET) refers to stm32f1xx_it.o(i.DMA1_Channel1_IRQHandler) for DMA1_Channel1_IRQHandler
    startup_stm32f105xc.o(RESET) refers to stm32f1xx_it.o(i.DMA1_Channel3_IRQHandler) for DMA1_Channel3_IRQHandler
    startup_stm32f105xc.o(RESET) refers to stm32f1xx_it.o(i.CAN1_TX_IRQHandler) for CAN1_TX_IRQHandler
    startup_stm32f105xc.o(RESET) refers to stm32f1xx_it.o(i.CAN1_RX0_IRQHandler) for CAN1_RX0_IRQHandler
    startup_stm32f105xc.o(RESET) refers to stm32f1xx_it.o(i.USART3_IRQHandler) for USART3_IRQHandler
    startup_stm32f105xc.o(RESET) refers to stm32f1xx_it.o(i.TIM6_IRQHandler) for TIM6_IRQHandler
    startup_stm32f105xc.o(RESET) refers to stm32f1xx_it.o(i.TIM7_IRQHandler) for TIM7_IRQHandler
    startup_stm32f105xc.o(.text) refers to system_stm32f1xx.o(i.SystemInit) for SystemInit
    startup_stm32f105xc.o(.text) refers to entry.o(.ARM.Collect$$$$00000000) for __main
    bsp_can.o(i.HAL_CAN_RxFifo0MsgPendingCallback) refers to stm32f1xx_hal_can.o(i.HAL_CAN_GetRxMessage) for HAL_CAN_GetRxMessage
    bsp_can.o(i.HAL_CAN_RxFifo0MsgPendingCallback) refers to stm32f1xx_hal_gpio.o(i.HAL_GPIO_WritePin) for HAL_GPIO_WritePin
    bsp_can.o(i.HAL_CAN_RxFifo0MsgPendingCallback) refers to bsp_can.o(.data) for .data
    bsp_can.o(i.can_user_init) refers to stm32f1xx_hal_can.o(i.HAL_CAN_ConfigFilter) for HAL_CAN_ConfigFilter
    bsp_can.o(i.can_user_init) refers to stm32f1xx_hal_can.o(i.HAL_CAN_Start) for HAL_CAN_Start
    bsp_can.o(i.can_user_init) refers to stm32f1xx_hal_can.o(i.HAL_CAN_ActivateNotification) for HAL_CAN_ActivateNotification
    bsp_can.o(i.set_holdermotor_voltage) refers to stm32f1xx_hal_can.o(i.HAL_CAN_AddTxMessage) for HAL_CAN_AddTxMessage
    bsp_can.o(i.set_holdermotor_voltage) refers to can.o(.bss) for hcan1
    pid.o(i.pid_calc) refers to fadd.o(.text) for __aeabi_fsub
    pid.o(i.pid_calc) refers to fmul.o(.text) for __aeabi_fmul
    pid.o(i.pid_calc) refers to cfrcmple.o(.text) for __aeabi_cfrcmple
    remote_control.o(i.Callback_RC_Handle) refers to stm32f1xx_hal_gpio.o(i.HAL_GPIO_WritePin) for HAL_GPIO_WritePin
    remote_control.o(i.Callback_RC_Handle) refers to stm32f1xx_hal.o(i.HAL_GetTick) for HAL_GetTick
    remote_control.o(i.Callback_RC_Handle) refers to remote_control.o(.data) for .data
    remote_control.o(i.HAL_UART_IDLE_IRQHandler) refers to remote_control.o(i.Callback_RC_Handle) for Callback_RC_Handle
    remote_control.o(i.HAL_UART_IDLE_IRQHandler) refers to remote_control.o(.bss) for .bss
    remote_control.o(i.HAL_UART_Receive_IT_IDLE) refers to remote_control.o(i.UART_Receive_DMA_NoIT) for UART_Receive_DMA_NoIT
    remote_control.o(i.UART_Receive_DMA_NoIT) refers to stm32f1xx_hal_dma.o(i.HAL_DMA_Start) for HAL_DMA_Start
    robomaster_vcan.o(i.send_data) refers to stm32f1xx_hal_uart.o(i.HAL_UART_Transmit) for HAL_UART_Transmit
    robomaster_vcan.o(i.send_data) refers to usart.o(.bss) for huart2
    robomaster_vcan.o(i.shanwai_send_wave_form) refers to robomaster_vcan.o(i.send_data) for send_data
    robomaster_vcan.o(i.shanwai_send_wave_form) refers to robomaster_vcan.o(.bss) for .bss
    user_lib.o(i.abs_limit) refers to cfrcmple.o(.text) for __aeabi_cfrcmple
    user_lib.o(i.first_order_filter_cali) refers to fadd.o(.text) for __aeabi_fadd
    user_lib.o(i.first_order_filter_cali) refers to fdiv.o(.text) for __aeabi_fdiv
    user_lib.o(i.first_order_filter_cali) refers to fmul.o(.text) for __aeabi_fmul
    user_lib.o(i.fp32_constrain) refers to cfcmple.o(.text) for __aeabi_cfcmple
    user_lib.o(i.fp32_constrain) refers to cfrcmple.o(.text) for __aeabi_cfrcmple
    user_lib.o(i.fp32_deadline) refers to cfcmple.o(.text) for __aeabi_cfcmple
    user_lib.o(i.fp32_deadline) refers to cfrcmple.o(.text) for __aeabi_cfrcmple
[...]
    .constdata                               0x080063d8   Section      152  atan.o(.constdata)
    atanhi                                   0x080063d8   Data          32  atan.o(.constdata)
    atanlo                                   0x080063f8   Data          32  atan.o(.constdata)
    aTodd                                    0x08006418   Data          40  atan.o(.constdata)
    aTeven                                   0x08006440   Data          48  atan.o(.constdata)
    .constdata                               0x08006470   Section        8  qnan.o(.constdata)
    .constdata                               0x08006478   Section       32  rredf.o(.constdata)
    twooverpi                                0x08006478   Data          32  rredf.o(.constdata)
    .conststring                             0x08006498   Section       34  init.o(.conststring)
    .conststring                             0x080064bc   Section       12  freertos.o(.conststring)
    .data                                    0x20000000   Section       86  bsp_can.o(.data)
    .data                                    0x20000058   Section        8  remote_control.o(.data)
    .data                                    0x20000060   Section       12  init.o(.data)
    .data                                    0x2000006c   Section       16  test_task .o(.data)
    .data                                    0x2000007c   Section        6  holder_task.o(.data)
    .data                                    0x20000084   Section        4  freertos.o(.data)
    .data                                    0x20000088   Section       12  stm32f1xx_hal.o(.data)
    .data                                    0x20000094   Section        4  system_stm32f1xx.o(.data)
    .data                                    0x20000098   Section       68  tasks.o(.data)
    pxDelayedTaskList                        0x2000009c   Data           4  tasks.o(.data)
    pxOverflowDelayedTaskList                0x200000a0   Data           4  tasks.o(.data)
    uxDeletedTasksWaitingCleanUp             0x200000a4   Data           4  tasks.o(.data)
    uxCurrentNumberOfTasks                   0x200000a8   Data           4  tasks.o(.data)
    xTickCount                               0x200000ac   Data           4  tasks.o(.data)
    uxTopReadyPriority                       0x200000b0   Data           4  tasks.o(.data)
    xSchedulerRunning                        0x200000b4   Data           4  tasks.o(.data)
    uxPendedTicks                            0x200000b8   Data           4  tasks.o(.data)
    xYieldPending                            0x200000bc   Data           4  tasks.o(.data)
    xNumOfOverflows                          0x200000c0   Data           4  tasks.o(.data)
    uxTaskNumber                             0x200000c4   Data           4  tasks.o(.data)
    xNextTaskUnblockTime                     0x200000c8   Data           4  tasks.o(.data)
    xIdleTaskHandle                          0x200000cc   Data           4  tasks.o(.data)
    uxSchedulerSuspended                     0x200000d0   Data           4  tasks.o(.data)
    ulTaskSwitchedInTime                     0x200000d4   Data           4  tasks.o(.data)
    ulTotalRunTime                           0x200000d8   Data           4  tasks.o(.data)
    .data                                    0x200000dc   Section       24  heap_4.o(.data)
    pxEnd                                    0x200000dc   Data           4  heap_4.o(.data)
    xFreeBytesRemaining                      0x200000e0   Data           4  heap_4.o(.data)
    xMinimumEverFreeBytesRemaining           0x200000e4   Data           4  heap_4.o(.data)
    xBlockAllocatedBit                       0x200000e8   Data           4  heap_4.o(.data)
    xStart                                   0x200000ec   Data           8  heap_4.o(.data)
    .data                                    0x200000f4   Section       12  port.o(.data)
    ucMaxSysCallPriority                     0x200000f4   Data           1  port.o(.data)
    uxCriticalNesting                        0x200000f8   Data           4  port.o(.data)
    ulMaxPRIGROUPValue                       0x200000fc   Data           4  port.o(.data)
    .data                                    0x20000100   Section       24  filter_1.o(.data)
    .data                                    0x20000118   Section       24  filter_1.o(.data)
    .data                                    0x20000130   Section       24  filter_1.o(.data)
    .data                                    0x20000148   Section       24  filter_1.o(.data)
    .data                                    0x20000160   Section       80  bsp_mpu9250.o(.data)
    gx                                       0x20000184   Data           4  bsp_mpu9250.o(.data)
    gy                                       0x20000188   Data           4  bsp_mpu9250.o(.data)
    gz                                       0x2000018c   Data           4  bsp_mpu9250.o(.data)
    ax                                       0x20000190   Data           4  bsp_mpu9250.o(.data)
    ay                                       0x20000194   Data           4  bsp_mpu9250.o(.data)
    az                                       0x20000198   Data           4  bsp_mpu9250.o(.data)
    mx                                       0x2000019c   Data           4  bsp_mpu9250.o(.data)
    my                                       0x200001a0   Data           4  bsp_mpu9250.o(.data)
    mz                                       0x200001a4   Data           4  bsp_mpu9250.o(.data)
    .data                                    0x200001b0   Section        4  errno.o(.data)
    _errno                                   0x200001b0   Data           4  errno.o(.data)
    .bss                                     0x200001b4   Section      100  remote_control.o(.bss)
    .bss                                     0x20000218   Section       20  remote_control.o(.bss)
    .bss                                     0x2000022c   Section       20  user_lib.o(.bss)
    .bss                                     0x20000240   Section      312  init.o(.bss)
    .bss                                     0x20000378   Section      116  adc.o(.bss)
    .bss                                     0x200003ec   Section       40  can.o(.bss)
    .bss                                     0x20000414   Section       88  spi.o(.bss)
    .bss                                     0x2000046c   Section      128  tim.o(.bss)
    .bss                                     0x200004ec   Section      196  usart.o(.bss)
    .bss                                     0x200005b0   Section       64  stm32f1xx_hal_timebase_tim.o(.bss)
    .bss                                     0x200005f0   Section      240  tasks.o(.bss)
    pxReadyTasksLists                        0x200005f0   Data         140  tasks.o(.bss)
    xDelayedTaskList1                        0x2000067c   Data          20  tasks.o(.bss)
    xDelayedTaskList2                        0x20000690   Data          20  tasks.o(.bss)
    xPendingReadyList                        0x200006a4   Data          20  tasks.o(.bss)
    xTasksWaitingTermination                 0x200006b8   Data          20  tasks.o(.bss)
    xSuspendedTaskList                       0x200006cc   Data          20  tasks.o(.bss)
    .bss                                     0x200006e0   Section     4096  heap_4.o(.bss)
    ucHeap                                   0x200006e0   Data        4096  heap_4.o(.bss)
    .bss                                     0x200016e0   Section      216  filter_1.o(.bss)
    .bss                                     0x200017b8   Section       72  filter_1.o(.bss)
    .bss                                     0x20001800   Section       72  filter_1.o(.bss)
    .bss                                     0x20001848   Section       72  filter_1.o(.bss)
    .bss                                     0x20001890   Section       72  filter_1.o(.bss)
    .bss                                     0x200018d8   Section       32  bsp_mpu9250.o(.bss)
    .bss                                     0x200018f8   Section      124  bsp_mpu9250.o(.bss)
    STACK                                    0x20001978   Section     1024  startup_stm32f105xc.o(STACK)

    Global Symbols

    Symbol Name                              Value     Ov Type        Size  Object(Section)

    BuildAttributes$$THM_ISAv4$P$D$K$B$S$PE$A:L22UL41UL21$X:L11$S22US41US21$IEEE1$IW$USESV6$~STKCKD$USESV7$~SHL$OTIME$ROPI$IEEEX$EBA8$MICROLIB$REQ8$PRES8$EABIv2 0x00000000   Number         0  anon$$obj.o ABSOLUTE
    __ARM_use_no_argv                        0x00000000   Number         0  main.o ABSOLUTE
    _printf_a                                0x00000000   Number         0  stubs.o ABSOLUTE
    _printf_c                                0x00000000   Number         0  stubs.o ABSOLUTE
    _printf_charcount                        0x00000000   Number         0  stubs.o ABSOLUTE
    _printf_d                                0x00000000   Number         0  stubs.o ABSOLUTE
    _printf_e                                0x00000000   Number         0  stubs.o ABSOLUTE
    _printf_f                                0x00000000   Number         0  stubs.o ABSOLUTE
    _printf_flags                            0x00000000   Number         0  stubs.o ABSOLUTE
    _printf_fp_dec                           0x00000000   Number         0  stubs.o ABSOLUTE
    _printf_fp_hex                           0x00000000   Number         0  stubs.o ABSOLUTE
    _printf_g                                0x00000000   Number         0  stubs.o ABSOLUTE
    _printf_i                                0x00000000   Number         0  stubs.o ABSOLUTE
    _printf_int_dec                          0x00000000   Number         0  stubs.o ABSOLUTE
    _printf_l                                0x00000000   Number         0  stubs.o ABSOLUTE
    _printf_lc                               0x00000000   Number         0  stubs.o ABSOLUTE
    _printf_ll                               0x00000000   Number         0  stubs.o ABSOLUTE
    _printf_lld                              0x00000000   Number         0  stubs.o ABSOLUTE
    _printf_lli                              0x00000000   Number         0  stubs.o ABSOLUTE
    _printf_llo                              0x00000000   Number         0  stubs.o ABSOLUTE
    _printf_llu                              0x00000000   Number         0  stubs.o ABSOLUTE
    _printf_llx                              0x00000000   Number         0  stubs.o ABSOLUTE
    _printf_longlong_dec                     0x00000000   Number         0  stubs.o ABSOLUTE
    _printf_longlong_hex                     0x00000000   Number         0  stubs.o ABSOLUTE
    _printf_longlong_oct                     0x00000000   Number         0  stubs.o ABSOLUTE
    _printf_ls                               0x00000000   Number         0  stubs.o ABSOLUTE
    _printf_mbtowc                           0x00000000   Number         0  stubs.o ABSOLUTE
    _printf_n                                0x00000000   Number         0  stubs.o ABSOLUTE
    _printf_o                                0x00000000   Number         0  stubs.o ABSOLUTE
    _printf_p                                0x00000000   Number         0  stubs.o ABSOLUTE
    _printf_percent                          0x00000000   Number         0  stubs.o ABSOLUTE
    _printf_pre_padding                      0x00000000   Number         0  stubs.o ABSOLUTE
    _printf_return_value                     0x00000000   Number         0  stubs.o ABSOLUTE
    _printf_s                                0x00000000   Number         0  stubs.o ABSOLUTE
    _printf_sizespec                         0x00000000   Number         0  stubs.o ABSOLUTE
    _printf_str                              0x00000000   Number         0  stubs.o ABSOLUTE
    _printf_truncate_signed                  0x00000000   Number         0  stubs.o ABSOLUTE
    _printf_truncate_unsigned                0x00000000   Number         0  stubs.o ABSOLUTE
    _printf_u                                0x00000000   Number         0  stubs.o ABSOLUTE
    _printf_wc                               0x00000000   Number         0  stubs.o ABSOLUTE
    _printf_wctomb                           0x00000000   Number         0  stubs.o ABSOLUTE
    _printf_widthprec                        0x00000000   Number         0  stubs.o ABSOLUTE
    _printf_x                                0x00000000   Number         0  stubs.o ABSOLUTE
    __cpp_initialize__aeabi_                  - Undefined Weak Reference
    __cxa_finalize                            - Undefined Weak Reference
    _clock_init                               - Undefined Weak Reference
    _microlib_exit                            - Undefined Weak Reference
    __Vectors_Size                           0x00000150   Number         0  startup_stm32f105xc.o ABSOLUTE
    __Vectors                                0x08000000   Data           4  startup_stm32f105xc.o(RESET)
    __Vectors_End                            0x08000150   Data           0  startup_stm32f105xc.o(RESET)
    __main                                   0x08000151   Thumb Code     0  entry.o(.ARM.Collect$$$$00000000)
    _main_stk                                0x08000151   Thumb Code     0  entry2.o(.ARM.Collect$$$$00000001)
    _main_scatterload                        0x08000155   Thumb Code     0  entry5.o(.ARM.Collect$$$$00000004)
    __main_after_scatterload                 0x08000159   Thumb Code     0  entry5.o(.ARM.Collect$$$$00000004)
    _main_clock                              0x08000159   Thumb Code     0  entry7b.o(.ARM.Collect$$$$00000008)
    _main_cpp_init                           0x08000159   Thumb Code     0  entry8b.o(.ARM.Collect$$$$0000000A)
    _main_init                               0x08000159   Thumb Code     0  entry9a.o(.ARM.Collect$$$$0000000B)
    __rt_final_cpp                           0x08000161   Thumb Code     0  entry10a.o(.ARM.Collect$$$$0000000D)
    __rt_final_exit                          0x08000161   Thumb Code     0  entry11a.o(.ARM.Collect$$$$0000000F)
    SVC_Handler                              0x08000165   Thumb Code    32  port.o(.emb_text)
    __asm___6_port_c_39a90d8d__prvStartFirstTask 0x08000189   Thumb Code    28  port.o(.emb_text)
    PendSV_Handler                           0x080001a9   Thumb Code    72  port.o(.emb_text)
    vPortGetIPSR                             0x080001f5   Thumb Code     6  port.o(.emb_text)
    Reset_Handler                            0x080001fd   Thumb Code     8  startup_stm32f105xc.o(.text)
    ADC1_2_IRQHandler                        0x08000217   Thumb Code     0  startup_stm32f105xc.o(.text)
    CAN1_RX1_IRQHandler                      0x08000217   Thumb Code     0  startup_stm32f105xc.o(.text)
    CAN1_SCE_IRQHandler                      0x08000217   Thumb Code     0  startup_stm32f105xc.o(.text)
    CAN2_RX0_IRQHandler                      0x08000217   Thumb Code     0  startup_stm32f105xc.o(.text)
    CAN2_RX1_IRQHandler                      0x08000217   Thumb Code     0  startup_stm32f105xc.o(.text)
    CAN2_SCE_IRQHandler                      0x08000217   Thumb Code     0  startup_stm32f105xc.o(.text)
    CAN2_TX_IRQHandler                       0x08000217   Thumb Code     0  startup_stm32f105xc.o(.text)
    DMA1_Channel2_IRQHandler                 0x08000217   Thumb Code     0  startup_stm32f105xc.o(.text)
    DMA1_Channel4_IRQHandler                 0x08000217   Thumb Code     0  startup_stm32f105xc.o(.text)
    DMA1_Channel5_IRQHandler                 0x08000217   Thumb Code     0  startup_stm32f105xc.o(.text)
    DMA1_Channel6_IRQHandler                 0x08000217   Thumb Code     0  startup_stm32f105xc.o(.text)
    DMA1_Channel7_IRQHandler                 0x08000217   Thumb Code     0  startup_stm32f105xc.o(.text)
    DMA2_Channel1_IRQHandler                 0x08000217   Thumb Code     0  startup_stm32f105xc.o(.text)
    DMA2_Channel2_IRQHandler                 0x08000217   Thumb Code     0  startup_stm32f105xc.o(.text)
    DMA2_Channel3_IRQHandler                 0x08000217   Thumb Code     0  startup_stm32f105xc.o(.text)
    DMA2_Channel4_IRQHandler                 0x08000217   Thumb Code     0  startup_stm32f105xc.o(.text)
    DMA2_Channel5_IRQHandler                 0x08000217   Thumb Code     0  startup_stm32f105xc.o(.text)
    EXTI0_IRQHandler                         0x08000217   Thumb Code     0  startup_stm32f105xc.o(.text)
    EXTI15_10_IRQHandler                     0x08000217   Thumb Code     0  startup_stm32f105xc.o(.text)
    EXTI2_IRQHandler                         0x08000217   Thumb Code     0  startup_stm32f105xc.o(.text)
    EXTI3_IRQHandler                         0x08000217   Thumb Code     0  startup_stm32f105xc.o(.text)
    EXTI4_IRQHandler                         0x08000217   Thumb Code     0  startup_stm32f105xc.o(.text)
    EXTI9_5_IRQHandler                       0x08000217   Thumb Code     0  startup_stm32f105xc.o(.text)
    FLASH_IRQHandler                         0x08000217   Thumb Code     0  startup_stm32f105xc.o(.text)
    I2C1_ER_IRQHandler                       0x08000217   Thumb Code     0  startup_stm32f105xc.o(.text)
    I2C1_EV_IRQHandler                       0x08000217   Thumb Code     0  startup_stm32f105xc.o(.text)
    I2C2_ER_IRQHandler                       0x08000217   Thumb Code     0  startup_stm32f105xc.o(.text)
    I2C2_EV_IRQHandler                       0x08000217   Thumb Code     0  startup_stm32f105xc.o(.text)
    OTG_FS_IRQHandler                        0x08000217   Thumb Code     0  startup_stm32f105xc.o(.text)
    OTG_FS_WKUP_IRQHandler                   0x08000217   Thumb Code     0  startup_stm32f105xc.o(.text)
    PVD_IRQHandler                           0x08000217   Thumb Code     0  startup_stm32f105xc.o(.text)
    RCC_IRQHandler                           0x08000217   Thumb Code     0  startup_stm32f105xc.o(.text)
    RTC_Alarm_IRQHandler                     0x08000217   Thumb Code     0  startup_stm32f105xc.o(.text)
    RTC_IRQHandler                           0x08000217   Thumb Code     0  startup_stm32f105xc.o(.text)
    SPI1_IRQHandler                          0x08000217   Thumb Code     0  startup_stm32f105xc.o(.text)
    SPI2_IRQHandler                          0x08000217   Thumb Code     0  startup_stm32f105xc.o(.text)
    SPI3_IRQHandler                          0x08000217   Thumb Code     0  startup_stm32f105xc.o(.text)
    TAMPER_IRQHandler                        0x08000217   Thumb Code     0  startup_stm32f105xc.o(.text)
    TIM1_BRK_IRQHandler                      0x08000217   Thumb Code     0  startup_stm32f105xc.o(.text)
    TIM1_CC_IRQHandler                       0x08000217   Thumb Code     0  startup_stm32f105xc.o(.text)
    TIM1_TRG_COM_IRQHandler                  0x08000217   Thumb Code     0  startup_stm32f105xc.o(.text)
    TIM1_UP_IRQHandler                       0x08000217   Thumb Code     0  startup_stm32f105xc.o(.text)
    TIM2_IRQHandler                          0x08000217   Thumb Code     0  startup_stm32f105xc.o(.text)
    TIM3_IRQHandler                          0x08000217   Thumb Code     0  startup_stm32f105xc.o(.text)
    TIM4_IRQHandler                          0x08000217   Thumb Code     0  startup_stm32f105xc.o(.text)
    TIM5_IRQHandler                          0x08000217   Thumb Code     0  startup_stm32f105xc.o(.text)
    UART4_IRQHandler                         0x08000217   Thumb Code     0  startup_stm32f105xc.o(.text)
    UART5_IRQHandler                         0x08000217   Thumb Code     0  startup_stm32f105xc.o(.text)
    USART1_IRQHandler                        0x08000217   Thumb Code     0  startup_stm32f105xc.o(.text)
    USART2_IRQHandler                        0x08000217   Thumb Code     0  startup_stm32f105xc.o(.text)
    WWDG_IRQHandler                          0x08000217   Thumb Code     0  startup_stm32f105xc.o(.text)
    __aeabi_uldivmod                         0x08000221   Thumb Code    98  uldiv.o(.text)
    __aeabi_llsr                             0x08000283   Thumb Code    32  llushr.o(.text)
    _ll_ushift_r                             0x08000283   Thumb Code     0  llushr.o(.text)
    __aeabi_memcpy                           0x080002a3   Thumb Code    36  memcpya.o(.text)
    __aeabi_memcpy4                          0x080002a3   Thumb Code     0  memcpya.o(.text)
    __aeabi_memcpy8                          0x080002a3   Thumb Code     0  memcpya.o(.text)
    __aeabi_memset                           0x080002c7   Thumb Code    14  memseta.o(.text)
    __aeabi_memset4                          0x080002c7   Thumb Code     0  memseta.o(.text)
    __aeabi_memset8                          0x080002c7   Thumb Code     0  memseta.o(.text)
    __aeabi_memclr                           0x080002d5   Thumb Code     4  memseta.o(.text)
    __aeabi_memclr4                          0x080002d5   Thumb Code     0  memseta.o(.text)
    __aeabi_memclr8                          0x080002d5   Thumb Code     0  memseta.o(.text)
    memset                                   0x080002d9   Thumb Code    18  memseta.o(.text)
    __aeabi_fadd                             0x080002eb   Thumb Code   164  fadd.o(.text)
    __aeabi_fsub                             0x0800038f   Thumb Code     6  fadd.o(.text)
    __aeabi_frsub                            0x08000395   Thumb Code     6  fadd.o(.text)
    __aeabi_fmul                             0x0800039b   Thumb Code   100  fmul.o(.text)
    __aeabi_fdiv                             0x080003ff   Thumb Code   124  fdiv.o(.text)
    __ARM_scalbnf                            0x0800047b   Thumb Code    24  fscalb.o(.text)
    scalbnf                                  0x0800047b   Thumb Code     0  fscalb.o(.text)
    __aeabi_dadd                             0x08000493   Thumb Code   322  dadd.o(.text)
    __aeabi_dsub                             0x080005d5   Thumb Code     6  dadd.o(.text)
    __aeabi_drsub                            0x080005db   Thumb Code     6  dadd.o(.text)
    __aeabi_dmul                             0x080005e1   Thumb Code   228  dmul.o(.text)
    __aeabi_ddiv                             0x080006c5   Thumb Code   222  ddiv.o(.text)
    __aeabi_i2f                              0x080007a3   Thumb Code    18  fflti.o(.text)
    __aeabi_ui2f                             0x080007b5   Thumb Code    10  ffltui.o(.text)
    __aeabi_i2d                              0x080007bf   Thumb Code    34  dflti.o(.text)
    __aeabi_f2iz                             0x080007e1   Thumb Code    50  ffixi.o(.text)
    __aeabi_f2uiz                            0x08000813   Thumb Code    40  ffixui.o(.text)
    __aeabi_f2d                              0x0800083b   Thumb Code    38  f2d.o(.text)
    __aeabi_cdrcmple                         0x08000861   Thumb Code    48  cdrcmple.o(.text)
    __aeabi_d2f                              0x08000891   Thumb Code    56  d2f.o(.text)
    __aeabi_cfcmpeq                          0x080008c9   Thumb Code     0  cfcmple.o(.text)
    __aeabi_cfcmple                          0x080008c9   Thumb Code    20  cfcmple.o(.text)
    __aeabi_cfrcmple                         0x080008dd   Thumb Code    20  cfrcmple.o(.text)
    __aeabi_llsl                             0x080008f1   Thumb Code    30  llshl.o(.text)
    _ll_shift_l                              0x080008f1   Thumb Code     0  llshl.o(.text)
    __aeabi_lasr                             0x0800090f   Thumb Code    36  llsshr.o(.text)
    _ll_sshift_r                             0x0800090f   Thumb Code     0  llsshr.o(.text)
    __I$use$fp                               0x08000933   Thumb Code     0  iusefp.o(.text)
    _float_round                             0x08000933   Thumb Code    18  fepilogue.o(.text)
    _float_epilogue                          0x08000945   Thumb Code    92  fepilogue.o(.text)
    _frnd                                    0x080009a1   Thumb Code    60  frnd.o(.text)
    _double_round                            0x080009dd   Thumb Code    30  depilogue.o(.text)
    _double_epilogue                         0x080009fb   Thumb Code   156  depilogue.o(.text)
    __ARM_scalbn                             0x08000a97   Thumb Code    46  dscalb.o(.text)
    scalbn                                   0x08000a97   Thumb Code     0  dscalb.o(.text)
    _dsqrt                                   0x08000ac5   Thumb Code   162  dsqrt.o(.text)
    __scatterload                            0x08000b69   Thumb Code    28  init.o(.text)
    __scatterload_rt2                        0x08000b69   Thumb Code     0  init.o(.text)
    __decompress                             0x08000b8d   Thumb Code     0  __dczerorl2.o(.text)
    __decompress1                            0x08000b8d   Thumb Code    86  __dczerorl2.o(.text)
    ADC_ConversionStop_Disable               0x08000be5   Thumb Code    76  stm32f1xx_hal_adc.o(i.ADC_ConversionStop_Disable)
    BusFault_Handler                         0x08000c31   Thumb Code     2  stm32f1xx_it.o(i.BusFault_Handler)
    Butterworth_Filter                       0x08000c33   Thumb Code   104  filter_1.o(i.Butterworth_Filter)
    Butterworth_Parameter_Init               0x08000c9d   Thumb Code   114  filter_1.o(i.Butterworth_Parameter_Init)
    CAN1_RX0_IRQHandler                      0x08000d39   Thumb Code     6  stm32f1xx_it.o(i.CAN1_RX0_IRQHandler)
    CAN1_TX_IRQHandler                       0x08000d45   Thumb Code     6  stm32f1xx_it.o(i.CAN1_TX_IRQHandler)
    Callback_RC_Handle                       0x08000d51   Thumb Code   144  remote_control.o(i.Callback_RC_Handle)
    DMA1_Channel1_IRQHandler                 0x08000de9   Thumb Code     6  stm32f1xx_it.o(i.DMA1_Channel1_IRQHandler)
    DMA1_Channel3_IRQHandler                 0x08000df5   Thumb Code     6  stm32f1xx_it.o(i.DMA1_Channel3_IRQHandler)
    DebugMon_Handler                         0x08000e2b   Thumb Code     2  stm32f1xx_it.o(i.DebugMon_Handler)
    EXTI1_IRQHandler                         0x08000e2d   Thumb Code     6  stm32f1xx_it.o(i.EXTI1_IRQHandler)
    Error_Handler                            0x08000e33   Thumb Code     2  main.o(i.Error_Handler)
    HAL_ADC_ConfigChannel                    0x08000e35   Thumb Code   240  stm32f1xx_hal_adc.o(i.HAL_ADC_ConfigChannel)
    HAL_ADC_Init                             0x08000f31   Thumb Code   272  stm32f1xx_hal_adc.o(i.HAL_ADC_Init)
    HAL_ADC_MspInit                          0x0800104d   Thumb Code   120  adc.o(i.HAL_ADC_MspInit)
    HAL_CAN_ActivateNotification             0x080010d9   Thumb Code    36  stm32f1xx_hal_can.o(i.HAL_CAN_ActivateNotification)
    HAL_CAN_AddTxMessage                     0x080010fd   Thumb Code   200  stm32f1xx_hal_can.o(i.HAL_CAN_AddTxMessage)
    HAL_CAN_ConfigFilter                     0x080011c5   Thumb Code   262  stm32f1xx_hal_can.o(i.HAL_CAN_ConfigFilter)
    HAL_CAN_ErrorCallback                    0x080012d1   Thumb Code     2  stm32f1xx_hal_can.o(i.HAL_CAN_ErrorCallback)
    HAL_CAN_GetRxMessage                     0x080012d3   Thumb Code   232  stm32f1xx_hal_can.o(i.HAL_CAN_GetRxMessage)
    HAL_CAN_IRQHandler                       0x080013bb   Thumb Code   508  stm32f1xx_hal_can.o(i.HAL_CAN_IRQHandler)
    HAL_CAN_Init                             0x080015b7   Thumb Code   282  stm32f1xx_hal_can.o(i.HAL_CAN_Init)
    HAL_CAN_MspInit                          0x080016d1   Thumb Code   146  can.o(i.HAL_CAN_MspInit)
    HAL_CAN_RxFifo0FullCallback              0x08001775   Thumb Code     2  stm32f1xx_hal_can.o(i.HAL_CAN_RxFifo0FullCallback)
    HAL_CAN_RxFifo0MsgPendingCallback        0x08001779   Thumb Code   108  bsp_can.o(i.HAL_CAN_RxFifo0MsgPendingCallback)
    HAL_CAN_RxFifo1FullCallback              0x080017f1   Thumb Code     2  stm32f1xx_hal_can.o(i.HAL_CAN_RxFifo1FullCallback)
    HAL_CAN_RxFifo1MsgPendingCallback        0x080017f3   Thumb Code     2  stm32f1xx_hal_can.o(i.HAL_CAN_RxFifo1MsgPendingCallback)
    HAL_CAN_SleepCallback                    0x080017f5   Thumb Code     2  stm32f1xx_hal_can.o(i.HAL_CAN_SleepCallback)
    HAL_CAN_Start                            0x080017f9   Thumb Code    88  stm32f1xx_hal_can.o(i.HAL_CAN_Start)
    HAL_CAN_TxMailbox0AbortCallback          0x08001851   Thumb Code     2  stm32f1xx_hal_can.o(i.HAL_CAN_TxMailbox0AbortCallback)
    HAL_CAN_TxMailbox0CompleteCallback       0x08001853   Thumb Code     2  stm32f1xx_hal_can.o(i.HAL_CAN_TxMailbox0CompleteCallback)
    HAL_CAN_TxMailbox1AbortCallback          0x08001855   Thumb Code     2  stm32f1xx_hal_can.o(i.HAL_CAN_TxMailbox1AbortCallback)
    HAL_CAN_TxMailbox1CompleteCallback       0x08001857   Thumb Code     2  stm32f1xx_hal_can.o(i.HAL_CAN_TxMailbox1CompleteCallback)
    HAL_CAN_TxMailbox2AbortCallback          0x08001859   Thumb Code     2  stm32f1xx_hal_can.o(i.HAL_CAN_TxMailbox2AbortCallback)
    HAL_CAN_TxMailbox2CompleteCallback       0x0800185b   Thumb Code     2  stm32f1xx_hal_can.o(i.HAL_CAN_TxMailbox2CompleteCallback)
    HAL_CAN_WakeUpFromRxMsgCallback          0x0800185d   Thumb Code     2  stm32f1xx_hal_can.o(i.HAL_CAN_WakeUpFromRxMsgCallback)
    HAL_DMA_IRQHandler                       0x08001861   Thumb Code   552  stm32f1xx_hal_dma.o(i.HAL_DMA_IRQHandler)
    HAL_DMA_Init                             0x08001aa9   Thumb Code   112  stm32f1xx_hal_dma.o(i.HAL_DMA_Init)
    HAL_DMA_Start                            0x08001b25   Thumb Code    80  stm32f1xx_hal_dma.o(i.HAL_DMA_Start)
    HAL_GPIO_EXTI_Callback                   0x08001b75   Thumb Code     2  stm32f1xx_hal_gpio.o(i.HAL_GPIO_EXTI_Callback)
    HAL_GPIO_EXTI_IRQHandler                 0x08001b79   Thumb Code    18  stm32f1xx_hal_gpio.o(i.HAL_GPIO_EXTI_IRQHandler)
    HAL_GPIO_Init                            0x08001b91   Thumb Code   446  stm32f1xx_hal_gpio.o(i.HAL_GPIO_Init)
    HAL_GPIO_WritePin                        0x08001d71   Thumb Code    10  stm32f1xx_hal_gpio.o(i.HAL_GPIO_WritePin)
    HAL_GetTick                              0x08001d7d   Thumb Code     6  stm32f1xx_hal.o(i.HAL_GetTick)
    HAL_IncTick                              0x08001d89   Thumb Code    12  stm32f1xx_hal.o(i.HAL_IncTick)
    HAL_Init                                 0x08001d99   Thumb Code    32  stm32f1xx_hal.o(i.HAL_Init)
    HAL_InitTick                             0x08001dbd   Thumb Code   100  stm32f1xx_hal_timebase_tim.o(i.HAL_InitTick)
    HAL_MspInit                              0x08001e31   Thumb Code    62  stm32f1xx_hal_msp.o(i.HAL_MspInit)
    HAL_NVIC_EnableIRQ                       0x08001e79   Thumb Code    26  stm32f1xx_hal_cortex.o(i.HAL_NVIC_EnableIRQ)
    HAL_NVIC_SetPriority                     0x08001e95   Thumb Code    60  stm32f1xx_hal_cortex.o(i.HAL_NVIC_SetPriority)
    HAL_NVIC_SetPriorityGrouping             0x08001ed5   Thumb Code    26  stm32f1xx_hal_cortex.o(i.HAL_NVIC_SetPriorityGrouping)
    HAL_RCCEx_PeriphCLKConfig                0x08001ef9   Thumb Code   374  stm32f1xx_hal_rcc_ex.o(i.HAL_RCCEx_PeriphCLKConfig)
    HAL_RCC_ClockConfig                      0x08002081   Thumb Code   280  stm32f1xx_hal_rcc.o(i.HAL_RCC_ClockConfig)
    HAL_RCC_GetClockConfig                   0x080021ad   Thumb Code    54  stm32f1xx_hal_rcc.o(i.HAL_RCC_GetClockConfig)
    HAL_RCC_GetPCLK1Freq                     0x080021ed   Thumb Code    20  stm32f1xx_hal_rcc.o(i.HAL_RCC_GetPCLK1Freq)
    HAL_RCC_GetPCLK2Freq                     0x0800220d   Thumb Code    20  stm32f1xx_hal_rcc.o(i.HAL_RCC_GetPCLK2Freq)
    HAL_RCC_GetSysClockFreq                  0x0800222d   Thumb Code   148  stm32f1xx_hal_rcc.o(i.HAL_RCC_GetSysClockFreq)
    HAL_RCC_OscConfig                        0x080022f1   Thumb Code   974  stm32f1xx_hal_rcc.o(i.HAL_RCC_OscConfig)
    HAL_SPI_Init                             0x080026d5   Thumb Code   124  stm32f1xx_hal_spi.o(i.HAL_SPI_Init)
    HAL_SPI_MspInit                          0x08002751   Thumb Code    94  spi.o(i.HAL_SPI_MspInit)
    HAL_TIMEx_BreakCallback                  0x080027c1   Thumb Code     2  stm32f1xx_hal_tim_ex.o(i.HAL_TIMEx_BreakCallback)
    HAL_TIMEx_CommutCallback                 0x080027c3   Thumb Code     2  stm32f1xx_hal_tim_ex.o(i.HAL_TIMEx_CommutCallback)
    HAL_TIMEx_ConfigBreakDeadTime            0x080027c5   Thumb Code    84  stm32f1xx_hal_tim_ex.o(i.HAL_TIMEx_ConfigBreakDeadTime)
    HAL_TIMEx_MasterConfigSynchronization    0x08002819   Thumb Code    66  stm32f1xx_hal_tim_ex.o(i.HAL_TIMEx_MasterConfigSynchronization)
    HAL_TIM_Base_Init                        0x0800285b   Thumb Code    54  stm32f1xx_hal_tim.o(i.HAL_TIM_Base_Init)
    HAL_TIM_Base_MspInit                     0x08002891   Thumb Code    50  tim.o(i.HAL_TIM_Base_MspInit)
    HAL_TIM_Base_Start                       0x080028cd   Thumb Code    36  stm32f1xx_hal_tim.o(i.HAL_TIM_Base_Start)
    HAL_TIM_Base_Start_IT                    0x080028f1   Thumb Code    34  stm32f1xx_hal_tim.o(i.HAL_TIM_Base_Start_IT)
    HAL_TIM_Base_Stop                        0x08002913   Thumb Code    44  stm32f1xx_hal_tim.o(i.HAL_TIM_Base_Stop)
    HAL_TIM_IC_CaptureCallback               0x0800293f   Thumb Code     2  stm32f1xx_hal_tim.o(i.HAL_TIM_IC_CaptureCallback)
    HAL_TIM_IRQHandler                       0x08002941   Thumb Code   358  stm32f1xx_hal_tim.o(i.HAL_TIM_IRQHandler)
    HAL_TIM_MspPostInit                      0x08002aa9   Thumb Code    64  tim.o(i.HAL_TIM_MspPostInit)
    HAL_TIM_OC_DelayElapsedCallback          0x08002af5   Thumb Code     2  stm32f1xx_hal_tim.o(i.HAL_TIM_OC_DelayElapsedCallback)
    HAL_TIM_PWM_ConfigChannel                0x08002af7   Thumb Code   208  stm32f1xx_hal_tim.o(i.HAL_TIM_PWM_ConfigChannel)
    HAL_TIM_PWM_Init                         0x08002bc7   Thumb Code    54  stm32f1xx_hal_tim.o(i.HAL_TIM_PWM_Init)
    HAL_TIM_PWM_MspInit                      0x08002bfd   Thumb Code    30  tim.o(i.HAL_TIM_PWM_MspInit)
    HAL_TIM_PWM_PulseFinishedCallback        0x08002c25   Thumb Code     2  stm32f1xx_hal_tim.o(i.HAL_TIM_PWM_PulseFinishedCallback)
    HAL_TIM_PWM_Start                        0x08002c29   Thumb Code    52  stm32f1xx_hal_tim.o(i.HAL_TIM_PWM_Start)
    HAL_TIM_PeriodElapsedCallback            0x08002c61   Thumb Code    14  main.o(i.HAL_TIM_PeriodElapsedCallback)
    HAL_TIM_TriggerCallback                  0x08002c75   Thumb Code     2  stm32f1xx_hal_tim.o(i.HAL_TIM_TriggerCallback)
    HAL_UART_IDLE_IRQHandler                 0x08002c79   Thumb Code   192  remote_control.o(i.HAL_UART_IDLE_IRQHandler)
    HAL_UART_Init                            0x08002d45   Thumb Code    98  stm32f1xx_hal_uart.o(i.HAL_UART_Init)
    HAL_UART_MspInit                         0x08002da9   Thumb Code   232  usart.o(i.HAL_UART_MspInit)
    HAL_UART_Receive_IT_IDLE                 0x08002eb1   Thumb Code    18  remote_control.o(i.HAL_UART_Receive_IT_IDLE)
    HardFault_Handler                        0x08002ec3   Thumb Code     2  stm32f1xx_it.o(i.HardFault_Handler)
    IIC_Ack                                  0x08002ec5   Thumb Code    56  myiic.o(i.IIC_Ack)
    IIC_Init                                 0x08002f05   Thumb Code    56  myiic.o(i.IIC_Init)
    IIC_NAck                                 0x08002f49   Thumb Code    56  myiic.o(i.IIC_NAck)
    IIC_Read_Byte                            0x08002f89   Thumb Code   100  myiic.o(i.IIC_Read_Byte)
    IIC_Send_Byte                            0x08002ff5   Thumb Code    86  myiic.o(i.IIC_Send_Byte)
    IIC_Start                                0x08003055   Thumb Code    56  myiic.o(i.IIC_Start)
    IIC_Stop                                 0x08003095   Thumb Code    56  myiic.o(i.IIC_Stop)
    IIC_Wait_Ack                             0x080030d5   Thumb Code    78  myiic.o(i.IIC_Wait_Ack)
    MPU9250_GETDATA                          0x0800312d   Thumb Code    18  bsp_mpu9250.o(i.MPU9250_GETDATA)
    MPU9250_INIT                             0x0800313f   Thumb Code    24  bsp_mpu9250.o(i.MPU9250_INIT)
    MPU9250_Init                             0x08003157   Thumb Code   164  mpu9250.o(i.MPU9250_Init)
    MPU_Get_Accelerometer                    0x080031fd   Thumb Code    48  mpu9250.o(i.MPU_Get_Accelerometer)
    MPU_Get_Gyroscope                        0x08003231   Thumb Code    48  mpu9250.o(i.MPU_Get_Gyroscope)
    MPU_Get_Magnetometer                     0x08003265   Thumb Code    54  mpu9250.o(i.MPU_Get_Magnetometer)
    MPU_Read_Byte                            0x080032a1   Thumb Code    68  mpu9250.o(i.MPU_Read_Byte)
    MPU_Read_Len                             0x080032e5   Thumb Code   108  mpu9250.o(i.MPU_Read_Len)
    MPU_Set_Accel_Fsr                        0x08003351   Thumb Code    12  mpu9250.o(i.MPU_Set_Accel_Fsr)
    MPU_Set_Gyro_Fsr                         0x0800335d   Thumb Code    12  mpu9250.o(i.MPU_Set_Gyro_Fsr)
    MPU_Set_LPF                              0x08003369   Thumb Code    50  mpu9250.o(i.MPU_Set_LPF)
    MPU_Set_Rate                             0x0800339b   Thumb Code    48  mpu9250.o(i.MPU_Set_Rate)
    MPU_Write_Byte                           0x080033cb   Thumb Code    64  mpu9250.o(i.MPU_Write_Byte)
    MX_ADC1_Init                             0x0800340d   Thumb Code    68  adc.o(i.MX_ADC1_Init)
    MX_CAN1_Init                             0x08003459   Thumb Code    58  can.o(i.MX_CAN1_Init)
    MX_DMA_Init                              0x0800349d   Thumb Code    56  dma.o(i.MX_DMA_Init)
    MX_FREERTOS_Init                         0x080034d9   Thumb Code    30  freertos.o(i.MX_FREERTOS_Init)
    MX_GPIO_Init                             0x08003501   Thumb Code   222  gpio.o(i.MX_GPIO_Init)
    MX_SPI1_Init                             0x080035f1   Thumb Code    64  spi.o(i.MX_SPI1_Init)
    MX_TIM1_Init                             0x08003639   Thumb Code   174  tim.o(i.MX_TIM1_Init)
    MX_TIM6_Init                             0x080036f1   Thumb Code    60  tim.o(i.MX_TIM6_Init)
    MX_USART2_UART_Init                      0x08003735   Thumb Code    48  usart.o(i.MX_USART2_UART_Init)
    MX_USART3_UART_Init                      0x0800376d   Thumb Code    46  usart.o(i.MX_USART3_UART_Init)
    MemManage_Handler                        0x080037a9   Thumb Code     2  stm32f1xx_it.o(i.MemManage_Handler)
    NMI_Handler                              0x080037ab   Thumb Code     2  stm32f1xx_it.o(i.NMI_Handler)
    PWM_SetDuty                              0x080037ad   Thumb Code    36  fric.o(i.PWM_SetDuty)
    Set_Cutoff_Frequency                     0x080037d1   Thumb Code   172  filter_1.o(i.Set_Cutoff_Frequency)
    StartDefaultTask                         0x08003885   Thumb Code     8  freertos.o(i.StartDefaultTask)
    SysTick_Handler                          0x0800388d   Thumb Code    38  port.o(i.SysTick_Handler)
    SystemClock_Config                       0x080038b9   Thumb Code   104  main.o(i.SystemClock_Config)
    SystemInit                               0x08003925   Thumb Code    68  system_stm32f1xx.o(i.SystemInit)
    TIM6_IRQHandler                          0x08003979   Thumb Code     6  stm32f1xx_it.o(i.TIM6_IRQHandler)
    TIM7_IRQHandler                          0x08003985   Thumb Code    18  stm32f1xx_it.o(i.TIM7_IRQHandler)
    TIM_Base_SetConfig                       0x080039a1   Thumb Code   106  stm32f1xx_hal_tim.o(i.TIM_Base_SetConfig)
    TIM_CCxChannelCmd                        0x08003a1d   Thumb Code    26  stm32f1xx_hal_tim.o(i.TIM_CCxChannelCmd)
    TIM_OC2_SetConfig                        0x08003a89   Thumb Code    84  stm32f1xx_hal_tim.o(i.TIM_OC2_SetConfig)
    Task_Init                                0x08003b7d   Thumb Code    74  init.o(i.Task_Init)
    UART_Receive_DMA_NoIT                    0x08003bd1   Thumb Code   120  remote_control.o(i.UART_Receive_DMA_NoIT)
    USART3_IRQHandler                        0x08003d01   Thumb Code     6  stm32f1xx_it.o(i.USART3_IRQHandler)
    UsageFault_Handler                       0x08003d0d   Thumb Code     2  stm32f1xx_it.o(i.UsageFault_Handler)
    User_Init                                0x08003d11   Thumb Code   166  init.o(i.User_Init)
    __ARM_fpclassify                         0x08003dfd   Thumb Code    40  fpclassify.o(i.__ARM_fpclassify)
    __ARM_fpclassifyf                        0x08003e25   Thumb Code    38  fpclassifyf.o(i.__ARM_fpclassifyf)
    __kernel_poly                            0x08003e6b   Thumb Code   170  poly.o(i.__kernel_poly)
    __mathlib_dbl_infnan                     0x08003f15   Thumb Code     6  dunder.o(i.__mathlib_dbl_infnan)
    __mathlib_dbl_infnan2                    0x08003f1b   Thumb Code     4  dunder.o(i.__mathlib_dbl_infnan2)
    __mathlib_dbl_invalid                    0x08003f1f   Thumb Code    12  dunder.o(i.__mathlib_dbl_invalid)
    __mathlib_dbl_underflow                  0x08003f2d   Thumb Code    10  dunder.o(i.__mathlib_dbl_underflow)
    __mathlib_flt_infnan                     0x08003f3d   Thumb Code     6  funder.o(i.__mathlib_flt_infnan)
    __mathlib_flt_invalid                    0x08003f43   Thumb Code     8  funder.o(i.__mathlib_flt_invalid)
    __mathlib_flt_underflow                  0x08003f4b   Thumb Code    10  funder.o(i.__mathlib_flt_underflow)
    __mathlib_rredf2                         0x08003f55   Thumb Code   344  rredf.o(i.__mathlib_rredf2)
    __scatterload_copy                       0x080040bd   Thumb Code    14  handlers.o(i.__scatterload_copy)
    __scatterload_null                       0x080040cb   Thumb Code     2  handlers.o(i.__scatterload_null)
    __scatterload_zeroinit                   0x080040cd   Thumb Code    14  handlers.o(i.__scatterload_zeroinit)
    __set_errno                              0x080040dd   Thumb Code     6  errno.o(i.__set_errno)
    asin                                     0x080040e9   Thumb Code   572  asin.o(i.asin)
    atan                                     0x08004359   Thumb Code   474  atan.o(i.atan)
    atan2                                    0x08004579   Thumb Code   346  atan2.o(i.atan2)
    can_user_init                            0x080046f9   Thumb Code    58  bsp_can.o(i.can_user_init)
    configureTimerForRunTimeStats            0x08004735   Thumb Code     8  test_task .o(i.configureTimerForRunTimeStats)
    cosf                                     0x08004741   Thumb Code   328  cosf.o(i.cosf)
    delayXms                                 0x080048bd   Thumb Code    26  tim_delay.o(i.delayXms)
    delayXus                                 0x080048d9   Thumb Code    48  tim_delay.o(i.delayXus)
    fric1_on                                 0x0800490d   Thumb Code    20  fric.o(i.fric1_on)
    fric2_on                                 0x08004925   Thumb Code    20  fric.o(i.fric2_on)
    fric_PWM_configuration                   0x0800493d   Thumb Code    34  fric.o(i.fric_PWM_configuration)
    fric_off                                 0x08004965   Thumb Code    28  fric.o(i.fric_off)
    getRunTimeCounterValue                   0x08004989   Thumb Code     6  test_task .o(i.getRunTimeCounterValue)
    holder_Task                              0x08004995   Thumb Code   302  holder_task.o(i.holder_Task)
    init_quaternion                          0x08004afd   Thumb Code   254  bsp_mpu9250.o(i.init_quaternion)
    inv_sqrt                                 0x08004c59   Thumb Code    48  bsp_mpu9250.o(i.inv_sqrt)
    laser_off                                0x08004c8d   Thumb Code    10  laser.o(i.laser_off)
    laser_on                                 0x08004c9d   Thumb Code    10  laser.o(i.laser_on)
    main                                     0x08004cad   Thumb Code    78  main.o(i.main)
    mpu9250_ahrs_update                      0x08004d09   Thumb Code  1436  bsp_mpu9250.o(i.mpu9250_ahrs_update)
    mpu9250_attitude_update                  0x080052a5   Thumb Code   312  bsp_mpu9250.o(i.mpu9250_attitude_update)
    mpu9250_getdata                          0x080053e9   Thumb Code   332  bsp_mpu9250.o(i.mpu9250_getdata)
    mpu_offset_call                          0x08005561   Thumb Code   150  bsp_mpu9250.o(i.mpu_offset_call)
    osDelay                                  0x080055fd   Thumb Code    14  cmsis_os.o(i.osDelay)
    osKernelStart                            0x0800560b   Thumb Code    10  cmsis_os.o(i.osKernelStart)
    osThreadCreate                           0x08005615   Thumb Code    46  cmsis_os.o(i.osThreadCreate)
    pid_calc                                 0x08005643   Thumb Code   168  pid.o(i.pid_calc)
    pid_init                                 0x080056eb   Thumb Code    12  pid.o(i.pid_init)
    pvPortMalloc                             0x08005a2d   Thumb Code   210  heap_4.o(i.pvPortMalloc)
    pxPortInitialiseStack                    0x08005b05   Thumb Code    32  port.o(i.pxPortInitialiseStack)
    ramp_calc                                0x08005b29   Thumb Code    50  user_lib.o(i.ramp_calc)
    ramp_init                                0x08005b5b   Thumb Code    14  user_lib.o(i.ramp_init)
    set_holdermotor_voltage                  0x08005b69   Thumb Code    66  bsp_can.o(i.set_holdermotor_voltage)
    shoot_Task                               0x08005bb1   Thumb Code    48  shoot_task.o(i.shoot_Task)
    sqrt                                     0x08005bed   Thumb Code    76  sqrt.o(i.sqrt)
    tanf                                     0x08005c39   Thumb Code   314  tanf.o(i.tanf)
    test_Task                                0x08005dad   Thumb Code    42  test_task .o(i.test_Task)
    uxListRemove                             0x08005de5   Thumb Code    38  list.o(i.uxListRemove)
    vListInitialise                          0x08005e0b   Thumb Code    22  list.o(i.vListInitialise)
    vListInitialiseItem                      0x08005e21   Thumb Code     6  list.o(i.vListInitialiseItem)
    vListInsert                              0x08005e27   Thumb Code    48  list.o(i.vListInsert)
    vListInsertEnd                           0x08005e57   Thumb Code    24  list.o(i.vListInsertEnd)
    vPortEnterCritical                       0x08005e71   Thumb Code    54  port.o(i.vPortEnterCritical)
    vPortExitCritical                        0x08005eb1   Thumb Code    34  port.o(i.vPortExitCritical)
    vPortFree                                0x08005ed9   Thumb Code    88  heap_4.o(i.vPortFree)
    vPortSetupTimerInterrupt                 0x08005f35   Thumb Code    32  port.o(i.vPortSetupTimerInterrupt)
    vTaskDelay                               0x08005f59   Thumb Code    66  tasks.o(i.vTaskDelay)
    vTaskStartScheduler                      0x08005fa5   Thumb Code    90  tasks.o(i.vTaskStartScheduler)
    vTaskSuspendAll                          0x08006011   Thumb Code    10  tasks.o(i.vTaskSuspendAll)
    vTaskSwitchContext                       0x08006021   Thumb Code   108  tasks.o(i.vTaskSwitchContext)
    xPortStartScheduler                      0x08006095   Thumb Code   154  port.o(i.xPortStartScheduler)
    xTaskCreate                              0x0800613d   Thumb Code    86  tasks.o(i.xTaskCreate)
    xTaskIncrementTick                       0x08006195   Thumb Code   192  tasks.o(i.xTaskIncrementTick)
    xTaskResumeAll                           0x0800625d   Thumb Code   182  tasks.o(i.xTaskResumeAll)
    AHBPrescTable                            0x08006370   Data          16  system_stm32f1xx.o(.constdata)
    APBPrescTable                            0x08006380   Data           8  system_stm32f1xx.o(.constdata)
    __mathlib_zero                           0x08006470   Data           8  qnan.o(.constdata)
    Region$$Table$$Base                      0x080064c8   Number         0  anon$$obj.o(Region$$Table)
    Region$$Table$$Limit                     0x080064e8   Number         0  anon$$obj.o(Region$$Table)
    can_cnt                                  0x20000000   Data           2  bsp_can.o(.data)
    motor_info                               0x20000002   Data          84  bsp_can.o(.data)
    Latest_Remote_Control_Pack_Time          0x20000058   Data           4  remote_control.o(.data)
    dbus_time                                0x2000005c   Data           4  remote_control.o(.data)
    holder_TaskHandle                        0x20000060   Data           4  init.o(.data)
    shoot_TaskHandle                         0x20000064   Data           4  init.o(.data)
    test_TaskHandle                          0x20000068   Data           4  init.o(.data)
    ulHighFrequencyTimerTicks                0x2000006c   Data           4  test_task .o(.data)
    Speed_yaw                                0x20000070   Data           4  test_task .o(.data)
    Speed_pit                                0x20000074   Data           4  test_task .o(.data)
    Magnetic                                 0x20000078   Data           4  test_task .o(.data)
    remote_yaw                               0x2000007c   Data           2  holder_task.o(.data)
    remote_pitch                             0x2000007e   Data           2  holder_task.o(.data)
    remote_BODAN                             0x20000080   Data           2  holder_task.o(.data)
    defaultTaskHandle                        0x20000084   Data           4  freertos.o(.data)
    uwTickFreq                               0x20000088   Data           1  stm32f1xx_hal.o(.data)
    uwTickPrio                               0x2000008c   Data           4  stm32f1xx_hal.o(.data)
    uwTick                                   0x20000090   Data           4  stm32f1xx_hal.o(.data)
    SystemCoreClock                          0x20000094   Data           4  system_stm32f1xx.o(.data)
    pxCurrentTCB                             0x20000098   Data           4  tasks.o(.data)
    Accel_Parameter                          0x20000100   Data          24  filter_1.o(.data)
    Gyro_Parameter                           0x20000118   Data          24  filter_1.o(.data)
    Bandstop_Filter_Parameter_30_94          0x20000130   Data          24  filter_1.o(.data)
    Bandstop_Filter_Parameter_30_98          0x20000148   Data          24  filter_1.o(.data)
    mpu9250_data                             0x20000160   Data           4  bsp_mpu9250.o(.data)
    mpu9250                                  0x20000164   Data           4  bsp_mpu9250.o(.data)
    q0                                       0x20000168   Data           4  bsp_mpu9250.o(.data)
    q1                                       0x2000016c   Data           4  bsp_mpu9250.o(.data)
    q2                                       0x20000170   Data           4  bsp_mpu9250.o(.data)
    q3                                       0x20000174   Data           4  bsp_mpu9250.o(.data)
    exInt                                    0x20000178   Data           4  bsp_mpu9250.o(.data)
    eyInt                                    0x2000017c   Data           4  bsp_mpu9250.o(.data)
    ezInt                                    0x20000180   Data           4  bsp_mpu9250.o(.data)
    last_update                              0x200001a8   Data           4  bsp_mpu9250.o(.data)
    now_update                               0x200001ac   Data           4  bsp_mpu9250.o(.data)
    UART_Buffer                              0x200001b4   Data         100  remote_control.o(.bss)
    remote_control                           0x20000218   Data          20  remote_control.o(.bss)
    fric_pwm                                 0x2000022c   Data          20  user_lib.o(.bss)
    pitch_Angle_pid                          0x20000240   Data          52  init.o(.bss)
    yaw_Angle_pid                            0x20000274   Data          52  init.o(.bss)
    pitch_speed_pid                          0x200002a8   Data          52  init.o(.bss)
    yaw_speed_pid                            0x200002dc   Data          52  init.o(.bss)
    BODAN_speed_pid                          0x20000310   Data          52  init.o(.bss)
    FRIC_speed_pid                           0x20000344   Data          52  init.o(.bss)
    hadc1                                    0x20000378   Data          48  adc.o(.bss)
    hdma_adc1                                0x200003a8   Data          68  adc.o(.bss)
    hcan1                                    0x200003ec   Data          40  can.o(.bss)
    hspi1                                    0x20000414   Data          88  spi.o(.bss)
    htim1                                    0x2000046c   Data          64  tim.o(.bss)
    htim6                                    0x200004ac   Data          64  tim.o(.bss)
    huart2                                   0x200004ec   Data          64  usart.o(.bss)
    huart3                                   0x2000052c   Data          64  usart.o(.bss)
    hdma_usart3_rx                           0x2000056c   Data          68  usart.o(.bss)
    htim7                                    0x200005b0   Data          64  stm32f1xx_hal_timebase_tim.o(.bss)
    Butter_80HZ_Parameter_Acce               0x200016e0   Data          24  filter_1.o(.bss)
    Butter_60HZ_Parameter_Acce               0x200016f8   Data          24  filter_1.o(.bss)
    Butter_51HZ_Parameter_Acce               0x20001710   Data          24  filter_1.o(.bss)
    Butter_30HZ_Parameter_Acce               0x20001728   Data          24  filter_1.o(.bss)
    Butter_20HZ_Parameter_Acce               0x20001740   Data          24  filter_1.o(.bss)
    Butter_15HZ_Parameter_Acce               0x20001758   Data          24  filter_1.o(.bss)
    Butter_10HZ_Parameter_Acce               0x20001770   Data          24  filter_1.o(.bss)
    Butter_5HZ_Parameter_Acce                0x20001788   Data          24  filter_1.o(.bss)
    Butter_2HZ_Parameter_Acce                0x200017a0   Data          24  filter_1.o(.bss)
    Accel_BufferData                         0x200017b8   Data          72  filter_1.o(.bss)
    Accel_BufferData_BPF                     0x20001800   Data          72  filter_1.o(.bss)
    Gyro_BufferData_BPF                      0x20001848   Data          72  filter_1.o(.bss)
    Gyro_BufferData                          0x20001890   Data          72  filter_1.o(.bss)
    data                                     0x200018d8   Data          32  bsp_mpu9250.o(.bss)
    Data                                     0x200018f8   Data         124  bsp_mpu9250.o(.bss)
    __initial_sp                             0x20001d78   Data           0  startup_stm32f105xc.o(STACK)



==============================================================================

Memory Map of the image

  Image Entry point : 0x08000151

  Load Region LR_IROM1 (Base: 0x08000000, Size: 0x0000669c, Max: 0x00010000, ABSOLUTE, COMPRESSED[0x00006550])

    Execution Region ER_IROM1 (Base: 0x08000000, Size: 0x000064e8, Max: 0x00010000, ABSOLUTE)

    Base Addr    Size         Type   Attr      Idx    E Section Name        Object

    0x08000000   0x00000150   Data   RO            3    RESET               startup_stm32f105xc.o
    0x08000150   0x00000000   Code   RO         6248  * .ARM.Collect$$$$00000000  mc_w.l(entry.o)
    0x08000150   0x00000004   Code   RO         6610    .ARM.Collect$$$$00000001  mc_w.l(entry2.o)
    0x08000154   0x00000004   Code   RO         6613    .ARM.Collect$$$$00000004  mc_w.l(entry5.o)
    0x08000158   0x00000000   Code   RO         6615    .ARM.Collect$$$$00000008  mc_w.l(entry7b.o)
    0x08000158   0x00000000   Code   RO         6617    .ARM.Collect$$$$0000000A  mc_w.l(entry8b.o)
    0x08000158   0x00000008   Code   RO         6618    .ARM.Collect$$$$0000000B  mc_w.l(entry9a.o)
    0x08000160   0x00000000   Code   RO         6620    .ARM.Collect$$$$0000000D  mc_w.l(entry10a.o)
    0x08000160   0x00000000   Code   RO         6622    .ARM.Collect$$$$0000000F  mc_w.l(entry11a.o)
    0x08000160   0x00000004   Code   RO         6611    .ARM.Collect$$$$00002712  mc_w.l(entry2.o)
    0x08000164   0x00000096   Code   RO         5769    .emb_text           port.o
    0x080001fa   0x00000002   PAD
    0x080001fc   0x00000024   Code   RO            4    .text               startup_stm32f105xc.o
    0x08000220   0x00000062   Code   RO         6251    .text               mc_w.l(uldiv.o)
    0x08000282   0x00000020   Code   RO         6253    .text               mc_w.l(llushr.o)
    0x080002a2   0x00000024   Code   RO         6255    .text               mc_w.l(memcpya.o)
    0x080002c6   0x00000024   Code   RO         6259    .text               mc_w.l(memseta.o)
    0x080002ea   0x000000b0   Code   RO         6528    .text               mf_w.l(fadd.o)
    0x0800039a   0x00000064   Code   RO         6530    .text               mf_w.l(fmul.o)
    0x080003fe   0x0000007c   Code   RO         6532    .text               mf_w.l(fdiv.o)
    0x0800047a   0x00000018   Code   RO         6534    .text               mf_w.l(fscalb.o)
    0x08000492   0x0000014e   Code   RO         6536    .text               mf_w.l(dadd.o)
    0x080005e0   0x000000e4   Code   RO         6538    .text               mf_w.l(dmul.o)
    0x080006c4   0x000000de   Code   RO         6540    .text               mf_w.l(ddiv.o)
    0x080007a2   0x00000012   Code   RO         6542    .text               mf_w.l(fflti.o)
    0x080007b4   0x0000000a   Code   RO         6544    .text               mf_w.l(ffltui.o)
    0x080007be   0x00000022   Code   RO         6546    .text               mf_w.l(dflti.o)
    0x080007e0   0x00000032   Code   RO         6548    .text               mf_w.l(ffixi.o)
    0x08000812   0x00000028   Code   RO         6550    .text               mf_w.l(ffixui.o)
    0x0800083a   0x00000026   Code   RO         6552    .text               mf_w.l(f2d.o)
    0x08000860   0x00000030   Code   RO         6554    .text               mf_w.l(cdrcmple.o)
    0x08000890   0x00000038   Code   RO         6556    .text               mf_w.l(d2f.o)
    0x080008c8   0x00000014   Code   RO         6558    .text               mf_w.l(cfcmple.o)
    0x080008dc   0x00000014   Code   RO         6560    .text               mf_w.l(cfrcmple.o)
    0x080008f0   0x0000001e   Code   RO         6627    .text               mc_w.l(llshl.o)
    0x0800090e   0x00000024   Code   RO         6629    .text               mc_w.l(llsshr.o)
    0x08000932   0x00000000   Code   RO         6638    .text               mc_w.l(iusefp.o)
    0x08000932   0x0000006e   Code   RO         6639    .text               mf_w.l(fepilogue.o)
    0x080009a0   0x0000003c   Code   RO         6641    .text               mf_w.l(frnd.o)
    0x080009dc   0x000000ba   Code   RO         6643    .text               mf_w.l(depilogue.o)
    0x08000a96   0x0000002e   Code   RO         6645    .text               mf_w.l(dscalb.o)
    0x08000ac4   0x000000a2   Code   RO         6647    .text               mf_w.l(dsqrt.o)
    0x08000b66   0x00000002   PAD
    0x08000b68   0x00000024   Code   RO         6653    .text               mc_w.l(init.o)
    0x08000b8c   0x00000056   Code   RO         6663    .text               mc_w.l(__dczerorl2.o)
    0x08000be2   0x00000002   PAD
    0x08000be4   0x0000004c   Code   RO         1395    i.ADC_ConversionStop_Disable  stm32f1xx_hal_adc.o
    0x08000c30   0x00000002   Code   RO         1190    i.BusFault_Handler  stm32f1xx_it.o
    0x08000c32   0x00000068   Code   RO         5958    i.Butterworth_Filter  filter_1.o
    0x08000c9a   0x00000002   PAD
    0x08000c9c   0x0000009c   Code   RO         5959    i.Butterworth_Parameter_Init  filter_1.o
    0x08000d38   0x0000000c   Code   RO         1191    i.CAN1_RX0_IRQHandler  stm32f1xx_it.o
    0x08000d44   0x0000000c   Code   RO         1192    i.CAN1_TX_IRQHandler  stm32f1xx_it.o
    0x08000d50   0x00000098   Code   RO          200    i.Callback_RC_Handle  remote_control.o
    0x08000de8   0x0000000c   Code   RO         1193    i.DMA1_Channel1_IRQHandler  stm32f1xx_it.o
    0x08000df4   0x0000000c   Code   RO         1194    i.DMA1_Channel3_IRQHandler  stm32f1xx_it.o
    0x08000e00   0x0000002a   Code   RO         3883    i.DMA_SetConfig     stm32f1xx_hal_dma.o
    0x08000e2a   0x00000002   Code   RO         1195    i.DebugMon_Handler  stm32f1xx_it.o
    0x08000e2c   0x00000006   Code   RO         1196    i.EXTI1_IRQHandler  stm32f1xx_it.o
    0x08000e32   0x00000002   Code   RO          777    i.Error_Handler     main.o
    0x08000e34   0x000000fc   Code   RO         1401    i.HAL_ADC_ConfigChannel  stm32f1xx_hal_adc.o
    0x08000f30   0x0000011c   Code   RO         1410    i.HAL_ADC_Init      stm32f1xx_hal_adc.o
    0x0800104c   0x0000008c   Code   RO          866    i.HAL_ADC_MspInit   adc.o
    0x080010d8   0x00000024   Code   RO         1672    i.HAL_CAN_ActivateNotification  stm32f1xx_hal_can.o
    0x080010fc   0x000000c8   Code   RO         1673    i.HAL_CAN_AddTxMessage  stm32f1xx_hal_can.o
    0x080011c4   0x0000010c   Code   RO         1674    i.HAL_CAN_ConfigFilter  stm32f1xx_hal_can.o
    0x080012d0   0x00000002   Code   RO         1677    i.HAL_CAN_ErrorCallback  stm32f1xx_hal_can.o
    0x080012d2   0x000000e8   Code   RO         1680    i.HAL_CAN_GetRxMessage  stm32f1xx_hal_can.o
    0x080013ba   0x000001fc   Code   RO         1684    i.HAL_CAN_IRQHandler  stm32f1xx_hal_can.o
    0x080015b6   0x0000011a   Code   RO         1685    i.HAL_CAN_Init      stm32f1xx_hal_can.o
    0x080016d0   0x000000a4   Code   RO          908    i.HAL_CAN_MspInit   can.o
    0x08001774   0x00000002   Code   RO         1692    i.HAL_CAN_RxFifo0FullCallback  stm32f1xx_hal_can.o
    0x08001776   0x00000002   PAD
    0x08001778   0x00000078   Code   RO           13    i.HAL_CAN_RxFifo0MsgPendingCallback  bsp_can.o
    0x080017f0   0x00000002   Code   RO         1694    i.HAL_CAN_RxFifo1FullCallback  stm32f1xx_hal_can.o
    0x080017f2   0x00000002   Code   RO         1695    i.HAL_CAN_RxFifo1MsgPendingCallback  stm32f1xx_hal_can.o
    0x080017f4   0x00000002   Code   RO         1696    i.HAL_CAN_SleepCallback  stm32f1xx_hal_can.o
    0x080017f6   0x00000002   PAD
    0x080017f8   0x00000058   Code   RO         1697    i.HAL_CAN_Start     stm32f1xx_hal_can.o
    0x08001850   0x00000002   Code   RO         1699    i.HAL_CAN_TxMailbox0AbortCallback  stm32f1xx_hal_can.o
    0x08001852   0x00000002   Code   RO         1700    i.HAL_CAN_TxMailbox0CompleteCallback  stm32f1xx_hal_can.o
    0x08001854   0x00000002   Code   RO         1701    i.HAL_CAN_TxMailbox1AbortCallback  stm32f1xx_hal_can.o
    0x08001856   0x00000002   Code   RO         1702    i.HAL_CAN_TxMailbox1CompleteCallback  stm32f1xx_hal_can.o
    0x08001858   0x00000002   Code   RO         1703    i.HAL_CAN_TxMailbox2AbortCallback  stm32f1xx_hal_can.o
    0x0800185a   0x00000002   Code   RO         1704    i.HAL_CAN_TxMailbox2CompleteCallback  stm32f1xx_hal_can.o
    0x0800185c   0x00000002   Code   RO         1706    i.HAL_CAN_WakeUpFromRxMsgCallback  stm32f1xx_hal_can.o
    0x0800185e   0x00000002   PAD
    0x08001860   0x00000248   Code   RO         3889    i.HAL_DMA_IRQHandler  stm32f1xx_hal_dma.o
    0x08001aa8   0x0000007c   Code   RO         3890    i.HAL_DMA_Init      stm32f1xx_hal_dma.o
    0x08001b24   0x00000050   Code   RO         3893    i.HAL_DMA_Start     stm32f1xx_hal_dma.o
    0x08001b74   0x00000002   Code   RO         3818    i.HAL_GPIO_EXTI_Callback  stm32f1xx_hal_gpio.o
    0x08001b76   0x00000002   PAD
    0x08001b78   0x00000018   Code   RO         3819    i.HAL_GPIO_EXTI_IRQHandler  stm32f1xx_hal_gpio.o
    0x08001b90   0x000001e0   Code   RO         3820    i.HAL_GPIO_Init     stm32f1xx_hal_gpio.o
    0x08001d70   0x0000000a   Code   RO         3824    i.HAL_GPIO_WritePin  stm32f1xx_hal_gpio.o
    0x08001d7a   0x00000002   PAD
    0x08001d7c   0x0000000c   Code   RO         3492    i.HAL_GetTick       stm32f1xx_hal.o
    0x08001d88   0x00000010   Code   RO         3498    i.HAL_IncTick       stm32f1xx_hal.o
    0x08001d98   0x00000024   Code   RO         3499    i.HAL_Init          stm32f1xx_hal.o
    0x08001dbc   0x00000074   Code   RO         1320    i.HAL_InitTick      stm32f1xx_hal_timebase_tim.o
    0x08001e30   0x00000048   Code   RO         1296    i.HAL_MspInit       stm32f1xx_hal_msp.o
    0x08001e78   0x0000001a   Code   RO         3980    i.HAL_NVIC_EnableIRQ  stm32f1xx_hal_cortex.o
    0x08001e92   0x00000002   PAD
    0x08001e94   0x00000040   Code   RO         3986    i.HAL_NVIC_SetPriority  stm32f1xx_hal_cortex.o
    0x08001ed4   0x00000024   Code   RO         3987    i.HAL_NVIC_SetPriorityGrouping  stm32f1xx_hal_cortex.o
    0x08001ef8   0x00000188   Code   RO         3763    i.HAL_RCCEx_PeriphCLKConfig  stm32f1xx_hal_rcc_ex.o
    0x08002080   0x0000012c   Code   RO         3656    i.HAL_RCC_ClockConfig  stm32f1xx_hal_rcc.o
    0x080021ac   0x00000040   Code   RO         3660    i.HAL_RCC_GetClockConfig  stm32f1xx_hal_rcc.o
    0x080021ec   0x00000020   Code   RO         3663    i.HAL_RCC_GetPCLK1Freq  stm32f1xx_hal_rcc.o
    0x0800220c   0x00000020   Code   RO         3664    i.HAL_RCC_GetPCLK2Freq  stm32f1xx_hal_rcc.o
    0x0800222c   0x000000c4   Code   RO         3665    i.HAL_RCC_GetSysClockFreq  stm32f1xx_hal_rcc.o
    0x080022f0   0x000003e4   Code   RO         3668    i.HAL_RCC_OscConfig  stm32f1xx_hal_rcc.o
    0x080026d4   0x0000007c   Code   RO         1916    i.HAL_SPI_Init      stm32f1xx_hal_spi.o
    0x08002750   0x00000070   Code   RO         1029    i.HAL_SPI_MspInit   spi.o
    0x080027c0   0x00000002   Code   RO         2904    i.HAL_TIMEx_BreakCallback  stm32f1xx_hal_tim_ex.o
    0x080027c2   0x00000002   Code   RO         2905    i.HAL_TIMEx_CommutCallback  stm32f1xx_hal_tim_ex.o
    0x080027c4   0x00000054   Code   RO         2907    i.HAL_TIMEx_ConfigBreakDeadTime  stm32f1xx_hal_tim_ex.o
    0x08002818   0x00000042   Code   RO         2922    i.HAL_TIMEx_MasterConfigSynchronization  stm32f1xx_hal_tim_ex.o
    0x0800285a   0x00000036   Code   RO         2229    i.HAL_TIM_Base_Init  stm32f1xx_hal_tim.o
    0x08002890   0x0000003c   Code   RO         1071    i.HAL_TIM_Base_MspInit  tim.o
    0x080028cc   0x00000024   Code   RO         2232    i.HAL_TIM_Base_Start  stm32f1xx_hal_tim.o
    0x080028f0   0x00000022   Code   RO         2234    i.HAL_TIM_Base_Start_IT  stm32f1xx_hal_tim.o
    0x08002912   0x0000002c   Code   RO         2235    i.HAL_TIM_Base_Stop  stm32f1xx_hal_tim.o
    0x0800293e   0x00000002   Code   RO         2258    i.HAL_TIM_IC_CaptureCallback  stm32f1xx_hal_tim.o
    0x08002940   0x00000166   Code   RO         2272    i.HAL_TIM_IRQHandler  stm32f1xx_hal_tim.o
    0x08002aa6   0x00000002   PAD
    0x08002aa8   0x0000004c   Code   RO         1072    i.HAL_TIM_MspPostInit  tim.o
    0x08002af4   0x00000002   Code   RO         2275    i.HAL_TIM_OC_DelayElapsedCallback  stm32f1xx_hal_tim.o
    0x08002af6   0x000000d0   Code   RO         2296    i.HAL_TIM_PWM_ConfigChannel  stm32f1xx_hal_tim.o
    0x08002bc6   0x00000036   Code   RO         2299    i.HAL_TIM_PWM_Init  stm32f1xx_hal_tim.o
    0x08002bfc   0x00000028   Code   RO         1074    i.HAL_TIM_PWM_MspInit  tim.o
    0x08002c24   0x00000002   Code   RO         2302    i.HAL_TIM_PWM_PulseFinishedCallback  stm32f1xx_hal_tim.o
    0x08002c26   0x00000002   PAD
    0x08002c28   0x00000038   Code   RO         2304    i.HAL_TIM_PWM_Start  stm32f1xx_hal_tim.o
    0x08002c60   0x00000014   Code   RO          778    i.HAL_TIM_PeriodElapsedCallback  main.o
    0x08002c74   0x00000002   Code   RO         2315    i.HAL_TIM_TriggerCallback  stm32f1xx_hal_tim.o
    0x08002c76   0x00000002   PAD
    0x08002c78   0x000000cc   Code   RO          201    i.HAL_UART_IDLE_IRQHandler  remote_control.o
    0x08002d44   0x00000062   Code   RO         3180    i.HAL_UART_Init     stm32f1xx_hal_uart.o
    0x08002da6   0x00000002   PAD
    0x08002da8   0x00000108   Code   RO         1137    i.HAL_UART_MspInit  usart.o
    0x08002eb0   0x00000012   Code   RO          202    i.HAL_UART_Receive_IT_IDLE  remote_control.o
    0x08002ec2   0x00000002   Code   RO         1197    i.HardFault_Handler  stm32f1xx_it.o
    0x08002ec4   0x00000040   Code   RO         6143    i.IIC_Ack           myiic.o
    0x08002f04   0x00000044   Code   RO         6144    i.IIC_Init          myiic.o
    0x08002f48   0x00000040   Code   RO         6145    i.IIC_NAck          myiic.o
    0x08002f88   0x0000006c   Code   RO         6146    i.IIC_Read_Byte     myiic.o
    0x08002ff4   0x00000060   Code   RO         6147    i.IIC_Send_Byte     myiic.o
    0x08003054   0x00000040   Code   RO         6148    i.IIC_Start         myiic.o
    0x08003094   0x00000040   Code   RO         6149    i.IIC_Stop          myiic.o
    0x080030d4   0x00000058   Code   RO         6150    i.IIC_Wait_Ack      myiic.o
    0x0800312c   0x00000012   Code   RO         6053    i.MPU9250_GETDATA   bsp_mpu9250.o
    0x0800313e   0x00000018   Code   RO         6054    i.MPU9250_INIT      bsp_mpu9250.o
    0x08003156   0x000000a4   Code   RO         5849    i.MPU9250_Init      mpu9250.o
    0x080031fa   0x00000002   PAD
    0x080031fc   0x00000034   Code   RO         5850    i.MPU_Get_Accelerometer  mpu9250.o
    0x08003230   0x00000034   Code   RO         5851    i.MPU_Get_Gyroscope  mpu9250.o
    0x08003264   0x0000003c   Code   RO         5852    i.MPU_Get_Magnetometer  mpu9250.o
    0x080032a0   0x00000044   Code   RO         5854    i.MPU_Read_Byte     mpu9250.o
    0x080032e4   0x0000006c   Code   RO         5855    i.MPU_Read_Len      mpu9250.o
    0x08003350   0x0000000c   Code   RO         5856    i.MPU_Set_Accel_Fsr  mpu9250.o
    0x0800335c   0x0000000c   Code   RO         5857    i.MPU_Set_Gyro_Fsr  mpu9250.o
    0x08003368   0x00000032   Code   RO         5858    i.MPU_Set_LPF       mpu9250.o
    0x0800339a   0x00000030   Code   RO         5859    i.MPU_Set_Rate      mpu9250.o
    0x080033ca   0x00000040   Code   RO         5860    i.MPU_Write_Byte    mpu9250.o
    0x0800340a   0x00000002   PAD
    0x0800340c   0x0000004c   Code   RO          867    i.MX_ADC1_Init      adc.o
    0x08003458   0x00000044   Code   RO          909    i.MX_CAN1_Init      can.o
    0x0800349c   0x0000003c   Code   RO          949    i.MX_DMA_Init       dma.o
    0x080034d8   0x00000028   Code   RO          973    i.MX_FREERTOS_Init  freertos.o
    0x08003500   0x000000f0   Code   RO          841    i.MX_GPIO_Init      gpio.o
    0x080035f0   0x00000048   Code   RO         1030    i.MX_SPI1_Init      spi.o
    0x08003638   0x000000b8   Code   RO         1075    i.MX_TIM1_Init      tim.o
    0x080036f0   0x00000044   Code   RO         1076    i.MX_TIM6_Init      tim.o
    0x08003734   0x00000038   Code   RO         1138    i.MX_USART2_UART_Init  usart.o
    0x0800376c   0x0000003c   Code   RO         1139    i.MX_USART3_UART_Init  usart.o
    0x080037a8   0x00000002   Code   RO         1198    i.MemManage_Handler  stm32f1xx_it.o
    0x080037aa   0x00000002   Code   RO         1199    i.NMI_Handler       stm32f1xx_it.o
    0x080037ac   0x00000024   Code   RO          490    i.PWM_SetDuty       fric.o
    0x080037d0   0x000000b4   Code   RO         5963    i.Set_Cutoff_Frequency  filter_1.o
    0x08003884   0x00000008   Code   RO          974    i.StartDefaultTask  freertos.o
    0x0800388c   0x0000002c   Code   RO         5770    i.SysTick_Handler   port.o
    0x080038b8   0x0000006c   Code   RO          779    i.SystemClock_Config  main.o
    0x08003924   0x00000054   Code   RO         4481    i.SystemInit        system_stm32f1xx.o
    0x08003978   0x0000000c   Code   RO         1200    i.TIM6_IRQHandler   stm32f1xx_it.o
    0x08003984   0x0000001c   Code   RO         1201    i.TIM7_IRQHandler   stm32f1xx_it.o
    0x080039a0   0x0000007c   Code   RO         2317    i.TIM_Base_SetConfig  stm32f1xx_hal_tim.o
    0x08003a1c   0x0000001a   Code   RO         2318    i.TIM_CCxChannelCmd  stm32f1xx_hal_tim.o
    0x08003a36   0x00000002   PAD
    0x08003a38   0x00000050   Code   RO         2330    i.TIM_OC1_SetConfig  stm32f1xx_hal_tim.o
    0x08003a88   0x00000058   Code   RO         2331    i.TIM_OC2_SetConfig  stm32f1xx_hal_tim.o
    0x08003ae0   0x00000058   Code   RO         2332    i.TIM_OC3_SetConfig  stm32f1xx_hal_tim.o
    0x08003b38   0x00000044   Code   RO         2333    i.TIM_OC4_SetConfig  stm32f1xx_hal_tim.o
    0x08003b7c   0x00000054   Code   RO          544    i.Task_Init         init.o
    0x08003bd0   0x00000078   Code   RO          203    i.UART_Receive_DMA_NoIT  remote_control.o
    0x08003c48   0x000000b8   Code   RO         3206    i.UART_SetConfig    stm32f1xx_hal_uart.o
    0x08003d00   0x0000000c   Code   RO         1202    i.USART3_IRQHandler  stm32f1xx_it.o
    0x08003d0c   0x00000002   Code   RO         1203    i.UsageFault_Handler  stm32f1xx_it.o
    0x08003d0e   0x00000002   PAD
    0x08003d10   0x000000ec   Code   RO          545    i.User_Init         init.o
    0x08003dfc   0x00000028   Code   RO         6586    i.__ARM_fpclassify  m_ws.l(fpclassify.o)
    0x08003e24   0x00000026   Code   RO         6588    i.__ARM_fpclassifyf  m_ws.l(fpclassifyf.o)
    0x08003e4a   0x00000020   Code   RO         3993    i.__NVIC_SetPriority  stm32f1xx_hal_cortex.o
    0x08003e6a   0x000000aa   Code   RO         6604    i.__kernel_poly     m_ws.l(poly.o)
    0x08003f14   0x00000006   Code   RO         6573    i.__mathlib_dbl_infnan  m_ws.l(dunder.o)
    0x08003f1a   0x00000004   Code   RO         6574    i.__mathlib_dbl_infnan2  m_ws.l(dunder.o)
    0x08003f1e   0x0000000c   Code   RO         6575    i.__mathlib_dbl_invalid  m_ws.l(dunder.o)
    0x08003f2a   0x00000002   PAD
    0x08003f2c   0x00000010   Code   RO         6578    i.__mathlib_dbl_underflow  m_ws.l(dunder.o)
    0x08003f3c   0x00000006   Code   RO         6591    i.__mathlib_flt_infnan  m_ws.l(funder.o)
    0x08003f42   0x00000008   Code   RO         6593    i.__mathlib_flt_invalid  m_ws.l(funder.o)
    0x08003f4a   0x0000000a   Code   RO         6596    i.__mathlib_flt_underflow  m_ws.l(funder.o)
    0x08003f54   0x00000168   Code   RO         6607    i.__mathlib_rredf2  m_ws.l(rredf.o)
    0x080040bc   0x0000000e   Code   RO         6657    i.__scatterload_copy  mc_w.l(handlers.o)
    0x080040ca   0x00000002   Code   RO         6658    i.__scatterload_null  mc_w.l(handlers.o)
    0x080040cc   0x0000000e   Code   RO         6659    i.__scatterload_zeroinit  mc_w.l(handlers.o)
    0x080040da   0x00000002   PAD
    0x080040dc   0x0000000c   Code   RO         6633    i.__set_errno       mc_w.l(errno.o)
    0x080040e8   0x00000270   Code   RO         6207    i.asin              m_ws.l(asin.o)
    0x08004358   0x00000220   Code   RO         6563    i.atan              m_ws.l(atan.o)
    0x08004578   0x00000180   Code   RO         6217    i.atan2             m_ws.l(atan2.o)
    0x080046f8   0x0000003a   Code   RO           14    i.can_user_init     bsp_can.o
    0x08004732   0x00000002   PAD
    0x08004734   0x0000000c   Code   RO          676    i.configureTimerForRunTimeStats  test_task .o
    0x08004740   0x0000017c   Code   RO         6225    i.cosf              m_ws.l(cosf.o)
    0x080048bc   0x0000001a   Code   RO          457    i.delayXms          tim_delay.o
    0x080048d6   0x00000002   PAD
    0x080048d8   0x00000034   Code   RO          458    i.delayXus          tim_delay.o
    0x0800490c   0x00000018   Code   RO          491    i.fric1_on          fric.o
    0x08004924   0x00000018   Code   RO          492    i.fric2_on          fric.o
    0x0800493c   0x00000028   Code   RO          493    i.fric_PWM_configuration  fric.o
    0x08004964   0x00000024   Code   RO          494    i.fric_off          fric.o
    0x08004988   0x0000000c   Code   RO          677    i.getRunTimeCounterValue  test_task .o
    0x08004994   0x00000168   Code   RO          749    i.holder_Task       holder_task.o
    0x08004afc   0x0000015c   Code   RO         6055    i.init_quaternion   bsp_mpu9250.o
    0x08004c58   0x00000034   Code   RO         6056    i.inv_sqrt          bsp_mpu9250.o
    0x08004c8c   0x00000010   Code   RO          417    i.laser_off         laser.o
    0x08004c9c   0x00000010   Code   RO          418    i.laser_on          laser.o
    0x08004cac   0x0000004e   Code   RO          780    i.main              main.o
    0x08004cfa   0x0000000c   Code   RO         5341    i.makeFreeRtosPriority  cmsis_os.o
    0x08004d06   0x00000002   PAD
    0x08004d08   0x0000059c   Code   RO         6057    i.mpu9250_ahrs_update  bsp_mpu9250.o
    0x080052a4   0x00000144   Code   RO         6058    i.mpu9250_attitude_update  bsp_mpu9250.o
    0x080053e8   0x00000178   Code   RO         6059    i.mpu9250_getdata   bsp_mpu9250.o
    0x08005560   0x0000009c   Code   RO         6060    i.mpu_offset_call   bsp_mpu9250.o
    0x080055fc   0x0000000e   Code   RO         5343    i.osDelay           cmsis_os.o
    0x0800560a   0x0000000a   Code   RO         5346    i.osKernelStart     cmsis_os.o
    0x08005614   0x0000002e   Code   RO         5380    i.osThreadCreate    cmsis_os.o
    0x08005642   0x000000a8   Code   RO          164    i.pid_calc          pid.o
    0x080056ea   0x0000000c   Code   RO          165    i.pid_init          pid.o
    0x080056f6   0x00000002   PAD
    0x080056f8   0x00000070   Code   RO         4989    i.prvAddCurrentTaskToDelayedList  tasks.o
    0x08005768   0x000000d0   Code   RO         4990    i.prvAddNewTaskToReadyList  tasks.o
    0x08005838   0x00000014   Code   RO         4991    i.prvDeleteTCB      tasks.o
    0x0800584c   0x0000004c   Code   RO         5708    i.prvHeapInit       heap_4.o
    0x08005898   0x00000060   Code   RO         4992    i.prvIdleTask       tasks.o
    0x080058f8   0x0000009e   Code   RO         4993    i.prvInitialiseNewTask  tasks.o
    0x08005996   0x00000002   PAD
    0x08005998   0x0000004c   Code   RO         5709    i.prvInsertBlockIntoFreeList  heap_4.o
    0x080059e4   0x00000020   Code   RO         4995    i.prvResetNextTaskUnblockTime  tasks.o
    0x08005a04   0x00000028   Code   RO         5771    i.prvTaskExitError  port.o
    0x08005a2c   0x000000d8   Code   RO         5710    i.pvPortMalloc      heap_4.o
    0x08005b04   0x00000024   Code   RO         5772    i.pxPortInitialiseStack  port.o
    0x08005b28   0x00000032   Code   RO          320    i.ramp_calc         user_lib.o
    0x08005b5a   0x0000000e   Code   RO          321    i.ramp_init         user_lib.o
    0x08005b68   0x00000048   Code   RO           15    i.set_holdermotor_voltage  bsp_can.o
    0x08005bb0   0x0000003c   Code   RO          721    i.shoot_Task        shoot_task.o
    0x08005bec   0x0000004c   Code   RO         6233    i.sqrt              m_ws.l(sqrt.o)
    0x08005c38   0x00000174   Code   RO         6241    i.tanf              m_ws.l(tanf.o)
    0x08005dac   0x00000038   Code   RO          678    i.test_Task         test_task .o
    0x08005de4   0x00000026   Code   RO         4625    i.uxListRemove      list.o
    0x08005e0a   0x00000016   Code   RO         4626    i.vListInitialise   list.o
    0x08005e20   0x00000006   Code   RO         4627    i.vListInitialiseItem  list.o
    0x08005e26   0x00000030   Code   RO         4628    i.vListInsert       list.o
    0x08005e56   0x00000018   Code   RO         4629    i.vListInsertEnd    list.o
    0x08005e6e   0x00000002   PAD
    0x08005e70   0x00000040   Code   RO         5774    i.vPortEnterCritical  port.o
    0x08005eb0   0x00000028   Code   RO         5775    i.vPortExitCritical  port.o
    0x08005ed8   0x0000005c   Code   RO         5711    i.vPortFree         heap_4.o
    0x08005f34   0x00000024   Code   RO         5776    i.vPortSetupTimerInterrupt  port.o
    0x08005f58   0x0000004c   Code   RO         5006    i.vTaskDelay        tasks.o
    0x08005fa4   0x0000006c   Code   RO         5023    i.vTaskStartScheduler  tasks.o
    0x08006010   0x00000010   Code   RO         5025    i.vTaskSuspendAll   tasks.o
    0x08006020   0x00000074   Code   RO         5026    i.vTaskSwitchContext  tasks.o
    0x08006094   0x000000a8   Code   RO         5778    i.xPortStartScheduler  port.o
    0x0800613c   0x00000056   Code   RO         5028    i.xTaskCreate       tasks.o
    0x08006192   0x00000002   PAD
    0x08006194   0x000000c8   Code   RO         5035    i.xTaskIncrementTick  tasks.o
    0x0800625c   0x000000c4   Code   RO         5041    i.xTaskResumeAll    tasks.o
    0x08006320   0x0000003c   Data   RO          547    .constdata          init.o
    0x0800635c   0x00000014   Data   RO          977    .constdata          freertos.o
    0x08006370   0x00000010   Data   RO         4482    .constdata          system_stm32f1xx.o
    0x08006380   0x00000008   Data   RO         4483    .constdata          system_stm32f1xx.o
    0x08006388   0x00000050   Data   RO         6208    .constdata          m_ws.l(asin.o)
    0x080063d8   0x00000098   Data   RO         6564    .constdata          m_ws.l(atan.o)
    0x08006470   0x00000008   Data   RO         6606    .constdata          m_ws.l(qnan.o)
    0x08006478   0x00000020   Data   RO         6608    .constdata          m_ws.l(rredf.o)
    0x08006498   0x00000022   Data   RO          548    .conststring        init.o
    0x080064ba   0x00000002   PAD
    0x080064bc   0x0000000c   Data   RO          978    .conststring        freertos.o
    0x080064c8   0x00000020   Data   RO         6655    Region$$Table       anon$$obj.o


    Execution Region RW_IRAM1 (Base: 0x20000000, Size: 0x00001d78, Max: 0x00010000, ABSOLUTE, COMPRESSED[0x00000068])

    Base Addr    Size         Type   Attr      Idx    E Section Name        Object

    0x20000000   0x00000056   Data   RW           16    .data               bsp_can.o
    0x20000056   0x00000002   PAD
    0x20000058   0x00000008   Data   RW          206    .data               remote_control.o
    0x20000060   0x0000000c   Data   RW          550    .data               init.o
    0x2000006c   0x00000010   Data   RW          680    .data               test_task .o
    0x2000007c   0x00000006   Data   RW          750    .data               holder_task.o
    0x20000082   0x00000002   PAD
    0x20000084   0x00000004   Data   RW          979    .data               freertos.o
    0x20000088   0x0000000c   Data   RW         3506    .data               stm32f1xx_hal.o
    0x20000094   0x00000004   Data   RW         4484    .data               system_stm32f1xx.o
    0x20000098   0x00000044   Data   RW         5044    .data               tasks.o
    0x200000dc   0x00000018   Data   RW         5716    .data               heap_4.o
    0x200000f4   0x0000000c   Data   RW         5779    .data               port.o
    0x20000100   0x00000018   Data   RW         5984    .data               filter_1.o
    0x20000118   0x00000018   Data   RW         5985    .data               filter_1.o
    0x20000130   0x00000018   Data   RW         5987    .data               filter_1.o
    0x20000148   0x00000018   Data   RW         5988    .data               filter_1.o
    0x20000160   0x00000050   Data   RW         6064    .data               bsp_mpu9250.o
    0x200001b0   0x00000004   Data   RW         6634    .data               mc_w.l(errno.o)
    0x200001b4   0x00000064   Zero   RW          204    .bss                remote_control.o
    0x20000218   0x00000014   Zero   RW          205    .bss                remote_control.o
    0x2000022c   0x00000014   Zero   RW          324    .bss                user_lib.o
    0x20000240   0x00000138   Zero   RW          546    .bss                init.o
    0x20000378   0x00000074   Zero   RW          868    .bss                adc.o
    0x200003ec   0x00000028   Zero   RW          910    .bss                can.o
    0x20000414   0x00000058   Zero   RW         1031    .bss                spi.o
    0x2000046c   0x00000080   Zero   RW         1077    .bss                tim.o
    0x200004ec   0x000000c4   Zero   RW         1141    .bss                usart.o
    0x200005b0   0x00000040   Zero   RW         1323    .bss                stm32f1xx_hal_timebase_tim.o
    0x200005f0   0x000000f0   Zero   RW         5043    .bss                tasks.o
    0x200006e0   0x00001000   Zero   RW         5715    .bss                heap_4.o
    0x200016e0   0x000000d8   Zero   RW         5968    .bss                filter_1.o
    0x200017b8   0x00000048   Zero   RW         5976    .bss                filter_1.o
    0x20001800   0x00000048   Zero   RW         5977    .bss                filter_1.o
    0x20001848   0x00000048   Zero   RW         5978    .bss                filter_1.o
    0x20001890   0x00000048   Zero   RW         5979    .bss                filter_1.o
    0x200018d8   0x00000020   Zero   RW         6061    .bss                bsp_mpu9250.o
    0x200018f8   0x0000007c   Zero   RW         6062    .bss                bsp_mpu9250.o
    0x20001974   0x00000004   PAD
    0x20001978   0x00000400   Zero   RW            1    STACK               startup_stm32f105xc.o


==============================================================================

Image component sizes


      Code (inc. data)   RO Data    RW Data    ZI Data      Debug   Object Name

       216         28          0          0        116       1563   adc.o
       250         18          0         86          0     632699   bsp_can.o
      2734        172          0         80        156       7958   bsp_mpu9250.o
       232         28          0          0         40       1533   can.o
        82          0          0          0          0      12357   cmsis_os.o
        60          4          0          0          0        678   dma.o
         0          0          0          0          0       9448   event_groups.o
       440         50          0         96        504       5014   filter_1.o
        48         10         32          4          0       1526   freertos.o
       160         22          0          0          0       2624   fric.o
       240         18          0          0          0        907   gpio.o
       460         24          0         24       4096       7007   heap_4.o
       360         58          0          6          0        829   holder_task.o
       320         80         94         12        312      18406   init.o
        32         12          0          0          0        731   laser.o
       138          0          0          0          0       3198   list.o
       208         10          0          0          0       2420   main.o
       690         14          0          0          0       6352   mpu9250.o
       616         72          0          0          0       4286   myiic.o
       180          0          0          0          0       1974   pid.o
       578         60          0         12          0       9984   port.o
       494         20          0          8        120       8909   remote_control.o
        60         12          0          0          0        433   shoot_task.o
       184         26          0          0         88       1501   spi.o
        36          8        336          0       1024        772   startup_stm32f105xc.o
        64         14          0         12          0       5518   stm32f1xx_hal.o
       612         24          0          0          0       3160   stm32f1xx_hal_adc.o
      1638          6          0          0          0      13011   stm32f1xx_hal_can.o
       158         14          0          0          0      28018   stm32f1xx_hal_cortex.o
       830         44          0          0          0       3428   stm32f1xx_hal_dma.o
       516         40          0          0          0       3844   stm32f1xx_hal_gpio.o
        72         10          0          0          0        778   stm32f1xx_hal_msp.o
      1620        124          0          0          0       5877   stm32f1xx_hal_rcc.o
       392         18          0          0          0       1488   stm32f1xx_hal_rcc_ex.o
       124          0          0          0          0       1135   stm32f1xx_hal_spi.o
      1326         42          0          0          0      12517   stm32f1xx_hal_tim.o
       154          0          0          0          0       2977   stm32f1xx_hal_tim_ex.o
       116         16          0          0         64       1299   stm32f1xx_hal_timebase_tim.o
       282          6          0          0          0       1824   stm32f1xx_hal_uart.o
       118         46          0          0          0       5549   stm32f1xx_it.o
        84         16         24          4          0       1067   system_stm32f1xx.o
      1424        106          0         68        240      14430   tasks.o
        80         24          0         16          0       2195   test_task .o
       428         50          0          0        128       3175   tim.o
        78          4          0          0          0        998   tim_delay.o
       380         54          0          0        196       2342   usart.o
        64          0          0          0         20       2187   user_lib.o

    ----------------------------------------------------------------------
     19424       1404        520        432       7108     859926   Object Totals
         0          0         32          0          0          0   (incl. Generated)
        46          0          2          4          4          0   (incl. Padding)

    ----------------------------------------------------------------------

      Code (inc. data)   RO Data    RW Data    ZI Data      Debug   Library Member Name

       624         52         80          0          0        168   asin.o
       544         70        152          0          0        124   atan.o
       384         38          0          0          0        144   atan2.o
       380         52          0          0          0        124   cosf.o
        38          6          0          0          0        272   dunder.o
        40          0          0          0          0         68   fpclassify.o
        38          0          0          0          0         68   fpclassifyf.o
        24          0          0          0          0        204   funder.o
       170          0          0          0          0         96   poly.o
         0          0          8          0          0          0   qnan.o
       360         16         32          0          0         88   rredf.o
        76          0          0          0          0         84   sqrt.o
       372         58          0          0          0        124   tanf.o
        86          0          0          0          0          0   __dczerorl2.o
         0          0          0          0          0          0   entry.o
         0          0          0          0          0          0   entry10a.o
         0          0          0          0          0          0   entry11a.o
         8          4          0          0          0          0   entry2.o
         4          0          0          0          0          0   entry5.o
         0          0          0          0          0          0   entry7b.o
         0          0          0          0          0          0   entry8b.o
         8          4          0          0          0          0   entry9a.o
        12          6          0          4          0         68   errno.o
        30          0          0          0          0          0   handlers.o
        36          8          0          0          0         68   init.o
         0          0          0          0          0          0   iusefp.o
        30          0          0          0          0         68   llshl.o
        36          0          0          0          0         68   llsshr.o
        32          0          0          0          0         68   llushr.o
        36          0          0          0          0         68   memcpya.o
        36          0          0          0          0        108   memseta.o
        98          0          0          0          0         92   uldiv.o
        48          0          0          0          0         68   cdrcmple.o
        20          0          0          0          0         68   cfcmple.o
        20          0          0          0          0         68   cfrcmple.o
        56          0          0          0          0         88   d2f.o
       334          0          0          0          0        148   dadd.o
       222          0          0          0          0        100   ddiv.o
       186          0          0          0          0        176   depilogue.o
        34          0          0          0          0         76   dflti.o
       228          0          0          0          0         96   dmul.o
        46          0          0          0          0         80   dscalb.o
       162          0          0          0          0        100   dsqrt.o
        38          0          0          0          0         68   f2d.o
       176          0          0          0          0        140   fadd.o
       124          0          0          0          0         88   fdiv.o
       110          0          0          0          0        168   fepilogue.o
        50          0          0          0          0         68   ffixi.o
        40          0          0          0          0         68   ffixui.o
        18          0          0          0          0         68   fflti.o
        10          0          0          0          0         68   ffltui.o
       100          0          0          0          0         76   fmul.o
        60          0          0          0          0         76   frnd.o
        24          0          0          0          0         68   fscalb.o

    ----------------------------------------------------------------------
      5616        314        272          4          0       4196   Library Totals
         8          0          0          0          0          0   (incl. Padding)

    ----------------------------------------------------------------------

      Code (inc. data)   RO Data    RW Data    ZI Data      Debug   Library Name

      3050        292        272          0          0       1564   m_ws.l
       452         22          0          4          0        608   mc_w.l
      2106          0          0          0          0       2024   mf_w.l

    ----------------------------------------------------------------------
      5616        314        272          4          0       4196   Library Totals

    ----------------------------------------------------------------------

==============================================================================


      Code (inc. data)   RO Data    RW Data    ZI Data      Debug   

     25040       1718        792        436       7108     851874   Grand Totals
     25040       1718        792        104       7108     851874   ELF Image Totals (compressed)
     25040       1718        792        104          0          0   ROM Totals

==============================================================================

    Total RO  Size (Code + RO Data)                25832 (  25.23kB)
    Total RW  Size (RW Data + ZI Data)              7544 (   7.37kB)
    Total ROM Size (Code + RO Data + RW Data)      25936 (  25.33kB)

==============================================================================

